 
       ╔════════════════════════════════════════════╗
       ║            ___ ___ ___ ___ _____           ║
       ║           / __| _ \ __/ __|_   _|          ║
       ║          | (__|   / _|\__ \ | |            ║
       ║           \___|_|_\___|___/ |_|            ║
       ║                                            ║
       ║  Conformer-Rotamer Ensemble Sampling Tool  ║
       ║          based on the xTB methods          ║
       ║                                            ║
       ╚════════════════════════════════════════════╝
       Version 3.0.2, Sun Aug 25 20:02:36 UTC 2024
       commit (af7eb99) compiled by 'runner@fv-az1984-471'
 
   Cite work conducted with this code as

   • P.Pracht, F.Bohle, S.Grimme, PCCP, 2020, 22, 7169-7192.
   • S.Grimme, JCTC, 2019, 15, 2847-2862.
   • P.Pracht, S.Grimme, C.Bannwarth, F.Bohle, S.Ehlert,
     G.Feldmann, J.Gorges, M.Müller, T.Neudecker, C.Plett,
     S.Spicher, P.Steinbach, P.Wesołowski, F.Zeller,
     J. Chem. Phys., 2024, 160, 114110.

   for works involving QCG cite

   • S.Spicher, C.Plett, P.Pracht, A.Hansen, S.Grimme,
     JCTC, 2022, 18 (5), 3174-3189.
   • C.Plett, S. Grimme,
     Angew. Chem. Int. Ed. 2023, 62, e202214477.

   for works involving MECP screening cite

   • P.Pracht, C.Bannwarth, JCTC, 2022, 18 (10), 6370-6385.
 
   Original code
     P.Pracht, S.Grimme, Universität Bonn, MCTC
   with help from (alphabetical order):
     C.Bannwarth, F.Bohle, S.Ehlert, G.Feldmann, J.Gorges,
     S.Grimme, C.Plett, P.Pracht, S.Spicher, P.Steinbach,
     P.Wesolowski, F.Zeller
 
   Online documentation is available at
   https://crest-lab.github.io/crest-docs/
 
   This program is distributed in the hope that it will be useful,
   but WITHOUT ANY WARRANTY; without even the implied warranty of
   MERCHANTABILITY or FITNESS FOR A PARTICULAR PURPOSE. See the
   GNU Lesser General Public License (LGPL) for more details.

 Command line input:
 $ crest BBEAQIROQSPTKN-UHFFFAOYSA-N-1.xyz -gfnff -entropy -T 16 -chrg 0 -uhf 0

  --gfnff : Use of GFN-FF requested.
  -entropy : enhanced ensemble entropy calculation
  -T 16 (CPUs/Threads selected)
  -chrg 0
  -uhf 0
Parsing xtb-type input file bondlengths to set up calculators ...

> Setting up backup calculator ... done.
 ----------------
 Calculation info
 ----------------
> User-defined calculation level:
 : GFN-FF calculation via GFNFF lib
 :   Molecular charge    : 0
 
> User-defined constraints:
  # bond constraints    : 37
 
 
 -----------------------------
 Initial Geometry Optimization
 -----------------------------
 Geometry successfully optimized.
 
          ┍━━━━━━━━━━━━━━━━━━━━━━━━━━━━━━━━━━━━━━━━━━━━━━━━━┑
          │              CREST ENTROPY SAMPLING             │
          ┕━━━━━━━━━━━━━━━━━━━━━━━━━━━━━━━━━━━━━━━━━━━━━━━━━┙
 
 please cite:
 • P.Pracht, S.Grimme, Chem. Sci., 2021, 12, 6551-6568.
 • J.Gorges, S.Grimme, A.Hansen, P.Pracht, PCCP, 2022,24, 12249-12259.
 
 Input structure:
  26
 
 C         -3.4987116486       -0.0000000000        0.0000000000
 C         -2.8164453016        1.1998721504        0.0000000000
 C         -1.4211634471        1.2273095825       -0.0000000000
 C         -0.6767823282        2.4527153143       -0.0000000000
 C          0.6767823282        2.4527153143       -0.0000000000
 C          1.4211634471        1.2273095825       -0.0000000000
 C          2.8164453016        1.1998721504       -0.0000000000
 C          3.4987116486        0.0000000000       -0.0000000000
 C          2.8164453016       -1.1998721504       -0.0000000000
 C          1.4211634471       -1.2273095825       -0.0000000000
 C          0.6767823282       -2.4527153143       -0.0000000000
 C         -0.6767823282       -2.4527153143       -0.0000000000
 C         -1.4211634471       -1.2273095825       -0.0000000000
 C         -2.8164453016       -1.1998721504       -0.0000000000
 C         -0.7135358378       -0.0000000000       -0.0000000000
 C          0.7135358378       -0.0000000000       -0.0000000000
 H         -4.5774867218       -0.0000000000        0.0000000000
 H         -3.3581275848        2.1312755492       -0.0000000000
 H         -1.2270548025        3.3808126409       -0.0000000000
 H          1.2270548025        3.3808126409        0.0000000000
 H          3.3581275848        2.1312755492        0.0000000000
 H          4.5774867218        0.0000000000       -0.0000000000
 H          3.3581275848       -2.1312755492        0.0000000000
 H          1.2270548025       -3.3808126409        0.0000000000
 H         -1.2270548025       -3.3808126409       -0.0000000000
 H         -3.3581275848       -2.1312755492        0.0000000000
 
 ------------------------------------------------
 Generating MTD length from a flexibility measure
 ------------------------------------------------
 Calculating GFN0-xTB WBOs   ... done.
 Calculating NCI flexibility ... done.
     covalent flexibility measure :   0.020
 non-covalent flexibility measure :   0.714
 flexibility measure :   0.060
 t(MTD) / ps    :     5.0
 Σ(t(MTD)) / ps :   120.0 (24 MTDs)
 
 -----------------------------------
 Starting trial MTD to test settings
 -----------------------------------
 Trial MTD 1 runtime (1.0 ps) ...        0 min,  0.395 sec
 Estimated runtime for one MTD (5.0 ps) on a single thread: 2 sec
 Estimated runtime for a batch of 24 MTDs on 16 threads: 4 sec
 
******************************************************************************************
**                         N E W   I T E R A T I O N  C Y C L E                         **
******************************************************************************************
 
 ------------------------------
 Meta-Dynamics Iteration 1
 ------------------------------
 list of applied metadynamics Vbias parameters:
$metadyn    0.19500   1.618
$metadyn    0.09750   1.618
$metadyn    0.04875   1.618
$metadyn    0.02438   1.618
$metadyn    0.19500   1.000
$metadyn    0.09750   1.000
$metadyn    0.04875   1.000
$metadyn    0.02438   1.000
$metadyn    0.19500   0.618
$metadyn    0.09750   0.618
$metadyn    0.04875   0.618
$metadyn    0.02438   0.618
$metadyn    0.19500   0.382
$metadyn    0.09750   0.382
$metadyn    0.04875   0.382
$metadyn    0.02438   0.382
$metadyn    0.19500   0.236
$metadyn    0.09750   0.236
$metadyn    0.04875   0.236
$metadyn    0.02438   0.236
$metadyn    0.19500   0.146
$metadyn    0.09750   0.146
$metadyn    0.04875   0.146
$metadyn    0.02438   0.146
 
  ::::::::::::: starting MTD   20 :::::::::::::
  |   MD simulation time   :     5.0 ps       |
  |   target T             :   300.0 K        |
  |   timestep dt          :     1.5 fs       |
  |   dump interval(trj)   :   100.0 fs       |
  |   SHAKE algorithm      : true (all bonds) |
  |   dump interval(Vbias) :    1.00 ps       |
  |   Vbias prefactor (k)  :  0.0244 Eh       |
  |   Vbias exponent (α)   :  0.2361 bohr⁻²   |
  ::::::::::::: starting MTD   11 :::::::::::::
  |   MD simulation time   :     5.0 ps       |
  |   target T             :   300.0 K        |
  |   timestep dt          :     1.5 fs       |
  |   dump interval(trj)   :   100.0 fs       |
  |   SHAKE algorithm      : true (all bonds) |
  |   dump interval(Vbias) :    1.00 ps       |
  |   Vbias prefactor (k)  :  0.0488 Eh       |
  |   Vbias exponent (α)   :  0.6180 bohr⁻²   |
  ::::::::::::: starting MTD    1 :::::::::::::
  |   MD simulation time   :     5.0 ps       |
  |   target T             :   300.0 K        |
  |   timestep dt          :     1.5 fs       |
  |   dump interval(trj)   :   100.0 fs       |
  |   SHAKE algorithm      : true (all bonds) |
  |   dump interval(Vbias) :    1.00 ps       |
  |   Vbias prefactor (k)  :  0.1950 Eh       |
  |   Vbias exponent (α)   :  1.6180 bohr⁻²   |
  ::::::::::::: starting MTD   15 :::::::::::::
  |   MD simulation time   :     5.0 ps       |
  |   target T             :   300.0 K        |
  |   timestep dt          :     1.5 fs       |
  |   dump interval(trj)   :   100.0 fs       |
  |   SHAKE algorithm      : true (all bonds) |
  |   dump interval(Vbias) :    1.00 ps       |
  |   Vbias prefactor (k)  :  0.0488 Eh       |
  |   Vbias exponent (α)   :  0.3820 bohr⁻²   |
  ::::::::::::: starting MTD    9 :::::::::::::
  |   MD simulation time   :     5.0 ps       |
  |   target T             :   300.0 K        |
  |   timestep dt          :     1.5 fs       |
  |   dump interval(trj)   :   100.0 fs       |
  |   SHAKE algorithm      : true (all bonds) |
  |   dump interval(Vbias) :    1.00 ps       |
  |   Vbias prefactor (k)  :  0.1950 Eh       |
  |   Vbias exponent (α)   :  0.6180 bohr⁻²   |
  ::::::::::::: starting MTD   23 :::::::::::::
  |   MD simulation time   :     5.0 ps       |
  |   target T             :   300.0 K        |
  |   timestep dt          :     1.5 fs       |
  |   dump interval(trj)   :   100.0 fs       |
  |   SHAKE algorithm      : true (all bonds) |
  |   dump interval(Vbias) :    1.00 ps       |
  |   Vbias prefactor (k)  :  0.0488 Eh       |
  |   Vbias exponent (α)   :  0.1459 bohr⁻²   |
  ::::::::::::: starting MTD   21 :::::::::::::
  |   MD simulation time   :     5.0 ps       |
  |   target T             :   300.0 K        |
  |   timestep dt          :     1.5 fs       |
  |   dump interval(trj)   :   100.0 fs       |
  |   SHAKE algorithm      : true (all bonds) |
  |   dump interval(Vbias) :    1.00 ps       |
  |   Vbias prefactor (k)  :  0.1950 Eh       |
  |   Vbias exponent (α)   :  0.1459 bohr⁻²   |
  ::::::::::::: starting MTD   17 :::::::::::::
  |   MD simulation time   :     5.0 ps       |
  |   target T             :   300.0 K        |
  |   timestep dt          :     1.5 fs       |
  |   dump interval(trj)   :   100.0 fs       |
  |   SHAKE algorithm      : true (all bonds) |
  |   dump interval(Vbias) :    1.00 ps       |
  |   Vbias prefactor (k)  :  0.1950 Eh       |
  |   Vbias exponent (α)   :  0.2361 bohr⁻²   |
  ::::::::::::: starting MTD   18 :::::::::::::
  |   MD simulation time   :     5.0 ps       |
  |   target T             :   300.0 K        |
  |   timestep dt          :     1.5 fs       |
  |   dump interval(trj)   :   100.0 fs       |
  |   SHAKE algorithm      : true (all bonds) |
  |   dump interval(Vbias) :    1.00 ps       |
  |   Vbias prefactor (k)  :  0.0975 Eh       |
  |   Vbias exponent (α)   :  0.2361 bohr⁻²   |
  ::::::::::::: starting MTD   24 :::::::::::::
  |   MD simulation time   :     5.0 ps       |
  |   target T             :   300.0 K        |
  |   timestep dt          :     1.5 fs       |
  |   dump interval(trj)   :   100.0 fs       |
  |   SHAKE algorithm      : true (all bonds) |
  |   dump interval(Vbias) :    1.00 ps       |
  |   Vbias prefactor (k)  :  0.0244 Eh       |
  |   Vbias exponent (α)   :  0.1459 bohr⁻²   |
  ::::::::::::: starting MTD   19 :::::::::::::
  |   MD simulation time   :     5.0 ps       |
  |   target T             :   300.0 K        |
  |   timestep dt          :     1.5 fs       |
  |   dump interval(trj)   :   100.0 fs       |
  |   SHAKE algorithm      : true (all bonds) |
  |   dump interval(Vbias) :    1.00 ps       |
  |   Vbias prefactor (k)  :  0.0488 Eh       |
  |   Vbias exponent (α)   :  0.2361 bohr⁻²   |
  ::::::::::::: starting MTD   22 :::::::::::::
  |   MD simulation time   :     5.0 ps       |
  |   target T             :   300.0 K        |
  |   timestep dt          :     1.5 fs       |
  |   dump interval(trj)   :   100.0 fs       |
  |   SHAKE algorithm      : true (all bonds) |
  |   dump interval(Vbias) :    1.00 ps       |
  |   Vbias prefactor (k)  :  0.0975 Eh       |
  |   Vbias exponent (α)   :  0.1459 bohr⁻²   |
  ::::::::::::: starting MTD    7 :::::::::::::
  |   MD simulation time   :     5.0 ps       |
  |   target T             :   300.0 K        |
  |   timestep dt          :     1.5 fs       |
  |   dump interval(trj)   :   100.0 fs       |
  |   SHAKE algorithm      : true (all bonds) |
  |   dump interval(Vbias) :    1.00 ps       |
  |   Vbias prefactor (k)  :  0.0488 Eh       |
  |   Vbias exponent (α)   :  1.0000 bohr⁻²   |
  ::::::::::::: starting MTD    5 :::::::::::::
  |   MD simulation time   :     5.0 ps       |
  |   target T             :   300.0 K        |
  |   timestep dt          :     1.5 fs       |
  |   dump interval(trj)   :   100.0 fs       |
  |   SHAKE algorithm      : true (all bonds) |
  |   dump interval(Vbias) :    1.00 ps       |
  |   Vbias prefactor (k)  :  0.1950 Eh       |
  |   Vbias exponent (α)   :  1.0000 bohr⁻²   |
  ::::::::::::: starting MTD   13 :::::::::::::
  |   MD simulation time   :     5.0 ps       |
  |   target T             :   300.0 K        |
  |   timestep dt          :     1.5 fs       |
  |   dump interval(trj)   :   100.0 fs       |
  |   SHAKE algorithm      : true (all bonds) |
  |   dump interval(Vbias) :    1.00 ps       |
  |   Vbias prefactor (k)  :  0.1950 Eh       |
  |   Vbias exponent (α)   :  0.3820 bohr⁻²   |
  ::::::::::::: starting MTD    3 :::::::::::::
  |   MD simulation time   :     5.0 ps       |
  |   target T             :   300.0 K        |
  |   timestep dt          :     1.5 fs       |
  |   dump interval(trj)   :   100.0 fs       |
  |   SHAKE algorithm      : true (all bonds) |
  |   dump interval(Vbias) :    1.00 ps       |
  |   Vbias prefactor (k)  :  0.0488 Eh       |
  |   Vbias exponent (α)   :  1.6180 bohr⁻²   |
*MTD  22 completed successfully ...        0 min,  3.241 sec
*MTD  13 completed successfully ...        0 min,  3.266 sec
  ::::::::::::: starting MTD   14 :::::::::::::
  |   MD simulation time   :     5.0 ps       |
  |   target T             :   300.0 K        |
  |   timestep dt          :     1.5 fs       |
  |   dump interval(trj)   :   100.0 fs       |
  |   SHAKE algorithm      : true (all bonds) |
  |   dump interval(Vbias) :    1.00 ps       |
  |   Vbias prefactor (k)  :  0.0975 Eh       |
  |   Vbias exponent (α)   :  0.3820 bohr⁻²   |
*MTD  21 completed successfully ...        0 min,  3.275 sec
*MTD  18 completed successfully ...        0 min,  3.277 sec
*MTD  19 completed successfully ...        0 min,  3.281 sec
*MTD  17 completed successfully ...        0 min,  3.284 sec
*MTD   7 completed successfully ...        0 min,  3.286 sec
  ::::::::::::: starting MTD    8 :::::::::::::
  |   MD simulation time   :     5.0 ps       |
  |   target T             :   300.0 K        |
  |   timestep dt          :     1.5 fs       |
  |   dump interval(trj)   :   100.0 fs       |
  |   SHAKE algorithm      : true (all bonds) |
  |   dump interval(Vbias) :    1.00 ps       |
  |   Vbias prefactor (k)  :  0.0244 Eh       |
  |   Vbias exponent (α)   :  1.0000 bohr⁻²   |
*MTD   5 completed successfully ...        0 min,  3.294 sec
  ::::::::::::: starting MTD    6 :::::::::::::
  |   MD simulation time   :     5.0 ps       |
  |   target T             :   300.0 K        |
  |   timestep dt          :     1.5 fs       |
  |   dump interval(trj)   :   100.0 fs       |
  |   SHAKE algorithm      : true (all bonds) |
  |   dump interval(Vbias) :    1.00 ps       |
  |   Vbias prefactor (k)  :  0.0975 Eh       |
  |   Vbias exponent (α)   :  1.0000 bohr⁻²   |
*MTD  24 completed successfully ...        0 min,  3.295 sec
*MTD  20 completed successfully ...        0 min,  3.315 sec
*MTD  11 completed successfully ...        0 min,  3.317 sec
  ::::::::::::: starting MTD   12 :::::::::::::
  |   MD simulation time   :     5.0 ps       |
  |   target T             :   300.0 K        |
  |   timestep dt          :     1.5 fs       |
  |   dump interval(trj)   :   100.0 fs       |
  |   SHAKE algorithm      : true (all bonds) |
  |   dump interval(Vbias) :    1.00 ps       |
  |   Vbias prefactor (k)  :  0.0244 Eh       |
  |   Vbias exponent (α)   :  0.6180 bohr⁻²   |
*MTD   1 completed successfully ...        0 min,  3.321 sec
  ::::::::::::: starting MTD    2 :::::::::::::
  |   MD simulation time   :     5.0 ps       |
  |   target T             :   300.0 K        |
  |   timestep dt          :     1.5 fs       |
  |   dump interval(trj)   :   100.0 fs       |
  |   SHAKE algorithm      : true (all bonds) |
  |   dump interval(Vbias) :    1.00 ps       |
  |   Vbias prefactor (k)  :  0.0975 Eh       |
  |   Vbias exponent (α)   :  1.6180 bohr⁻²   |
*MTD  23 completed successfully ...        0 min,  3.324 sec
*MTD   3 completed successfully ...        0 min,  3.329 sec
  ::::::::::::: starting MTD    4 :::::::::::::
  |   MD simulation time   :     5.0 ps       |
  |   target T             :   300.0 K        |
  |   timestep dt          :     1.5 fs       |
  |   dump interval(trj)   :   100.0 fs       |
  |   SHAKE algorithm      : true (all bonds) |
  |   dump interval(Vbias) :    1.00 ps       |
  |   Vbias prefactor (k)  :  0.0244 Eh       |
  |   Vbias exponent (α)   :  1.6180 bohr⁻²   |
*MTD  15 completed successfully ...        0 min,  3.330 sec
  ::::::::::::: starting MTD   16 :::::::::::::
  |   MD simulation time   :     5.0 ps       |
  |   target T             :   300.0 K        |
  |   timestep dt          :     1.5 fs       |
  |   dump interval(trj)   :   100.0 fs       |
  |   SHAKE algorithm      : true (all bonds) |
  |   dump interval(Vbias) :    1.00 ps       |
  |   Vbias prefactor (k)  :  0.0244 Eh       |
  |   Vbias exponent (α)   :  0.3820 bohr⁻²   |
*MTD   9 completed successfully ...        0 min,  3.339 sec
  ::::::::::::: starting MTD   10 :::::::::::::
  |   MD simulation time   :     5.0 ps       |
  |   target T             :   300.0 K        |
  |   timestep dt          :     1.5 fs       |
  |   dump interval(trj)   :   100.0 fs       |
  |   SHAKE algorithm      : true (all bonds) |
  |   dump interval(Vbias) :    1.00 ps       |
  |   Vbias prefactor (k)  :  0.0975 Eh       |
  |   Vbias exponent (α)   :  0.6180 bohr⁻²   |
*MTD   8 completed successfully ...        0 min,  1.874 sec
*MTD   6 completed successfully ...        0 min,  1.870 sec
*MTD   2 completed successfully ...        0 min,  1.893 sec
*MTD  10 completed successfully ...        0 min,  1.888 sec
*MTD  16 completed successfully ...        0 min,  2.203 sec
*MTD   4 completed successfully ...        0 min,  2.213 sec
*MTD  14 completed successfully ...        0 min,  2.836 sec
*MTD  12 completed successfully ...        0 min,  2.820 sec
 
 ======================================
 |  Multilevel Ensemble Optimization  |
 ======================================
 Optimizing all 1176 structures from file "crest_dynamics.trj" ...
 ----------------------
 crude pre-optimization
 ----------------------
 Optimization engine: ANCOPT
 Hessian update type: BFGS
 E/G convergence criteria:  0.500E-03 Eh, 0.100E-01 Eh/a0
 maximum optimization steps: 200
 |>0.1% |>7.6% |>15.1% |>22.5% |>30.0% |>37.5% |>45.1% |>52.6% |>60.0% |>67.5% |>75.0% |>82.6% |>90.1% |>97.5% |>100.0%
 done.
> 1176 of 1176 structures successfully optimized (100.0% success)
> Total runtime for 1176 optimizations:
 * wall-time:     0 d,  0 h,  0 min,  3.916 sec
 *  cpu-time:     0 d,  0 h,  1 min,  2.338 sec
 * ratio c/w:    15.920 speedup
> Corresponding to approximately 0.003 sec per processed structure
 
CREGEN> running RMSDs ... done.
CREGEN> E lowest :    -5.74206
 1 structures remain within    12.00 kcal/mol window
 ----------------------------------
 optimization with tight thresholds
 ----------------------------------
 Optimization engine: ANCOPT
 Hessian update type: BFGS
 E/G convergence criteria:  0.100E-05 Eh, 0.800E-03 Eh/a0
 maximum optimization steps: 200
 |>100.0%
 done.
> 1 of 1 structures successfully optimized (100.0% success)
> Total runtime for 1 optimizations:
 * wall-time:     0 d,  0 h,  0 min,  0.021 sec
 *  cpu-time:     0 d,  0 h,  0 min,  0.334 sec
 * ratio c/w:    15.907 speedup
> Corresponding to approximately 0.021 sec per processed structure
 
CREGEN> running RMSDs ... done.
CREGEN> E lowest :    -5.74207
 1 structures remain within     6.00 kcal/mol window
 
========================================
           MTD Simulations done         
========================================
 Collecting ensmbles.
CREGEN> running RMSDs ... done.
CREGEN> E lowest :    -5.74207
 1 structures remain within     6.00 kcal/mol window
     H(298.15K)-H(0) (conf)      0.000000
                   Cp(conf)      0.000000
                    S(conf)      0.000000
 
******************************************************************************************
**                          I T E R A T I O N    C Y C L E      1                       **
******************************************************************************************
 -------------------------------------------
 determining bias structures via PCA/k-Means
 -------------------------------------------
 1 structures were selected
 done.

 -----------------------------------------------
 determining MTD seed structures via PCA/k-Means
 -----------------------------------------------
 1 structures were selected
 done.


 ==========================================================
 Static MTDs (umbrella sampling) on 1 selected conformer(s)
 ==========================================================
> Using 1 constant RMSD bias potentials per MTD
  :::::::::: starting static MTD   1 ::::::::::
  |   MD simulation time   :     2.5 ps       |
  |   target T             :   400.0 K        |
  |   timestep dt          :     1.5 fs       |
  |   dump interval(trj)   :   100.0 fs       |
  |   SHAKE algorithm      : true (all bonds) |
  |   Vbias prefactor (k)  :  0.0017 Eh       |
  |   Vbias exponent (α)   :  1.0000 bohr⁻²   |
*sMTD   1 completed successfully ...        0 min,  0.781 sec
 
 ======================================
 |  Multilevel Ensemble Optimization  |
 ======================================
 Optimizing all 24 structures from file "crest_rotamers_0.xyz" ...
 ----------------------
 crude pre-optimization
 ----------------------
 Optimization engine: ANCOPT
 Hessian update type: BFGS
 E/G convergence criteria:  0.500E-03 Eh, 0.100E-01 Eh/a0
 maximum optimization steps: 200
 |>4.2% |>12.5% |>20.8% |>33.3% |>41.7% |>50.0% |>62.5% |>70.8% |>83.3% |>91.7% |>100.0%
 done.
> 24 of 24 structures successfully optimized (100.0% success)
> Total runtime for 24 optimizations:
 * wall-time:     0 d,  0 h,  0 min,  0.067 sec
 *  cpu-time:     0 d,  0 h,  0 min,  1.062 sec
 * ratio c/w:    15.924 speedup
> Corresponding to approximately 0.003 sec per processed structure
 
CREGEN> running RMSDs ... done.
CREGEN> E lowest :    -5.74202
 1 structures remain within    12.00 kcal/mol window
 ---------------------------------------
 optimization with very tight thresholds
 ---------------------------------------
 Optimization engine: ANCOPT
 Hessian update type: BFGS
 E/G convergence criteria:  0.100E-06 Eh, 0.200E-03 Eh/a0
 maximum optimization steps: 200
 |>100.0%
 done.
> 1 of 1 structures successfully optimized (100.0% success)
> Total runtime for 1 optimizations:
 * wall-time:     0 d,  0 h,  0 min,  0.020 sec
 *  cpu-time:     0 d,  0 h,  0 min,  0.323 sec
 * ratio c/w:    15.942 speedup
> Corresponding to approximately 0.020 sec per processed structure
 
CREGEN> running RMSDs ... done.
CREGEN> E lowest :    -5.74207
 1 structures remain within     6.00 kcal/mol window
CREGEN> running RMSDs ... done.
CREGEN> E lowest :    -5.74207
 
 Static MTD simulation iteration 1 finished
 A total of 1 conformers (+ 0.00%) in crest_conformers.xyz
 S(approx.) =   -0.000000 cal/molK (dS = 0.00%)
 Convergence w.r.t. conformers:  T
 Convergence w.r.t. entropy   :  T
 
     H(298.15K)-H(0) (conf)      0.000000
                   Cp(conf)      0.000000
                    S(conf)      0.000000


 --------------------------
 Final Ensemble Information
 --------------------------
 input  file name : crest_rotamers_2.xyz
 output file name : crest_rotamers_3.xyz
 number of atoms                :   26
 number of points on xyz files  :   2
 RMSD threshold                 :   0.1250
 Bconst threshold               :   0.0100
 population threshold           :   0.0500
 # fragment in coord            :     1
 # bonds in reference structure :    29
   => # of C=C bonds :     2
 number of reliable points      :     2
 sorting energy window (EWIN)   :    6.0000 / kcal*mol⁻¹
 reference state Etot           :  -5.74207080000000
 number of doubles removed by rot/RMSD         :           1
 total number unique points considered further :           1
       Erel/kcal        Etot weight/tot  conformer     set   degen     origin
       1   0.000    -5.74207    1.00000    1.00000       1       1
T /K                                  :   298.15
E lowest                              :    -5.74207
ensemble average energy (kcal)        :    0.000
ensemble entropy (J/mol K, cal/mol K) :   -0.000   -0.000
ensemble free energy (kcal/mol)       :    0.000
population of lowest in %             :  100.000
 number of unique conformers for further calc            1
 list of relative energies saved as "crest.energies"
 compare nuclear equivalencies ...
::::::::::: conformer group all :::::::::::
 chemical equivalencies (mag.active nuclei):
 magnetic equivalencies:
 
******************************************************************************************
**                           ENSEMBLE ENTROPY CALCULATION                               **
******************************************************************************************
======================================================
 Containing 1 conformers :
     H(298.15K)-H(0) (conf)      0.000000
                   Cp(conf)      0.000000
                    S(conf)      0.000000
======================================================
 Containing 1 conformers :
     H(298.15K)-H(0) (conf)      0.000000
                   Cp(conf)      0.000000
                    S(conf)      0.000000
======================================================

 --------------------------------------
 FINAL CALCULATION OF MOLECULAR ENTROPY
 --------------------------------------
 
WARNING: Not enough blocks for extrapolation.
         Taking full ensemble entropy instead.

FINAL ENTROPY (max conf.)  :      0.00000
 
 ----------------------------------
 Frequency Calculation and Averages
 ----------------------------------
 Nconf on file      : 1
 Taken for Hessians : 1 (=100.00% total population)
 T range  /K    :   278.15   378.15
 scaling factor :          1.000000     
 rotor cutoff   :         25.000000 cm⁻¹
 imag. cutoff   :        -50.000000 cm⁻¹
 
 Running 1 calculations ...
 |>100.0%
 done.
 calculating averages for G and S ...    done.
 calculating Boltzmann weights ...       done.
 calculating reference S (bhess) ... > bhess not implemented for calculator routines
    done.
 calculating δSrrho ...                  done.
 
 Coordinates for the bhess reference structure (Ångström):
 -----------------------------------------------------------
  26
 
 C         -3.5287710000        0.0000000000        0.0000000000
 C         -2.8365270000        1.2122810000        0.0000000000
 C         -1.4306650000        1.2375810000        0.0000000000
 C         -0.6822400000        2.4659700000        0.0000000000
 C          0.6822400000        2.4659700000        0.0000000000
 C          1.4306650000        1.2375810000        0.0000000000
 C          2.8365270000        1.2122810000        0.0000000000
 C          3.5287710000        0.0000000000        0.0000000000
 C          2.8365270000       -1.2122810000        0.0000000000
 C          1.4306650000       -1.2375810000        0.0000000000
 C          0.6822400000       -2.4659700000        0.0000000000
 C         -0.6822400000       -2.4659700000        0.0000000000
 C         -1.4306650000       -1.2375810000        0.0000000000
 C         -2.8365270000       -1.2122810000        0.0000000000
 C         -0.7136970000        0.0000000000        0.0000000000
 C          0.7136970000        0.0000000000        0.0000000000
 H         -4.6228890000        0.0000000000        0.0000000000
 H         -3.3851690000        2.1591020000        0.0000000000
 H         -1.2349580000        3.4105800000        0.0000000000
 H          1.2349580000        3.4105800000        0.0000000000
 H          3.3851690000        2.1591020000        0.0000000000
 H          4.6228890000        0.0000000000        0.0000000000
 H          3.3851690000       -2.1591020000        0.0000000000
 H          1.2349580000       -3.4105800000        0.0000000000
 H         -1.2349580000       -3.4105800000        0.0000000000
 H         -3.3851690000       -2.1591020000        0.0000000000
 -----------------------------------------------------------
 as read from <coord>
 Heavy-atom RMSD between lowest conformer and this reference :
 RMSD(heavy) =        0.018637 Å
 
 msRRHO(bhess) reference entropies:
      278.15         93.375973
      288.15         95.068494
      298.15         96.764152
      308.15         98.461926
      318.15        100.160861
      328.15        101.860057
      338.15        103.558672
      348.15        105.255915
      358.15        106.951049
      368.15        108.643384
      378.15        110.332275

       T/K  |S(T)|/cal/molK       |G(T)|/Eh     G_lowest/Eh    (conf)
   -----------------------------------------------------------------
    278.15    0.959695E+02    0.172116E+00       -5.569954         1
    288.15    0.977171E+02    0.170573E+00       -5.571498         1
    298.15    0.994649E+02    0.169002E+00       -5.573069         1
    308.15    0.101212E+03    0.167403E+00       -5.574667         1
    318.15    0.102957E+03    0.165777E+00       -5.576294         1
    328.15    0.104700E+03    0.164122E+00       -5.577949         1
    338.15    0.106440E+03    0.162440E+00       -5.579631         1
    348.15    0.108176E+03    0.160730E+00       -5.581341         1
    358.15    0.109908E+03    0.158993E+00       -5.583078         1
    368.15    0.111635E+03    0.157227E+00       -5.584843         1
    378.15    0.113356E+03    0.155435E+00       -5.586636         1
   -----------------------------------------------------------------
   NOTE: if |G(T)| is the averaged contributrion to the free energy.
   |G(T)| used only for the higher-energetic structures (n > 1).
   All other structures use G(T) from the respective Hessian calculations.
 
 Quantities calculated on free energies:
       T/K          δSrrho           Cp(T)     [H(T)-H(0)]
   -------------------------------------------------------
    278.15    0.259350E+01    0.000000E+00        0.000000
    288.15    0.264861E+01    0.000000E+00        0.000000
    298.15    0.270075E+01    0.000000E+00        0.000000
    308.15    0.275001E+01    0.000000E+00        0.000000
    318.15    0.279649E+01    0.000000E+00        0.000000
    328.15    0.284031E+01    0.000000E+00        0.000000
    338.15    0.288159E+01    0.000000E+00        0.000000
    348.15    0.292045E+01    0.000000E+00        0.000000
    358.15    0.295700E+01    0.000000E+00        0.000000
    368.15    0.299136E+01    0.000000E+00        0.000000
    378.15    0.302366E+01    0.000000E+00        0.000000
   -------------------------------------------------------
   NOTE: δSrrho(T) = |S(T)| - Sref(T)
 
 ----------------------
 TEMPERATURE DEPENDENCE
 ----------------------
 
 Final CONFORMATIONAL quantities at given T:
       T/K        S(total)           Cp(T)     [H(T)-H(0)]        G(total)
   -----------------------------------------------------------------------
    278.15        2.593496        0.000000        0.000000       -0.721381
    288.15        2.648613        0.000000        0.000000       -0.763198
    298.15        2.700752        0.000000        0.000000       -0.805229
    308.15        2.750009        0.000000        0.000000       -0.847415
    318.15        2.796492        0.000000        0.000000       -0.889704
    328.15        2.840314        0.000000        0.000000       -0.932049
    338.15        2.881592        0.000000        0.000000       -0.974410
    348.15        2.920446        0.000000        0.000000       -1.016753
    358.15        2.956997        0.000000        0.000000       -1.059048
    368.15        2.991362        0.000000        0.000000       -1.101270
    378.15        3.023658        0.000000        0.000000       -1.143396
   -----------------------------------------------------------------------
   S and Cp in cal/mol*K; H and G in kcal/mol
   G(total) is the ensemble free energy (H-T*S) and S(total) = S(conf,extrapol.) + δSrrho
 
 ----------------------------------------------------
 |      FINAL MOLECULAR ENTROPY AT T= 298.15 K      |
 ----------------------------------------------------
     Sconf   =          0.000000
   + δSrrho  =          2.700752
 -----------------------------------------------------
 = S(total)  =          2.700752  (cal mol⁻¹ K⁻¹)
 
   H(T)-H(0) =          0.000000
   G         =         -0.805229   (-T*S)
 -----------------------------------------------------
 = G(total)  =         -0.805229  (H-T*S) (kcal mol⁻¹)
 
   Cp(total) =          0.000000  (cal mol⁻¹ K⁻¹)
 
 
 -----------------
 Wall Time Summary
 -----------------
 CREST runtime (total)               0 d,  0 h,  0 min, 13.362 sec
 ------------------------------------------------------------------
 Trial metadynamics (MTD)   ...        0 min,  0.400 sec (  2.991%)
 Metadynamics (MTD)         ...        0 min,  6.346 sec ( 47.491%)
 Geometry optimization      ...        0 min,  5.304 sec ( 39.693%)
 Static metadynamics (sMTD) ...        0 min,  0.816 sec (  6.110%)
 Conf. entropy evaluation   ...        0 min,  0.224 sec (  1.677%)
 I/O and setup              ...        0 min,  0.272 sec (  2.038%)
 ------------------------------------------------------------------
 * wall-time:     0 d,  0 h,  0 min, 13.362 sec
 *  cpu-time:     0 d,  0 h,  2 min, 55.676 sec
 * ratio c/w:    13.147 speedup
 ------------------------------------------------------------------
 * Total number of energy+grad calls: 99924
 
 CREST terminated normally.
