 
       ╔════════════════════════════════════════════╗
       ║            ___ ___ ___ ___ _____           ║
       ║           / __| _ \ __/ __|_   _|          ║
       ║          | (__|   / _|\__ \ | |            ║
       ║           \___|_|_\___|___/ |_|            ║
       ║                                            ║
       ║  Conformer-Rotamer Ensemble Sampling Tool  ║
       ║          based on the xTB methods          ║
       ║                                            ║
       ╚════════════════════════════════════════════╝
       Version 3.0.2, Sun Aug 25 20:02:36 UTC 2024
       commit (af7eb99) compiled by 'runner@fv-az1984-471'
 
   Cite work conducted with this code as

   • P.Pracht, F.Bohle, S.Grimme, PCCP, 2020, 22, 7169-7192.
   • S.Grimme, JCTC, 2019, 15, 2847-2862.
   • P.Pracht, S.Grimme, C.Bannwarth, F.Bohle, S.Ehlert,
     G.Feldmann, J.Gorges, M.Müller, T.Neudecker, C.Plett,
     S.Spicher, P.Steinbach, P.Wesołowski, F.Zeller,
     J. Chem. Phys., 2024, 160, 114110.

   for works involving QCG cite

   • S.Spicher, C.Plett, P.Pracht, A.Hansen, S.Grimme,
     JCTC, 2022, 18 (5), 3174-3189.
   • C.Plett, S. Grimme,
     Angew. Chem. Int. Ed. 2023, 62, e202214477.

   for works involving MECP screening cite

   • P.Pracht, C.Bannwarth, JCTC, 2022, 18 (10), 6370-6385.
 
   Original code
     P.Pracht, S.Grimme, Universität Bonn, MCTC
   with help from (alphabetical order):
     C.Bannwarth, F.Bohle, S.Ehlert, G.Feldmann, J.Gorges,
     S.Grimme, C.Plett, P.Pracht, S.Spicher, P.Steinbach,
     P.Wesolowski, F.Zeller
 
   Online documentation is available at
   https://crest-lab.github.io/crest-docs/
 
   This program is distributed in the hope that it will be useful,
   but WITHOUT ANY WARRANTY; without even the implied warranty of
   MERCHANTABILITY or FITNESS FOR A PARTICULAR PURPOSE. See the
   GNU Lesser General Public License (LGPL) for more details.

 Command line input:
 $ crest IJDNQMDRQITEOD-UHFFFAOYSA-N-1.xyz -gfnff -entropy -T 16 -chrg 0 -uhf 0

  --gfnff : Use of GFN-FF requested.
  -entropy : enhanced ensemble entropy calculation
  -T 16 (CPUs/Threads selected)
  -chrg 0
  -uhf 0
Parsing xtb-type input file bondlengths to set up calculators ...

> Setting up backup calculator ... done.
 ----------------
 Calculation info
 ----------------
> User-defined calculation level:
 : GFN-FF calculation via GFNFF lib
 :   Molecular charge    : 0
 
> User-defined constraints:
> constraint: distance atoms: 1,2
  d(AA)=     1.52970 k= 0.02000
> constraint: distance atoms: 1,5
  d(AA)=     1.10469 k= 0.02000
> constraint: distance atoms: 1,6
  d(AA)=     1.10584 k= 0.02000
> constraint: distance atoms: 1,7
  d(AA)=     1.10584 k= 0.02000
> constraint: distance atoms: 2,3
  d(AA)=     1.53210 k= 0.02000
> constraint: distance atoms: 2,8
  d(AA)=     1.10748 k= 0.02000
> constraint: distance atoms: 2,9
  d(AA)=     1.10748 k= 0.02000
> constraint: distance atoms: 3,4
  d(AA)=     1.52970 k= 0.02000
> constraint: distance atoms: 3,10
  d(AA)=     1.10748 k= 0.02000
> constraint: distance atoms: 3,11
  d(AA)=     1.10748 k= 0.02000
> constraint: distance atoms: 4,12
  d(AA)=     1.10584 k= 0.02000
> constraint: distance atoms: 4,13
  d(AA)=     1.10469 k= 0.02000
> constraint: distance atoms: 4,14
  d(AA)=     1.10584 k= 0.02000
 
 
 -----------------------------
 Initial Geometry Optimization
 -----------------------------
 Geometry successfully optimized.
 
          ┍━━━━━━━━━━━━━━━━━━━━━━━━━━━━━━━━━━━━━━━━━━━━━━━━━┑
          │              CREST ENTROPY SAMPLING             │
          ┕━━━━━━━━━━━━━━━━━━━━━━━━━━━━━━━━━━━━━━━━━━━━━━━━━┙
 
 please cite:
 • P.Pracht, S.Grimme, Chem. Sci., 2021, 12, 6551-6568.
 • J.Gorges, S.Grimme, A.Hansen, P.Pracht, PCCP, 2022,24, 12249-12259.
 
 Input structure:
  14
 
 C          1.9458143752       -0.1293125740        0.0000000001
 C          0.5668368104        0.5139181800       -0.0000000001
 C         -0.5668367233       -0.5139205125        0.0000000003
 C         -1.9458118980        0.1293120693       -0.0000000002
 H          2.7470671607        0.6147695666        0.0000000000
 H          2.0864832691       -0.7631080800       -0.8790500064
 H          2.0864832693       -0.7631080802        0.8790500061
 H          0.4574019682        1.1747327870       -0.8713148932
 H          0.4574019680        1.1747327868        0.8713148935
 H         -0.4574068662       -1.1747351489        0.8713162677
 H         -0.4574068662       -1.1747351489       -0.8713162673
 H         -2.0864805424        0.7631121368        0.8790473103
 H         -2.7470653822       -0.6147701190       -0.0000000001
 H         -2.0864805428        0.7631121368       -0.8790473106
 
 ------------------------------------------------
 Generating MTD length from a flexibility measure
 ------------------------------------------------
 Calculating GFN0-xTB WBOs   ... done.
 Calculating NCI flexibility ... done.
     covalent flexibility measure :   0.563
 non-covalent flexibility measure :   0.875
 flexibility measure :   0.610
 t(MTD) / ps    :     8.0
 Σ(t(MTD)) / ps :   192.0 (24 MTDs)
 
 -----------------------------------
 Starting trial MTD to test settings
 -----------------------------------
 Trial MTD 1 runtime (1.0 ps) ...        0 min,  0.015 sec
 Estimated runtime for one MTD (8.0 ps) on a single thread: 0 sec
 Estimated runtime for a batch of 24 MTDs on 16 threads: 0 sec
 
******************************************************************************************
**                         N E W   I T E R A T I O N  C Y C L E                         **
******************************************************************************************
 
 ------------------------------
 Meta-Dynamics Iteration 1
 ------------------------------
 list of applied metadynamics Vbias parameters:
$metadyn    0.10500   1.618
$metadyn    0.05250   1.618
$metadyn    0.02625   1.618
$metadyn    0.01312   1.618
$metadyn    0.10500   1.000
$metadyn    0.05250   1.000
$metadyn    0.02625   1.000
$metadyn    0.01312   1.000
$metadyn    0.10500   0.618
$metadyn    0.05250   0.618
$metadyn    0.02625   0.618
$metadyn    0.01312   0.618
$metadyn    0.10500   0.382
$metadyn    0.05250   0.382
$metadyn    0.02625   0.382
$metadyn    0.01312   0.382
$metadyn    0.10500   0.236
$metadyn    0.05250   0.236
$metadyn    0.02625   0.236
$metadyn    0.01312   0.236
$metadyn    0.10500   0.146
$metadyn    0.05250   0.146
$metadyn    0.02625   0.146
$metadyn    0.01312   0.146
 
  ::::::::::::: starting MTD    1 :::::::::::::
  |   MD simulation time   :     8.0 ps       |
  |   target T             :   300.0 K        |
  |   timestep dt          :     1.5 fs       |
  |   dump interval(trj)   :   100.0 fs       |
  |   SHAKE algorithm      : true (all bonds) |
  |   dump interval(Vbias) :    1.00 ps       |
  |   Vbias prefactor (k)  :  0.1050 Eh       |
  |   Vbias exponent (α)   :  1.6180 bohr⁻²   |
  ::::::::::::: starting MTD    7 :::::::::::::
  |   MD simulation time   :     8.0 ps       |
  |   target T             :   300.0 K        |
  |   timestep dt          :     1.5 fs       |
  |   dump interval(trj)   :   100.0 fs       |
  |   SHAKE algorithm      : true (all bonds) |
  |   dump interval(Vbias) :    1.00 ps       |
  |   Vbias prefactor (k)  :  0.0262 Eh       |
  |   Vbias exponent (α)   :  1.0000 bohr⁻²   |
  ::::::::::::: starting MTD   21 :::::::::::::
  |   MD simulation time   :     8.0 ps       |
  |   target T             :   300.0 K        |
  |   timestep dt          :     1.5 fs       |
  |   dump interval(trj)   :   100.0 fs       |
  |   SHAKE algorithm      : true (all bonds) |
  |   dump interval(Vbias) :    1.00 ps       |
  |   Vbias prefactor (k)  :  0.1050 Eh       |
  |   Vbias exponent (α)   :  0.1459 bohr⁻²   |
  ::::::::::::: starting MTD   23 :::::::::::::
  |   MD simulation time   :     8.0 ps       |
  |   target T             :   300.0 K        |
  |   timestep dt          :     1.5 fs       |
  |   dump interval(trj)   :   100.0 fs       |
  |   SHAKE algorithm      : true (all bonds) |
  |   dump interval(Vbias) :    1.00 ps       |
  |   Vbias prefactor (k)  :  0.0262 Eh       |
  |   Vbias exponent (α)   :  0.1459 bohr⁻²   |
  ::::::::::::: starting MTD   24 :::::::::::::
  |   MD simulation time   :     8.0 ps       |
  |   target T             :   300.0 K        |
  |   timestep dt          :     1.5 fs       |
  |   dump interval(trj)   :   100.0 fs       |
  |   SHAKE algorithm      : true (all bonds) |
  |   dump interval(Vbias) :    1.00 ps       |
  |   Vbias prefactor (k)  :  0.0131 Eh       |
  |   Vbias exponent (α)   :  0.1459 bohr⁻²   |
  ::::::::::::: starting MTD    5 :::::::::::::
  |   MD simulation time   :     8.0 ps       |
  |   target T             :   300.0 K        |
  |   timestep dt          :     1.5 fs       |
  |   dump interval(trj)   :   100.0 fs       |
  |   SHAKE algorithm      : true (all bonds) |
  |   dump interval(Vbias) :    1.00 ps       |
  |   Vbias prefactor (k)  :  0.1050 Eh       |
  |   Vbias exponent (α)   :  1.0000 bohr⁻²   |
  ::::::::::::: starting MTD   20 :::::::::::::
  |   MD simulation time   :     8.0 ps       |
  |   target T             :   300.0 K        |
  |   timestep dt          :     1.5 fs       |
  |   dump interval(trj)   :   100.0 fs       |
  |   SHAKE algorithm      : true (all bonds) |
  |   dump interval(Vbias) :    1.00 ps       |
  |   Vbias prefactor (k)  :  0.0131 Eh       |
  |   Vbias exponent (α)   :  0.2361 bohr⁻²   |
  ::::::::::::: starting MTD   17 :::::::::::::
  |   MD simulation time   :     8.0 ps       |
  |   target T             :   300.0 K        |
  |   timestep dt          :     1.5 fs       |
  |   dump interval(trj)   :   100.0 fs       |
  |   SHAKE algorithm      : true (all bonds) |
  |   dump interval(Vbias) :    1.00 ps       |
  |   Vbias prefactor (k)  :  0.1050 Eh       |
  |   Vbias exponent (α)   :  0.2361 bohr⁻²   |
  ::::::::::::: starting MTD   15 :::::::::::::
  |   MD simulation time   :     8.0 ps       |
  |   target T             :   300.0 K        |
  |   timestep dt          :     1.5 fs       |
  |   dump interval(trj)   :   100.0 fs       |
  |   SHAKE algorithm      : true (all bonds) |
  |   dump interval(Vbias) :    1.00 ps       |
  |   Vbias prefactor (k)  :  0.0262 Eh       |
  |   Vbias exponent (α)   :  0.3820 bohr⁻²   |
  ::::::::::::: starting MTD    9 :::::::::::::
  |   MD simulation time   :     8.0 ps       |
  |   target T             :   300.0 K        |
  |   timestep dt          :     1.5 fs       |
  |   dump interval(trj)   :   100.0 fs       |
  |   SHAKE algorithm      : true (all bonds) |
  |   dump interval(Vbias) :    1.00 ps       |
  |   Vbias prefactor (k)  :  0.1050 Eh       |
  |   Vbias exponent (α)   :  0.6180 bohr⁻²   |
  ::::::::::::: starting MTD    3 :::::::::::::
  |   MD simulation time   :     8.0 ps       |
  |   target T             :   300.0 K        |
  |   timestep dt          :     1.5 fs       |
  |   dump interval(trj)   :   100.0 fs       |
  |   SHAKE algorithm      : true (all bonds) |
  |   dump interval(Vbias) :    1.00 ps       |
  |   Vbias prefactor (k)  :  0.0262 Eh       |
  |   Vbias exponent (α)   :  1.6180 bohr⁻²   |
  ::::::::::::: starting MTD   19 :::::::::::::
  |   MD simulation time   :     8.0 ps       |
  |   target T             :   300.0 K        |
  |   timestep dt          :     1.5 fs       |
  |   dump interval(trj)   :   100.0 fs       |
  |   SHAKE algorithm      : true (all bonds) |
  |   dump interval(Vbias) :    1.00 ps       |
  |   Vbias prefactor (k)  :  0.0262 Eh       |
  |   Vbias exponent (α)   :  0.2361 bohr⁻²   |
  ::::::::::::: starting MTD   22 :::::::::::::
  |   MD simulation time   :     8.0 ps       |
  |   target T             :   300.0 K        |
  |   timestep dt          :     1.5 fs       |
  |   dump interval(trj)   :   100.0 fs       |
  |   SHAKE algorithm      : true (all bonds) |
  |   dump interval(Vbias) :    1.00 ps       |
  |   Vbias prefactor (k)  :  0.0525 Eh       |
  |   Vbias exponent (α)   :  0.1459 bohr⁻²   |
  ::::::::::::: starting MTD   11 :::::::::::::
  |   MD simulation time   :     8.0 ps       |
  |   target T             :   300.0 K        |
  |   timestep dt          :     1.5 fs       |
  |   dump interval(trj)   :   100.0 fs       |
  |   SHAKE algorithm      : true (all bonds) |
  |   dump interval(Vbias) :    1.00 ps       |
  |   Vbias prefactor (k)  :  0.0262 Eh       |
  |   Vbias exponent (α)   :  0.6180 bohr⁻²   |
  ::::::::::::: starting MTD   18 :::::::::::::
  |   MD simulation time   :     8.0 ps       |
  |   target T             :   300.0 K        |
  |   timestep dt          :     1.5 fs       |
  |   dump interval(trj)   :   100.0 fs       |
  |   SHAKE algorithm      : true (all bonds) |
  |   dump interval(Vbias) :    1.00 ps       |
  |   Vbias prefactor (k)  :  0.0525 Eh       |
  |   Vbias exponent (α)   :  0.2361 bohr⁻²   |
  ::::::::::::: starting MTD   13 :::::::::::::
  |   MD simulation time   :     8.0 ps       |
  |   target T             :   300.0 K        |
  |   timestep dt          :     1.5 fs       |
  |   dump interval(trj)   :   100.0 fs       |
  |   SHAKE algorithm      : true (all bonds) |
  |   dump interval(Vbias) :    1.00 ps       |
  |   Vbias prefactor (k)  :  0.1050 Eh       |
  |   Vbias exponent (α)   :  0.3820 bohr⁻²   |
*MTD  24 completed successfully ...        0 min,  0.300 sec
*MTD  18 completed successfully ...        0 min,  0.301 sec
*MTD  20 completed successfully ...        0 min,  0.302 sec
*MTD  22 completed successfully ...        0 min,  0.303 sec
*MTD   5 completed successfully ...        0 min,  0.303 sec
  ::::::::::::: starting MTD    6 :::::::::::::
  |   MD simulation time   :     8.0 ps       |
  |   target T             :   300.0 K        |
  |   timestep dt          :     1.5 fs       |
  |   dump interval(trj)   :   100.0 fs       |
  |   SHAKE algorithm      : true (all bonds) |
  |   dump interval(Vbias) :    1.00 ps       |
  |   Vbias prefactor (k)  :  0.0525 Eh       |
  |   Vbias exponent (α)   :  1.0000 bohr⁻²   |
*MTD   3 completed successfully ...        0 min,  0.303 sec
  ::::::::::::: starting MTD    4 :::::::::::::
  |   MD simulation time   :     8.0 ps       |
  |   target T             :   300.0 K        |
  |   timestep dt          :     1.5 fs       |
  |   dump interval(trj)   :   100.0 fs       |
  |   SHAKE algorithm      : true (all bonds) |
  |   dump interval(Vbias) :    1.00 ps       |
  |   Vbias prefactor (k)  :  0.0131 Eh       |
  |   Vbias exponent (α)   :  1.6180 bohr⁻²   |
*MTD  23 completed successfully ...        0 min,  0.303 sec
*MTD  15 completed successfully ...        0 min,  0.304 sec
  ::::::::::::: starting MTD   16 :::::::::::::
  |   MD simulation time   :     8.0 ps       |
  |   target T             :   300.0 K        |
  |   timestep dt          :     1.5 fs       |
  |   dump interval(trj)   :   100.0 fs       |
  |   SHAKE algorithm      : true (all bonds) |
  |   dump interval(Vbias) :    1.00 ps       |
  |   Vbias prefactor (k)  :  0.0131 Eh       |
  |   Vbias exponent (α)   :  0.3820 bohr⁻²   |
*MTD  13 completed successfully ...        0 min,  0.304 sec
  ::::::::::::: starting MTD   14 :::::::::::::
  |   MD simulation time   :     8.0 ps       |
  |   target T             :   300.0 K        |
  |   timestep dt          :     1.5 fs       |
  |   dump interval(trj)   :   100.0 fs       |
  |   SHAKE algorithm      : true (all bonds) |
  |   dump interval(Vbias) :    1.00 ps       |
  |   Vbias prefactor (k)  :  0.0525 Eh       |
  |   Vbias exponent (α)   :  0.3820 bohr⁻²   |
*MTD  11 completed successfully ...        0 min,  0.304 sec
  ::::::::::::: starting MTD   12 :::::::::::::
  |   MD simulation time   :     8.0 ps       |
  |   target T             :   300.0 K        |
  |   timestep dt          :     1.5 fs       |
  |   dump interval(trj)   :   100.0 fs       |
  |   SHAKE algorithm      : true (all bonds) |
  |   dump interval(Vbias) :    1.00 ps       |
  |   Vbias prefactor (k)  :  0.0131 Eh       |
  |   Vbias exponent (α)   :  0.6180 bohr⁻²   |
*MTD  21 completed successfully ...        0 min,  0.304 sec
*MTD  17 completed successfully ...        0 min,  0.304 sec
*MTD  19 completed successfully ...        0 min,  0.305 sec
*MTD   7 completed successfully ...        0 min,  0.305 sec
  ::::::::::::: starting MTD    8 :::::::::::::
  |   MD simulation time   :     8.0 ps       |
  |   target T             :   300.0 K        |
  |   timestep dt          :     1.5 fs       |
  |   dump interval(trj)   :   100.0 fs       |
  |   SHAKE algorithm      : true (all bonds) |
  |   dump interval(Vbias) :    1.00 ps       |
  |   Vbias prefactor (k)  :  0.0131 Eh       |
  |   Vbias exponent (α)   :  1.0000 bohr⁻²   |
*MTD   1 completed successfully ...        0 min,  0.306 sec
  ::::::::::::: starting MTD    2 :::::::::::::
  |   MD simulation time   :     8.0 ps       |
  |   target T             :   300.0 K        |
  |   timestep dt          :     1.5 fs       |
  |   dump interval(trj)   :   100.0 fs       |
  |   SHAKE algorithm      : true (all bonds) |
  |   dump interval(Vbias) :    1.00 ps       |
  |   Vbias prefactor (k)  :  0.0525 Eh       |
  |   Vbias exponent (α)   :  1.6180 bohr⁻²   |
*MTD   9 completed successfully ...        0 min,  0.310 sec
  ::::::::::::: starting MTD   10 :::::::::::::
  |   MD simulation time   :     8.0 ps       |
  |   target T             :   300.0 K        |
  |   timestep dt          :     1.5 fs       |
  |   dump interval(trj)   :   100.0 fs       |
  |   SHAKE algorithm      : true (all bonds) |
  |   dump interval(Vbias) :    1.00 ps       |
  |   Vbias prefactor (k)  :  0.0525 Eh       |
  |   Vbias exponent (α)   :  0.6180 bohr⁻²   |
*MTD   6 completed successfully ...        0 min,  0.183 sec
*MTD   4 completed successfully ...        0 min,  0.183 sec
*MTD  14 completed successfully ...        0 min,  0.183 sec
*MTD  16 completed successfully ...        0 min,  0.205 sec
*MTD  12 completed successfully ...        0 min,  0.205 sec
*MTD  10 completed successfully ...        0 min,  0.199 sec
*MTD   8 completed successfully ...        0 min,  0.205 sec
*MTD   2 completed successfully ...        0 min,  0.205 sec
 
 ======================================
 |  Multilevel Ensemble Optimization  |
 ======================================
 Optimizing all 1896 structures from file "crest_dynamics.trj" ...
 ----------------------
 crude pre-optimization
 ----------------------
 Optimization engine: ANCOPT
 Hessian update type: BFGS
 E/G convergence criteria:  0.500E-03 Eh, 0.100E-01 Eh/a0
 maximum optimization steps: 200
 |>0.1% |>7.5% |>15.0% |>22.5% |>30.0% |>37.5% |>45.0% |>52.5% |>60.0% |>67.5% |>75.0% |>82.5% |>90.0% |>97.5% |>100.0%
 done.
> 1896 of 1896 structures successfully optimized (100.0% success)
> Total runtime for 1896 optimizations:
 * wall-time:     0 d,  0 h,  0 min,  0.636 sec
 *  cpu-time:     0 d,  0 h,  0 min, 10.169 sec
 * ratio c/w:    15.995 speedup
> Corresponding to approximately 0.000 sec per processed structure
 
CREGEN> running RMSDs ... done.
CREGEN> E lowest :    -1.95926
 607 structures remain within    12.00 kcal/mol window
 ----------------------------------
 optimization with tight thresholds
 ----------------------------------
 Optimization engine: ANCOPT
 Hessian update type: BFGS
 E/G convergence criteria:  0.100E-05 Eh, 0.800E-03 Eh/a0
 maximum optimization steps: 200
 |>0.2% |>10.0% |>20.1% |>30.1% |>40.0% |>50.1% |>60.1% |>70.0% |>80.1% |>90.1% |>100.0%
 done.
> 607 of 607 structures successfully optimized (100.0% success)
> Total runtime for 607 optimizations:
 * wall-time:     0 d,  0 h,  0 min,  0.316 sec
 *  cpu-time:     0 d,  0 h,  0 min,  5.048 sec
 * ratio c/w:    15.990 speedup
> Corresponding to approximately 0.001 sec per processed structure
 
CREGEN> running RMSDs ... done.
CREGEN> E lowest :    -1.95928
 30 structures remain within     6.00 kcal/mol window
 
========================================
           MTD Simulations done         
========================================
 Collecting ensmbles.
CREGEN> running RMSDs ... done.
CREGEN> E lowest :    -1.95928
 30 structures remain within     6.00 kcal/mol window
     H(298.15K)-H(0) (conf)      0.235982
                   Cp(conf)      0.565363
                    S(conf)      2.156898
 
******************************************************************************************
**                          I T E R A T I O N    C Y C L E      1                       **
******************************************************************************************
 -------------------------------------------
 determining bias structures via PCA/k-Means
 -------------------------------------------
 There are not enough descriptors for a PCA!
 Taking all structures as representative and writing crest_clustered.xyz
 4 structures were selected
 done.

 -----------------------------------------------
 determining MTD seed structures via PCA/k-Means
 -----------------------------------------------
 There are not enough descriptors for a PCA!
 Taking all structures as representative and writing crest_clustered.xyz
 4 structures were selected
 done.


 ==========================================================
 Static MTDs (umbrella sampling) on 4 selected conformer(s)
 ==========================================================
> Using 4 constant RMSD bias potentials per MTD
  :::::::::: starting static MTD   2 ::::::::::
  |   MD simulation time   :     4.0 ps       |
  |   target T             :   400.0 K        |
  |   timestep dt          :     1.5 fs       |
  |   dump interval(trj)   :   100.0 fs       |
  |   SHAKE algorithm      : true (all bonds) |
  |   Vbias prefactor (k)  :  0.0004 Eh       |
  |   Vbias exponent (α)   :  1.0000 bohr⁻²   |
  :::::::::: starting static MTD   1 ::::::::::
  |   MD simulation time   :     4.0 ps       |
  |   target T             :   400.0 K        |
  |   timestep dt          :     1.5 fs       |
  |   dump interval(trj)   :   100.0 fs       |
  |   SHAKE algorithm      : true (all bonds) |
  |   Vbias prefactor (k)  :  0.0004 Eh       |
  |   Vbias exponent (α)   :  1.0000 bohr⁻²   |
  :::::::::: starting static MTD   3 ::::::::::
  |   MD simulation time   :     4.0 ps       |
  |   target T             :   400.0 K        |
  |   timestep dt          :     1.5 fs       |
  |   dump interval(trj)   :   100.0 fs       |
  |   SHAKE algorithm      : true (all bonds) |
  |   Vbias prefactor (k)  :  0.0004 Eh       |
  |   Vbias exponent (α)   :  1.0000 bohr⁻²   |
  :::::::::: starting static MTD   4 ::::::::::
  |   MD simulation time   :     4.0 ps       |
  |   target T             :   400.0 K        |
  |   timestep dt          :     1.5 fs       |
  |   dump interval(trj)   :   100.0 fs       |
  |   SHAKE algorithm      : true (all bonds) |
  |   Vbias prefactor (k)  :  0.0004 Eh       |
  |   Vbias exponent (α)   :  1.0000 bohr⁻²   |
*sMTD   3 completed successfully ...        0 min,  0.264 sec
*sMTD   1 completed successfully ...        0 min,  0.266 sec
*sMTD   2 completed successfully ...        0 min,  0.271 sec
*sMTD   4 completed successfully ...        0 min,  0.273 sec
 
 ======================================
 |  Multilevel Ensemble Optimization  |
 ======================================
 Optimizing all 156 structures from file "crest_rotamers_0.xyz" ...
 ----------------------
 crude pre-optimization
 ----------------------
 Optimization engine: ANCOPT
 Hessian update type: BFGS
 E/G convergence criteria:  0.500E-03 Eh, 0.100E-01 Eh/a0
 maximum optimization steps: 200
 |>0.6% |>10.3% |>20.5% |>30.1% |>40.4% |>50.0% |>60.3% |>70.5% |>80.1% |>90.4% |>100.0%
 done.
> 156 of 156 structures successfully optimized (100.0% success)
> Total runtime for 156 optimizations:
 * wall-time:     0 d,  0 h,  0 min,  0.052 sec
 *  cpu-time:     0 d,  0 h,  0 min,  0.827 sec
 * ratio c/w:    15.949 speedup
> Corresponding to approximately 0.000 sec per processed structure
 
CREGEN> running RMSDs ... done.
CREGEN> E lowest :    -1.95920
 86 structures remain within    12.00 kcal/mol window
 ---------------------------------------
 optimization with very tight thresholds
 ---------------------------------------
 Optimization engine: ANCOPT
 Hessian update type: BFGS
 E/G convergence criteria:  0.100E-06 Eh, 0.200E-03 Eh/a0
 maximum optimization steps: 200
 |>1.2% |>10.5% |>20.9% |>30.2% |>40.7% |>50.0% |>60.5% |>70.9% |>80.2% |>90.7% |>100.0%
 done.
> 86 of 86 structures successfully optimized (100.0% success)
> Total runtime for 86 optimizations:
 * wall-time:     0 d,  0 h,  0 min,  0.043 sec
 *  cpu-time:     0 d,  0 h,  0 min,  0.681 sec
 * ratio c/w:    15.955 speedup
> Corresponding to approximately 0.000 sec per processed structure
 
CREGEN> running RMSDs ... done.
CREGEN> E lowest :    -1.95928
 13 structures remain within     6.00 kcal/mol window
CREGEN> running RMSDs ... done.
CREGEN> E lowest :    -1.95928
 
 Static MTD simulation iteration 1 finished
 A total of 4 conformers (+ 0.00%) in crest_conformers.xyz
 S(approx.) =    1.340789 cal/molK (dS = 0.00%)
 Convergence w.r.t. conformers:  T
 Convergence w.r.t. entropy   :  T
 
     H(298.15K)-H(0) (conf)      0.235978
                   Cp(conf)      0.565342
                    S(conf)      2.156903


 --------------------------
 Final Ensemble Information
 --------------------------
 input  file name : crest_rotamers_2.xyz
 output file name : crest_rotamers_3.xyz
 number of atoms                :   14
 number of points on xyz files  :   43
 RMSD threshold                 :   0.1250
 Bconst threshold               :   0.0100
 population threshold           :   0.0500
 # fragment in coord            :     1
 # bonds in reference structure :    13
 number of reliable points      :    43
 sorting energy window (EWIN)   :    6.0000 / kcal*mol⁻¹
 reference state Etot           :  -1.95928419000000
 number of doubles removed by rot/RMSD         :          13
 total number unique points considered further :          30
       Erel/kcal        Etot weight/tot  conformer     set   degen     origin
       1   0.000    -1.95928    0.05743    0.51684       1       9
       2   0.452    -1.95856    0.02679    0.48217       2      18
       3   2.873    -1.95471    0.00045    0.00045       3       1
       4   3.180    -1.95422    0.00027    0.00054       4       2
T /K                                  :   298.15
E lowest                              :    -1.95928
ensemble average energy (kcal)        :    0.221
ensemble entropy (J/mol K, cal/mol K) :   26.856    6.419
ensemble free energy (kcal/mol)       :   -1.914
population of lowest in %             :   51.684
 number of unique conformers for further calc            4
 list of relative energies saved as "crest.energies"
 compare nuclear equivalencies ...
::::::::::: conformer group all :::::::::::
 chemical equivalencies (mag.active nuclei):
reference atom   5 # : 6
reference atom   8 # : 4
 magnetic equivalencies:
reference atom   5 # : 3
reference atom  12 # : 3
 
******************************************************************************************
**                           ENSEMBLE ENTROPY CALCULATION                               **
******************************************************************************************
======================================================
 Containing 4 conformers :
     H(298.15K)-H(0) (conf)      0.235982
                   Cp(conf)      0.565363
                    S(conf)      2.156898
======================================================
 Containing 4 conformers :
     H(298.15K)-H(0) (conf)      0.235978
                   Cp(conf)      0.565342
                    S(conf)      2.156903
======================================================

 --------------------------------------
 FINAL CALCULATION OF MOLECULAR ENTROPY
 --------------------------------------
 
WARNING: Not enough blocks for extrapolation.
         Taking full ensemble entropy instead.

FINAL ENTROPY (max conf.)  :      2.15690
 
 ----------------------------------
 Frequency Calculation and Averages
 ----------------------------------
 Nconf on file      : 4
 Taken for Hessians : 2 (= 99.36% total population)
 T range  /K    :   278.15   378.15
 scaling factor :          1.000000     
 rotor cutoff   :         25.000000 cm⁻¹
 imag. cutoff   :        -50.000000 cm⁻¹
 
 Running 2 calculations ...
 |>50.0% |>100.0%
 done.
 calculating averages for G and S ...    done.
 calculating Boltzmann weights ...       done.
 calculating reference S (bhess) ... > bhess not implemented for calculator routines
    done.
 calculating δSrrho ...                  done.
 
 Coordinates for the bhess reference structure (Ångström):
 -----------------------------------------------------------
  14
 
 C          1.9594427267       -0.1314566818        0.0000000000
 C          0.5710271840        0.5106465874        0.0000000000
 C         -0.5710271840       -0.5106465874        0.0000000000
 C         -1.9594427267        0.1314566818        0.0000000000
 H          2.7591885356        0.6306152293        0.0000000000
 H          2.1040282853       -0.7698263215       -0.8913220000
 H          2.1040282853       -0.7698263215        0.8913220000
 H          0.4676313902        1.1699434613       -0.8838310000
 H          0.4676313902        1.1699434613        0.8838310000
 H         -0.4676313902       -1.1699434613        0.8838310000
 H         -0.4676313902       -1.1699434613       -0.8838310000
 H         -2.1040282853        0.7698263215        0.8913220000
 H         -2.7591885356       -0.6306152293        0.0000000000
 H         -2.1040282853        0.7698263215       -0.8913220000
 -----------------------------------------------------------
 as read from <coord>
 Heavy-atom RMSD between lowest conformer and this reference :
 RMSD(heavy) =        0.010299 Å
 
 msRRHO(bhess) reference entropies:
      278.15         68.055468
      288.15         68.782335
      298.15         69.507552
      308.15         70.231524
      318.15         70.954552
      328.15         71.676851
      338.15         72.398561
      348.15         73.119760
      358.15         73.840471
      368.15         74.560676
      378.15         75.280321

       T/K  |S(T)|/cal/molK       |G(T)|/Eh     G_lowest/Eh    (conf)
   -----------------------------------------------------------------
    278.15    0.702847E+02    0.104356E+00       -1.855030         1
    288.15    0.710358E+02    0.103230E+00       -1.856157         1
    298.15    0.717836E+02    0.102093E+00       -1.857297         1
    308.15    0.725286E+02    0.100943E+00       -1.858448         1
    318.15    0.732712E+02    0.997816E-01       -1.859611         1
    328.15    0.740118E+02    0.986083E-01       -1.860786         1
    338.15    0.747506E+02    0.974232E-01       -1.861973         1
    348.15    0.754878E+02    0.962263E-01       -1.863171         1
    358.15    0.762235E+02    0.950177E-01       -1.864382         1
    368.15    0.769577E+02    0.937973E-01       -1.865604         1
    378.15    0.776905E+02    0.925653E-01       -1.866838         1
   -----------------------------------------------------------------
   NOTE: if |G(T)| is the averaged contributrion to the free energy.
   |G(T)| used only for the higher-energetic structures (n > 2).
   All other structures use G(T) from the respective Hessian calculations.
 
 Quantities calculated on free energies:
       T/K          δSrrho           Cp(T)     [H(T)-H(0)]
   -------------------------------------------------------
    278.15    0.222919E+01    0.760625E+00        0.251678
    288.15    0.225347E+01    0.755082E+00        0.259573
    298.15    0.227604E+01    0.751959E+00        0.267461
    308.15    0.229705E+01    0.750816E+00        0.275363
    318.15    0.231664E+01    0.751265E+00        0.283296
    328.15    0.233493E+01    0.752960E+00        0.291273
    338.15    0.235203E+01    0.755601E+00        0.299304
    348.15    0.236802E+01    0.758928E+00        0.307396
    358.15    0.238300E+01    0.762717E+00        0.315554
    368.15    0.239703E+01    0.766776E+00        0.323781
    378.15    0.241019E+01    0.770945E+00        0.332077
   -------------------------------------------------------
   NOTE: δSrrho(T) = |S(T)| - Sref(T)
 
 ----------------------
 TEMPERATURE DEPENDENCE
 ----------------------
 
 Final CONFORMATIONAL quantities at given T:
       T/K        S(total)           Cp(T)     [H(T)-H(0)]        G(total)
   -----------------------------------------------------------------------
    278.15        4.337156        0.760625        0.251678       -0.954702
    288.15        4.386071        0.755082        0.259573       -1.004273
    298.15        4.432944        0.751959        0.267461       -1.054221
    308.15        4.477999        0.750816        0.275363       -1.104533
    318.15        4.521420        0.751265        0.283296       -1.155194
    328.15        4.563355        0.752960        0.291273       -1.206192
    338.15        4.603924        0.755601        0.299304       -1.257513
    348.15        4.643228        0.758928        0.307396       -1.309144
    358.15        4.681349        0.762717        0.315554       -1.361071
    368.15        4.718353        0.766776        0.323781       -1.413281
    378.15        4.754297        0.770945        0.332077       -1.465760
   -----------------------------------------------------------------------
   S and Cp in cal/mol*K; H and G in kcal/mol
   G(total) is the ensemble free energy (H-T*S) and S(total) = S(conf,extrapol.) + δSrrho
 
 ----------------------------------------------------
 |      FINAL MOLECULAR ENTROPY AT T= 298.15 K      |
 ----------------------------------------------------
     Sconf   =          2.156903
   + δSrrho  =          2.276041
 -----------------------------------------------------
 = S(total)  =          4.432944  (cal mol⁻¹ K⁻¹)
 
   H(T)-H(0) =          0.267461
   G         =         -1.321682   (-T*S)
 -----------------------------------------------------
 = G(total)  =         -1.054221  (H-T*S) (kcal mol⁻¹)
 
   Cp(total) =          0.751959  (cal mol⁻¹ K⁻¹)
 
 
 -----------------
 Wall Time Summary
 -----------------
 CREST runtime (total)               0 d,  0 h,  0 min,  2.589 sec
 ------------------------------------------------------------------
 Trial metadynamics (MTD)   ...        0 min,  0.016 sec (  0.602%)
 Metadynamics (MTD)         ...        0 min,  0.577 sec ( 22.298%)
 Geometry optimization      ...        0 min,  1.651 sec ( 63.749%)
 Static metadynamics (sMTD) ...        0 min,  0.283 sec ( 10.934%)
 Conf. entropy evaluation   ...        0 min,  0.011 sec (  0.430%)
 I/O and setup              ...        0 min,  0.051 sec (  1.986%)
 ------------------------------------------------------------------
 * wall-time:     0 d,  0 h,  0 min,  2.589 sec
 *  cpu-time:     0 d,  0 h,  0 min, 26.066 sec
 * ratio c/w:    10.067 speedup
 ------------------------------------------------------------------
 * Total number of energy+grad calls: 171591
 
 CREST terminated normally.
