 
       ╔════════════════════════════════════════════╗
       ║            ___ ___ ___ ___ _____           ║
       ║           / __| _ \ __/ __|_   _|          ║
       ║          | (__|   / _|\__ \ | |            ║
       ║           \___|_|_\___|___/ |_|            ║
       ║                                            ║
       ║  Conformer-Rotamer Ensemble Sampling Tool  ║
       ║          based on the xTB methods          ║
       ║                                            ║
       ╚════════════════════════════════════════════╝
       Version 3.0.2, Sun Aug 25 20:02:36 UTC 2024
       commit (af7eb99) compiled by 'runner@fv-az1984-471'
 
   Cite work conducted with this code as

   • P.Pracht, F.Bohle, S.Grimme, PCCP, 2020, 22, 7169-7192.
   • S.Grimme, JCTC, 2019, 15, 2847-2862.
   • P.Pracht, S.Grimme, C.Bannwarth, F.Bohle, S.Ehlert,
     G.Feldmann, J.Gorges, M.Müller, T.Neudecker, C.Plett,
     S.Spicher, P.Steinbach, P.Wesołowski, F.Zeller,
     J. Chem. Phys., 2024, 160, 114110.

   for works involving QCG cite

   • S.Spicher, C.Plett, P.Pracht, A.Hansen, S.Grimme,
     JCTC, 2022, 18 (5), 3174-3189.
   • C.Plett, S. Grimme,
     Angew. Chem. Int. Ed. 2023, 62, e202214477.

   for works involving MECP screening cite

   • P.Pracht, C.Bannwarth, JCTC, 2022, 18 (10), 6370-6385.
 
   Original code
     P.Pracht, S.Grimme, Universität Bonn, MCTC
   with help from (alphabetical order):
     C.Bannwarth, F.Bohle, S.Ehlert, G.Feldmann, J.Gorges,
     S.Grimme, C.Plett, P.Pracht, S.Spicher, P.Steinbach,
     P.Wesolowski, F.Zeller
 
   Online documentation is available at
   https://crest-lab.github.io/crest-docs/
 
   This program is distributed in the hope that it will be useful,
   but WITHOUT ANY WARRANTY; without even the implied warranty of
   MERCHANTABILITY or FITNESS FOR A PARTICULAR PURPOSE. See the
   GNU Lesser General Public License (LGPL) for more details.

 Command line input:
 $ crest IMROMDMJAWUWLK-UHFFFAOYSA-N-1.xyz -gfnff -entropy -T 16 -chrg 0 -uhf 0

  --gfnff : Use of GFN-FF requested.
  -entropy : enhanced ensemble entropy calculation
  -T 16 (CPUs/Threads selected)
  -chrg 0
  -uhf 0
Parsing xtb-type input file bondlengths to set up calculators ...

> Setting up backup calculator ... done.
 ----------------
 Calculation info
 ----------------
> User-defined calculation level:
 : GFN-FF calculation via GFNFF lib
 :   Molecular charge    : 0
 
> User-defined constraints:
> constraint: distance atoms: 1,2
  d(AA)=     1.33896 k= 0.02000
> constraint: distance atoms: 1,4
  d(AA)=     1.09317 k= 0.02000
> constraint: distance atoms: 1,5
  d(AA)=     1.09803 k= 0.02000
> constraint: distance atoms: 2,3
  d(AA)=     1.35367 k= 0.02000
> constraint: distance atoms: 2,6
  d(AA)=     1.09626 k= 0.02000
> constraint: distance atoms: 3,7
  d(AA)=     0.97419 k= 0.02000
> constraint: distance atoms: 4,3
  d(AA)=     3.37983 k= 0.02000
> constraint: distance atoms: 4,6
  d(AA)=     2.47284 k= 0.02000
> constraint: distance atoms: 5,3
  d(AA)=     2.74573 k= 0.02000
> constraint: distance atoms: 5,6
  d(AA)=     3.11990 k= 0.02000
 
 
 -----------------------------
 Initial Geometry Optimization
 -----------------------------
 Geometry successfully optimized.
 
          ┍━━━━━━━━━━━━━━━━━━━━━━━━━━━━━━━━━━━━━━━━━━━━━━━━━┑
          │              CREST ENTROPY SAMPLING             │
          ┕━━━━━━━━━━━━━━━━━━━━━━━━━━━━━━━━━━━━━━━━━━━━━━━━━┙
 
 please cite:
 • P.Pracht, S.Grimme, Chem. Sci., 2021, 12, 6551-6568.
 • J.Gorges, S.Grimme, A.Hansen, P.Pracht, PCCP, 2022,24, 12249-12259.
 
 Input structure:
  7
 
 C         -1.2492507009        0.1921812835       -0.0000000000
 C         -0.0757781222       -0.4361310992        0.0000000000
 O          1.1607561074        0.1475889452        0.0000000000
 H         -2.1798192946       -0.3432882203        0.0000000000
 H         -1.3154921697        1.2653683776       -0.0000000000
 H         -0.0282744123       -1.5214303671       -0.0000000000
 H          1.0681365781        1.1256312517       -0.0000000000
 
 ------------------------------------------------
 Generating MTD length from a flexibility measure
 ------------------------------------------------
 Calculating GFN0-xTB WBOs   ... done.
 Calculating NCI flexibility ... done.
     covalent flexibility measure :   0.000
 non-covalent flexibility measure :   0.927
 flexibility measure :   0.000
 t(MTD) / ps    :     5.0
 Σ(t(MTD)) / ps :   120.0 (24 MTDs)
 
 -----------------------------------
 Starting trial MTD to test settings
 -----------------------------------
 Trial MTD 1 runtime (1.0 ps) ...        0 min,  0.008 sec
 Estimated runtime for one MTD (5.0 ps) on a single thread: 0 sec
 Estimated runtime for a batch of 24 MTDs on 16 threads: 0 sec
 
******************************************************************************************
**                         N E W   I T E R A T I O N  C Y C L E                         **
******************************************************************************************
 
 ------------------------------
 Meta-Dynamics Iteration 1
 ------------------------------
 list of applied metadynamics Vbias parameters:
$metadyn    0.05250   1.618
$metadyn    0.02625   1.618
$metadyn    0.01312   1.618
$metadyn    0.00656   1.618
$metadyn    0.05250   1.000
$metadyn    0.02625   1.000
$metadyn    0.01312   1.000
$metadyn    0.00656   1.000
$metadyn    0.05250   0.618
$metadyn    0.02625   0.618
$metadyn    0.01312   0.618
$metadyn    0.00656   0.618
$metadyn    0.05250   0.382
$metadyn    0.02625   0.382
$metadyn    0.01312   0.382
$metadyn    0.00656   0.382
$metadyn    0.05250   0.236
$metadyn    0.02625   0.236
$metadyn    0.01312   0.236
$metadyn    0.00656   0.236
$metadyn    0.05250   0.146
$metadyn    0.02625   0.146
$metadyn    0.01312   0.146
$metadyn    0.00656   0.146
 
  ::::::::::::: starting MTD    1 :::::::::::::
  |   MD simulation time   :     5.0 ps       |
  |   target T             :   300.0 K        |
  |   timestep dt          :     1.5 fs       |
  |   dump interval(trj)   :   100.0 fs       |
  |   SHAKE algorithm      : true (all bonds) |
  |   dump interval(Vbias) :    1.00 ps       |
  |   Vbias prefactor (k)  :  0.0525 Eh       |
  |   Vbias exponent (α)   :  1.6180 bohr⁻²   |
  ::::::::::::: starting MTD    7 :::::::::::::
  |   MD simulation time   :     5.0 ps       |
  |   target T             :   300.0 K        |
  |   timestep dt          :     1.5 fs       |
  |   dump interval(trj)   :   100.0 fs       |
  |   SHAKE algorithm      : true (all bonds) |
  |   dump interval(Vbias) :    1.00 ps       |
  |   Vbias prefactor (k)  :  0.0131 Eh       |
  |   Vbias exponent (α)   :  1.0000 bohr⁻²   |
  ::::::::::::: starting MTD   21 :::::::::::::
  |   MD simulation time   :     5.0 ps       |
  |   target T             :   300.0 K        |
  |   timestep dt          :     1.5 fs       |
  |   dump interval(trj)   :   100.0 fs       |
  |   SHAKE algorithm      : true (all bonds) |
  |   dump interval(Vbias) :    1.00 ps       |
  |   Vbias prefactor (k)  :  0.0525 Eh       |
  |   Vbias exponent (α)   :  0.1459 bohr⁻²   |
  ::::::::::::: starting MTD   24 :::::::::::::
  |   MD simulation time   :     5.0 ps       |
  |   target T             :   300.0 K        |
  |   timestep dt          :     1.5 fs       |
  |   dump interval(trj)   :   100.0 fs       |
  |   SHAKE algorithm      : true (all bonds) |
  |   dump interval(Vbias) :    1.00 ps       |
  |   Vbias prefactor (k)  :  0.0066 Eh       |
  |   Vbias exponent (α)   :  0.1459 bohr⁻²   |
  ::::::::::::: starting MTD    5 :::::::::::::
  |   MD simulation time   :     5.0 ps       |
  |   target T             :   300.0 K        |
  |   timestep dt          :     1.5 fs       |
  |   dump interval(trj)   :   100.0 fs       |
  |   SHAKE algorithm      : true (all bonds) |
  |   dump interval(Vbias) :    1.00 ps       |
  |   Vbias prefactor (k)  :  0.0525 Eh       |
  |   Vbias exponent (α)   :  1.0000 bohr⁻²   |
  ::::::::::::: starting MTD    3 :::::::::::::
  |   MD simulation time   :     5.0 ps       |
  |   target T             :   300.0 K        |
  |   timestep dt          :     1.5 fs       |
  |   dump interval(trj)   :   100.0 fs       |
  |   SHAKE algorithm      : true (all bonds) |
  |   dump interval(Vbias) :    1.00 ps       |
  |   Vbias prefactor (k)  :  0.0131 Eh       |
  |   Vbias exponent (α)   :  1.6180 bohr⁻²   |
  ::::::::::::: starting MTD   17 :::::::::::::
  |   MD simulation time   :     5.0 ps       |
  |   target T             :   300.0 K        |
  |   timestep dt          :     1.5 fs       |
  |   dump interval(trj)   :   100.0 fs       |
  |   SHAKE algorithm      : true (all bonds) |
  |   dump interval(Vbias) :    1.00 ps       |
  |   Vbias prefactor (k)  :  0.0525 Eh       |
  |   Vbias exponent (α)   :  0.2361 bohr⁻²   |
  ::::::::::::: starting MTD   23 :::::::::::::
  |   MD simulation time   :     5.0 ps       |
  |   target T             :   300.0 K        |
  |   timestep dt          :     1.5 fs       |
  |   dump interval(trj)   :   100.0 fs       |
  |   SHAKE algorithm      : true (all bonds) |
  |   dump interval(Vbias) :    1.00 ps       |
  |   Vbias prefactor (k)  :  0.0131 Eh       |
  |   Vbias exponent (α)   :  0.1459 bohr⁻²   |
  ::::::::::::: starting MTD   20 :::::::::::::
  |   MD simulation time   :     5.0 ps       |
  |   target T             :   300.0 K        |
  |   timestep dt          :     1.5 fs       |
  |   dump interval(trj)   :   100.0 fs       |
  |   SHAKE algorithm      : true (all bonds) |
  |   dump interval(Vbias) :    1.00 ps       |
  |   Vbias prefactor (k)  :  0.0066 Eh       |
  |   Vbias exponent (α)   :  0.2361 bohr⁻²   |
  ::::::::::::: starting MTD    9 :::::::::::::
  |   MD simulation time   :     5.0 ps       |
  |   target T             :   300.0 K        |
  |   timestep dt          :     1.5 fs       |
  |   dump interval(trj)   :   100.0 fs       |
  |   SHAKE algorithm      : true (all bonds) |
  |   dump interval(Vbias) :    1.00 ps       |
  |   Vbias prefactor (k)  :  0.0525 Eh       |
  |   Vbias exponent (α)   :  0.6180 bohr⁻²   |
  ::::::::::::: starting MTD   22 :::::::::::::
  |   MD simulation time   :     5.0 ps       |
  |   target T             :   300.0 K        |
  |   timestep dt          :     1.5 fs       |
  |   dump interval(trj)   :   100.0 fs       |
  |   SHAKE algorithm      : true (all bonds) |
  |   dump interval(Vbias) :    1.00 ps       |
  |   Vbias prefactor (k)  :  0.0262 Eh       |
  |   Vbias exponent (α)   :  0.1459 bohr⁻²   |
  ::::::::::::: starting MTD   15 :::::::::::::
  |   MD simulation time   :     5.0 ps       |
  |   target T             :   300.0 K        |
  |   timestep dt          :     1.5 fs       |
  |   dump interval(trj)   :   100.0 fs       |
  |   SHAKE algorithm      : true (all bonds) |
  |   dump interval(Vbias) :    1.00 ps       |
  |   Vbias prefactor (k)  :  0.0131 Eh       |
  |   Vbias exponent (α)   :  0.3820 bohr⁻²   |
  ::::::::::::: starting MTD   18 :::::::::::::
  |   MD simulation time   :     5.0 ps       |
  |   target T             :   300.0 K        |
  |   timestep dt          :     1.5 fs       |
  |   dump interval(trj)   :   100.0 fs       |
  |   SHAKE algorithm      : true (all bonds) |
  |   dump interval(Vbias) :    1.00 ps       |
  |   Vbias prefactor (k)  :  0.0262 Eh       |
  |   Vbias exponent (α)   :  0.2361 bohr⁻²   |
  ::::::::::::: starting MTD   11 :::::::::::::
  |   MD simulation time   :     5.0 ps       |
  |   target T             :   300.0 K        |
  |   timestep dt          :     1.5 fs       |
  |   dump interval(trj)   :   100.0 fs       |
  |   SHAKE algorithm      : true (all bonds) |
  |   dump interval(Vbias) :    1.00 ps       |
  |   Vbias prefactor (k)  :  0.0131 Eh       |
  |   Vbias exponent (α)   :  0.6180 bohr⁻²   |
  ::::::::::::: starting MTD   19 :::::::::::::
  |   MD simulation time   :     5.0 ps       |
  |   target T             :   300.0 K        |
  |   timestep dt          :     1.5 fs       |
  |   dump interval(trj)   :   100.0 fs       |
  |   SHAKE algorithm      : true (all bonds) |
  |   dump interval(Vbias) :    1.00 ps       |
  |   Vbias prefactor (k)  :  0.0131 Eh       |
  |   Vbias exponent (α)   :  0.2361 bohr⁻²   |
  ::::::::::::: starting MTD   13 :::::::::::::
  |   MD simulation time   :     5.0 ps       |
  |   target T             :   300.0 K        |
  |   timestep dt          :     1.5 fs       |
  |   dump interval(trj)   :   100.0 fs       |
  |   SHAKE algorithm      : true (all bonds) |
  |   dump interval(Vbias) :    1.00 ps       |
  |   Vbias prefactor (k)  :  0.0525 Eh       |
  |   Vbias exponent (α)   :  0.3820 bohr⁻²   |
*MTD  22 completed successfully ...        0 min,  0.108 sec
*MTD   1 completed successfully ...        0 min,  0.109 sec
*MTD  17 completed successfully ...        0 min,  0.109 sec
  ::::::::::::: starting MTD    2 :::::::::::::
  |   MD simulation time   :     5.0 ps       |
  |   target T             :   300.0 K        |
  |   timestep dt          :     1.5 fs       |
  |   dump interval(trj)   :   100.0 fs       |
  |   SHAKE algorithm      : true (all bonds) |
  |   dump interval(Vbias) :    1.00 ps       |
  |   Vbias prefactor (k)  :  0.0262 Eh       |
  |   Vbias exponent (α)   :  1.6180 bohr⁻²   |
*MTD   5 completed successfully ...        0 min,  0.109 sec
  ::::::::::::: starting MTD    6 :::::::::::::
  |   MD simulation time   :     5.0 ps       |
  |   target T             :   300.0 K        |
  |   timestep dt          :     1.5 fs       |
  |   dump interval(trj)   :   100.0 fs       |
  |   SHAKE algorithm      : true (all bonds) |
  |   dump interval(Vbias) :    1.00 ps       |
  |   Vbias prefactor (k)  :  0.0262 Eh       |
  |   Vbias exponent (α)   :  1.0000 bohr⁻²   |
*MTD  19 completed successfully ...        0 min,  0.109 sec
*MTD   7 completed successfully ...        0 min,  0.109 sec
  ::::::::::::: starting MTD    8 :::::::::::::
  |   MD simulation time   :     5.0 ps       |
  |   target T             :   300.0 K        |
  |   timestep dt          :     1.5 fs       |
  |   dump interval(trj)   :   100.0 fs       |
  |   SHAKE algorithm      : true (all bonds) |
  |   dump interval(Vbias) :    1.00 ps       |
  |   Vbias prefactor (k)  :  0.0066 Eh       |
  |   Vbias exponent (α)   :  1.0000 bohr⁻²   |
*MTD   9 completed successfully ...        0 min,  0.110 sec
  ::::::::::::: starting MTD   10 :::::::::::::
  |   MD simulation time   :     5.0 ps       |
  |   target T             :   300.0 K        |
  |   timestep dt          :     1.5 fs       |
  |   dump interval(trj)   :   100.0 fs       |
  |   SHAKE algorithm      : true (all bonds) |
  |   dump interval(Vbias) :    1.00 ps       |
  |   Vbias prefactor (k)  :  0.0262 Eh       |
  |   Vbias exponent (α)   :  0.6180 bohr⁻²   |
*MTD  20 completed successfully ...        0 min,  0.110 sec
*MTD  15 completed successfully ...        0 min,  0.110 sec
  ::::::::::::: starting MTD   16 :::::::::::::
  |   MD simulation time   :     5.0 ps       |
  |   target T             :   300.0 K        |
  |   timestep dt          :     1.5 fs       |
  |   dump interval(trj)   :   100.0 fs       |
  |   SHAKE algorithm      : true (all bonds) |
  |   dump interval(Vbias) :    1.00 ps       |
  |   Vbias prefactor (k)  :  0.0066 Eh       |
  |   Vbias exponent (α)   :  0.3820 bohr⁻²   |
*MTD  11 completed successfully ...        0 min,  0.110 sec
  ::::::::::::: starting MTD   12 :::::::::::::
  |   MD simulation time   :     5.0 ps       |
  |   target T             :   300.0 K        |
  |   timestep dt          :     1.5 fs       |
  |   dump interval(trj)   :   100.0 fs       |
  |   SHAKE algorithm      : true (all bonds) |
  |   dump interval(Vbias) :    1.00 ps       |
  |   Vbias prefactor (k)  :  0.0066 Eh       |
  |   Vbias exponent (α)   :  0.6180 bohr⁻²   |
*MTD  23 completed successfully ...        0 min,  0.110 sec
*MTD  24 completed successfully ...        0 min,  0.110 sec
*MTD  21 completed successfully ...        0 min,  0.110 sec
*MTD   3 completed successfully ...        0 min,  0.110 sec
  ::::::::::::: starting MTD    4 :::::::::::::
  |   MD simulation time   :     5.0 ps       |
  |   target T             :   300.0 K        |
  |   timestep dt          :     1.5 fs       |
  |   dump interval(trj)   :   100.0 fs       |
  |   SHAKE algorithm      : true (all bonds) |
  |   dump interval(Vbias) :    1.00 ps       |
  |   Vbias prefactor (k)  :  0.0066 Eh       |
  |   Vbias exponent (α)   :  1.6180 bohr⁻²   |
*MTD  13 completed successfully ...        0 min,  0.110 sec
  ::::::::::::: starting MTD   14 :::::::::::::
  |   MD simulation time   :     5.0 ps       |
  |   target T             :   300.0 K        |
  |   timestep dt          :     1.5 fs       |
  |   dump interval(trj)   :   100.0 fs       |
  |   SHAKE algorithm      : true (all bonds) |
  |   dump interval(Vbias) :    1.00 ps       |
  |   Vbias prefactor (k)  :  0.0262 Eh       |
  |   Vbias exponent (α)   :  0.3820 bohr⁻²   |
*MTD  18 completed successfully ...        0 min,  0.111 sec
*MTD   2 completed successfully ...        0 min,  0.066 sec
*MTD   6 completed successfully ...        0 min,  0.066 sec
*MTD  16 completed successfully ...        0 min,  0.067 sec
*MTD  12 completed successfully ...        0 min,  0.067 sec
*MTD   8 completed successfully ...        0 min,  0.068 sec
*MTD  10 completed successfully ...        0 min,  0.067 sec
*MTD   4 completed successfully ...        0 min,  0.068 sec
*MTD  14 completed successfully ...        0 min,  0.068 sec
 
 ======================================
 |  Multilevel Ensemble Optimization  |
 ======================================
 Optimizing all 1176 structures from file "crest_dynamics.trj" ...
 ----------------------
 crude pre-optimization
 ----------------------
 Optimization engine: ANCOPT
 Hessian update type: BFGS
 E/G convergence criteria:  0.500E-03 Eh, 0.100E-01 Eh/a0
 maximum optimization steps: 200
 |>0.1% |>7.6% |>15.1% |>22.5% |>30.0% |>37.5% |>45.1% |>52.6% |>60.0% |>67.5% |>75.0% |>82.6% |>90.1% |>97.5% |>100.0%
 done.
> 1176 of 1176 structures successfully optimized (100.0% success)
> Total runtime for 1176 optimizations:
 * wall-time:     0 d,  0 h,  0 min,  0.076 sec
 *  cpu-time:     0 d,  0 h,  0 min,  1.220 sec
 * ratio c/w:    15.963 speedup
> Corresponding to approximately 0.000 sec per processed structure
 
CREGEN> number of topology-based structure removals: 24
CREGEN> running RMSDs ... done.
CREGEN> E lowest :    -1.10040
 19 structures remain within    12.00 kcal/mol window
 ----------------------------------
 optimization with tight thresholds
 ----------------------------------
 Optimization engine: ANCOPT
 Hessian update type: BFGS
 E/G convergence criteria:  0.100E-05 Eh, 0.800E-03 Eh/a0
 maximum optimization steps: 200
 |>5.3% |>10.5% |>21.1% |>31.6% |>42.1% |>52.6% |>63.2% |>73.7% |>84.2% |>94.7% |>100.0%
 done.
> 19 of 19 structures successfully optimized (100.0% success)
> Total runtime for 19 optimizations:
 * wall-time:     0 d,  0 h,  0 min,  0.003 sec
 *  cpu-time:     0 d,  0 h,  0 min,  0.041 sec
 * ratio c/w:    15.809 speedup
> Corresponding to approximately 0.000 sec per processed structure
 
CREGEN> running RMSDs ... done.
CREGEN> E lowest :    -1.10041
 2 structures remain within     6.00 kcal/mol window
 
========================================
           MTD Simulations done         
========================================
 Collecting ensmbles.
CREGEN> running RMSDs ... done.
CREGEN> E lowest :    -1.10041
 2 structures remain within     6.00 kcal/mol window
     H(298.15K)-H(0) (conf)      0.154682
                   Cp(conf)      0.757975
                    S(conf)      0.845522
 
******************************************************************************************
**                          I T E R A T I O N    C Y C L E      1                       **
******************************************************************************************
 -------------------------------------------
 determining bias structures via PCA/k-Means
 -------------------------------------------
 There are not enough descriptors for a PCA!
 Taking all structures as representative and writing crest_clustered.xyz
 2 structures were selected
 done.

 -----------------------------------------------
 determining MTD seed structures via PCA/k-Means
 -----------------------------------------------
 There are not enough descriptors for a PCA!
 Taking all structures as representative and writing crest_clustered.xyz
 2 structures were selected
 done.


 ==========================================================
 Static MTDs (umbrella sampling) on 2 selected conformer(s)
 ==========================================================
> Using 2 constant RMSD bias potentials per MTD
  :::::::::: starting static MTD   2 ::::::::::
  |   MD simulation time   :     2.5 ps       |
  |   target T             :   400.0 K        |
  |   timestep dt          :     1.5 fs       |
  |   dump interval(trj)   :   100.0 fs       |
  |   SHAKE algorithm      : true (all bonds) |
  |   Vbias prefactor (k)  :  0.0003 Eh       |
  |   Vbias exponent (α)   :  1.0000 bohr⁻²   |
  :::::::::: starting static MTD   1 ::::::::::
  |   MD simulation time   :     2.5 ps       |
  |   target T             :   400.0 K        |
  |   timestep dt          :     1.5 fs       |
  |   dump interval(trj)   :   100.0 fs       |
  |   SHAKE algorithm      : true (all bonds) |
  |   Vbias prefactor (k)  :  0.0003 Eh       |
  |   Vbias exponent (α)   :  1.0000 bohr⁻²   |
*sMTD   2 completed successfully ...        0 min,  0.405 sec
*sMTD   1 completed successfully ...        0 min,  0.407 sec
 
 ======================================
 |  Multilevel Ensemble Optimization  |
 ======================================
 Optimizing all 48 structures from file "crest_rotamers_0.xyz" ...
 ----------------------
 crude pre-optimization
 ----------------------
 Optimization engine: ANCOPT
 Hessian update type: BFGS
 E/G convergence criteria:  0.500E-03 Eh, 0.100E-01 Eh/a0
 maximum optimization steps: 200
 |>2.1% |>10.4% |>20.8% |>31.2% |>41.7% |>50.0% |>60.4% |>70.8% |>81.2% |>91.7% |>100.0%
 done.
> 48 of 48 structures successfully optimized (100.0% success)
> Total runtime for 48 optimizations:
 * wall-time:     0 d,  0 h,  0 min,  0.003 sec
 *  cpu-time:     0 d,  0 h,  0 min,  0.053 sec
 * ratio c/w:    15.751 speedup
> Corresponding to approximately 0.000 sec per processed structure
 
CREGEN> running RMSDs ... done.
CREGEN> E lowest :    -1.10039
 4 structures remain within    12.00 kcal/mol window
 ---------------------------------------
 optimization with very tight thresholds
 ---------------------------------------
 Optimization engine: ANCOPT
 Hessian update type: BFGS
 E/G convergence criteria:  0.100E-06 Eh, 0.200E-03 Eh/a0
 maximum optimization steps: 200
 |>25.0% |>50.0% |>75.0% |>100.0%
 done.
> 4 of 4 structures successfully optimized (100.0% success)
> Total runtime for 4 optimizations:
 * wall-time:     0 d,  0 h,  0 min,  0.002 sec
 *  cpu-time:     0 d,  0 h,  0 min,  0.010 sec
 * ratio c/w:     5.074 speedup
> Corresponding to approximately 0.000 sec per processed structure
 
CREGEN> running RMSDs ... done.
CREGEN> E lowest :    -1.10041
 2 structures remain within     6.00 kcal/mol window
CREGEN> running RMSDs ... done.
CREGEN> E lowest :    -1.10041
 
 Static MTD simulation iteration 1 finished
 A total of 2 conformers (+ 0.00%) in crest_conformers.xyz
 S(approx.) =    0.846194 cal/molK (dS = 0.00%)
 Convergence w.r.t. conformers:  T
 Convergence w.r.t. entropy   :  T
 
     H(298.15K)-H(0) (conf)      0.154683
                   Cp(conf)      0.757967
                    S(conf)      0.845531


 --------------------------
 Final Ensemble Information
 --------------------------
 input  file name : crest_rotamers_2.xyz
 output file name : crest_rotamers_3.xyz
 number of atoms                :   7
 number of points on xyz files  :   4
 RMSD threshold                 :   0.1250
 Bconst threshold               :   0.0100
 population threshold           :   0.0500
 # fragment in coord            :     1
 # bonds in reference structure :     6
   => # of C=C bonds :     1
 number of reliable points      :     4
 sorting energy window (EWIN)   :    6.0000 / kcal*mol⁻¹
 reference state Etot           :  -1.10040659000000
 number of doubles removed by rot/RMSD         :           2
 total number unique points considered further :           2
       Erel/kcal        Etot weight/tot  conformer     set   degen     origin
       1   0.000    -1.10041    0.84820    0.84820       1       1
       2   1.020    -1.09878    0.15180    0.15180       2       1
T /K                                  :   298.15
E lowest                              :    -1.10041
ensemble average energy (kcal)        :    0.155
ensemble entropy (J/mol K, cal/mol K) :    3.540    0.846
ensemble free energy (kcal/mol)       :   -0.252
population of lowest in %             :   84.820
 number of unique conformers for further calc            2
 list of relative energies saved as "crest.energies"
 compare nuclear equivalencies ...
::::::::::: conformer group all :::::::::::
 chemical equivalencies (mag.active nuclei):
 magnetic equivalencies:
 
******************************************************************************************
**                           ENSEMBLE ENTROPY CALCULATION                               **
******************************************************************************************
======================================================
 Containing 2 conformers :
     H(298.15K)-H(0) (conf)      0.154682
                   Cp(conf)      0.757975
                    S(conf)      0.845522
======================================================
 Containing 2 conformers :
     H(298.15K)-H(0) (conf)      0.154683
                   Cp(conf)      0.757967
                    S(conf)      0.845531
======================================================

 --------------------------------------
 FINAL CALCULATION OF MOLECULAR ENTROPY
 --------------------------------------
 
WARNING: Not enough blocks for extrapolation.
         Taking full ensemble entropy instead.

FINAL ENTROPY (max conf.)  :      0.84553
 
 ----------------------------------
 Frequency Calculation and Averages
 ----------------------------------
 Nconf on file      : 2
 Taken for Hessians : 2 (=100.00% total population)
 T range  /K    :   278.15   378.15
 scaling factor :          1.000000     
 rotor cutoff   :         25.000000 cm⁻¹
 imag. cutoff   :        -50.000000 cm⁻¹
 
 Running 2 calculations ...
 |>50.0% |>100.0%
 done.
 calculating averages for G and S ...    done.
 calculating Boltzmann weights ...       done.
 calculating reference S (bhess) ... > bhess not implemented for calculator routines
    done.
 calculating δSrrho ...                  done.
 
 Coordinates for the bhess reference structure (Ångström):
 -----------------------------------------------------------
  7
 
 C         -1.2569886277        0.2063045099        0.0000000000
 C         -0.0771749719       -0.4268349017        0.0000000000
 O          1.1553276690        0.1329501003        0.0000000000
 H         -2.1871869302       -0.3679298902        0.0000000000
 H         -1.3291162935        1.3019619278        0.0000000000
 H          0.0007201655       -1.5203279130        0.0000000000
 H          1.0746969746        1.1037963383        0.0000000000
 -----------------------------------------------------------
 as read from <coord>
 Heavy-atom RMSD between lowest conformer and this reference :
 RMSD(heavy) =        0.007162 Å
 
 msRRHO(bhess) reference entropies:
      278.15         61.030776
      288.15         61.506779
      298.15         61.976814
      308.15         62.441282
      318.15         62.900528
      328.15         63.354849
      338.15         63.804501
      348.15         64.249704
      358.15         64.690650
      368.15         65.127502
      378.15         65.560403

       T/K  |S(T)|/cal/molK       |G(T)|/Eh     G_lowest/Eh    (conf)
   -----------------------------------------------------------------
    278.15    0.607109E+02    0.338732E-01       -1.066488         1
    288.15    0.611902E+02    0.329014E-01       -1.067459         1
    298.15    0.616637E+02    0.319220E-01       -1.068438         1
    308.15    0.621320E+02    0.309351E-01       -1.069424         1
    318.15    0.625952E+02    0.299408E-01       -1.070418         1
    328.15    0.630535E+02    0.289392E-01       -1.071419         1
    338.15    0.635073E+02    0.279303E-01       -1.072427         1
    348.15    0.639566E+02    0.269142E-01       -1.073442         1
    358.15    0.644017E+02    0.258910E-01       -1.074464         1
    368.15    0.648426E+02    0.248607E-01       -1.075494         1
    378.15    0.652796E+02    0.238234E-01       -1.076530         1
   -----------------------------------------------------------------
   NOTE: if |G(T)| is the averaged contributrion to the free energy.
   |G(T)| used only for the higher-energetic structures (n > 2).
   All other structures use G(T) from the respective Hessian calculations.
 
 Quantities calculated on free energies:
       T/K          δSrrho           Cp(T)     [H(T)-H(0)]
   -------------------------------------------------------
    278.15   -0.319846E+00    0.765482E+00        0.143456
    288.15   -0.316621E+00    0.743269E+00        0.151065
    298.15   -0.313084E+00    0.720673E+00        0.158446
    308.15   -0.309314E+00    0.697955E+00        0.165593
    318.15   -0.305378E+00    0.675321E+00        0.172507
    328.15   -0.301332E+00    0.652936E+00        0.179189
    338.15   -0.297223E+00    0.630927E+00        0.185641
    348.15   -0.293088E+00    0.609389E+00        0.191868
    358.15   -0.288959E+00    0.588395E+00        0.197874
    368.15   -0.284861E+00    0.567996E+00        0.203666
    378.15   -0.280816E+00    0.548227E+00        0.209248
   -------------------------------------------------------
   NOTE: δSrrho(T) = |S(T)| - Sref(T)
 
 ----------------------
 TEMPERATURE DEPENDENCE
 ----------------------
 
 Final CONFORMATIONAL quantities at given T:
       T/K        S(total)           Cp(T)     [H(T)-H(0)]        G(total)
   -----------------------------------------------------------------------
    278.15        0.471654        0.765482        0.143456        0.012265
    288.15        0.502705        0.743269        0.151065        0.006211
    298.15        0.532447        0.720673        0.158446       -0.000303
    308.15        0.560887        0.697955        0.165593       -0.007244
    318.15        0.588045        0.675321        0.172507       -0.014579
    328.15        0.613952        0.652936        0.179189       -0.022279
    338.15        0.638644        0.630927        0.185641       -0.030316
    348.15        0.662165        0.609389        0.191868       -0.038665
    358.15        0.684558        0.588395        0.197874       -0.047300
    368.15        0.705871        0.567996        0.203666       -0.056200
    378.15        0.726150        0.548227        0.209248       -0.065345
   -----------------------------------------------------------------------
   S and Cp in cal/mol*K; H and G in kcal/mol
   G(total) is the ensemble free energy (H-T*S) and S(total) = S(conf,extrapol.) + δSrrho
 
 ----------------------------------------------------
 |      FINAL MOLECULAR ENTROPY AT T= 298.15 K      |
 ----------------------------------------------------
     Sconf   =          0.845531
   + δSrrho  =         -0.313084
 -----------------------------------------------------
 = S(total)  =          0.532447  (cal mol⁻¹ K⁻¹)
 
   H(T)-H(0) =          0.158446
   G         =         -0.158749   (-T*S)
 -----------------------------------------------------
 = G(total)  =         -0.000303  (H-T*S) (kcal mol⁻¹)
 
   Cp(total) =          0.720673  (cal mol⁻¹ K⁻¹)
 
 
 -----------------
 Wall Time Summary
 -----------------
 CREST runtime (total)               0 d,  0 h,  0 min,  1.031 sec
 ------------------------------------------------------------------
 Trial metadynamics (MTD)   ...        0 min,  0.008 sec (  0.824%)
 Metadynamics (MTD)         ...        0 min,  0.252 sec ( 24.397%)
 Geometry optimization      ...        0 min,  0.305 sec ( 29.590%)
 Static metadynamics (sMTD) ...        0 min,  0.414 sec ( 40.115%)
 Conf. entropy evaluation   ...        0 min,  0.007 sec (  0.686%)
 I/O and setup              ...        0 min,  0.045 sec (  4.387%)
 ------------------------------------------------------------------
 * wall-time:     0 d,  0 h,  0 min,  1.031 sec
 *  cpu-time:     0 d,  0 h,  0 min,  6.057 sec
 * ratio c/w:     5.875 speedup
 ------------------------------------------------------------------
 * Total number of energy+grad calls: 93387
 
 CREST terminated normally.
