 
       ╔════════════════════════════════════════════╗
       ║            ___ ___ ___ ___ _____           ║
       ║           / __| _ \ __/ __|_   _|          ║
       ║          | (__|   / _|\__ \ | |            ║
       ║           \___|_|_\___|___/ |_|            ║
       ║                                            ║
       ║  Conformer-Rotamer Ensemble Sampling Tool  ║
       ║          based on the xTB methods          ║
       ║                                            ║
       ╚════════════════════════════════════════════╝
       Version 3.0.2, Sun Aug 25 20:02:36 UTC 2024
       commit (af7eb99) compiled by 'runner@fv-az1984-471'
 
   Cite work conducted with this code as

   • P.Pracht, F.Bohle, S.Grimme, PCCP, 2020, 22, 7169-7192.
   • S.Grimme, JCTC, 2019, 15, 2847-2862.
   • P.Pracht, S.Grimme, C.Bannwarth, F.Bohle, S.Ehlert,
     G.Feldmann, J.Gorges, M.Müller, T.Neudecker, C.Plett,
     S.Spicher, P.Steinbach, P.Wesołowski, F.Zeller,
     J. Chem. Phys., 2024, 160, 114110.

   for works involving QCG cite

   • S.Spicher, C.Plett, P.Pracht, A.Hansen, S.Grimme,
     JCTC, 2022, 18 (5), 3174-3189.
   • C.Plett, S. Grimme,
     Angew. Chem. Int. Ed. 2023, 62, e202214477.

   for works involving MECP screening cite

   • P.Pracht, C.Bannwarth, JCTC, 2022, 18 (10), 6370-6385.
 
   Original code
     P.Pracht, S.Grimme, Universität Bonn, MCTC
   with help from (alphabetical order):
     C.Bannwarth, F.Bohle, S.Ehlert, G.Feldmann, J.Gorges,
     S.Grimme, C.Plett, P.Pracht, S.Spicher, P.Steinbach,
     P.Wesolowski, F.Zeller
 
   Online documentation is available at
   https://crest-lab.github.io/crest-docs/
 
   This program is distributed in the hope that it will be useful,
   but WITHOUT ANY WARRANTY; without even the implied warranty of
   MERCHANTABILITY or FITNESS FOR A PARTICULAR PURPOSE. See the
   GNU Lesser General Public License (LGPL) for more details.

 Command line input:
 $ crest JRXXLCKWQFKACW-UHFFFAOYSA-N-1.xyz -gfnff -entropy -T 16 -chrg 0 -uhf 0

  --gfnff : Use of GFN-FF requested.
  -entropy : enhanced ensemble entropy calculation
  -T 16 (CPUs/Threads selected)
  -chrg 0
  -uhf 0
Parsing xtb-type input file bondlengths to set up calculators ...

> Setting up backup calculator ... done.
 ----------------
 Calculation info
 ----------------
> User-defined calculation level:
 : GFN-FF calculation via GFNFF lib
 :   Molecular charge    : 0
 
> User-defined constraints:
  # bond constraints    : 25
 
 
 -----------------------------
 Initial Geometry Optimization
 -----------------------------
 Geometry successfully optimized.
 
          ┍━━━━━━━━━━━━━━━━━━━━━━━━━━━━━━━━━━━━━━━━━━━━━━━━━┑
          │              CREST ENTROPY SAMPLING             │
          ┕━━━━━━━━━━━━━━━━━━━━━━━━━━━━━━━━━━━━━━━━━━━━━━━━━┙
 
 please cite:
 • P.Pracht, S.Grimme, Chem. Sci., 2021, 12, 6551-6568.
 • J.Gorges, S.Grimme, A.Hansen, P.Pracht, PCCP, 2022,24, 12249-12259.
 
 Input structure:
  24
 
 C          0.6104716770       -0.0000000000       -0.0000000000
 C         -0.6104716770        0.0000000000       -0.0000000000
 C         -2.0231456107        0.0000000000       -0.0000000000
 C         -2.7345141183        1.1961505446       -0.0000000000
 C         -4.1141926760        1.1954395293       -0.0000000000
 C         -4.8052321993        0.0000000000       -0.0000000000
 C         -4.1141926760       -1.1954395293        0.0000000000
 C         -2.7345141183       -1.1961505446       -0.0000000000
 C          2.0231456107       -0.0000000000       -0.0000000000
 C          2.7345141183       -1.1961505446       -0.0000000000
 C          4.1141926760       -1.1954395293       -0.0000000000
 C          4.8052321993        0.0000000000        0.0000000000
 C          4.1141926760        1.1954395293        0.0000000000
 C          2.7345141183        1.1961505446        0.0000000000
 H         -2.1903649294        2.1265910839        0.0000000000
 H         -4.6533697804        2.1299237237       -0.0000000000
 H         -5.8841416020        0.0000000000        0.0000000000
 H         -4.6533697804       -2.1299237237        0.0000000000
 H         -2.1903649294       -2.1265910839        0.0000000000
 H          2.1903649294       -2.1265910839       -0.0000000000
 H          4.6533697804       -2.1299237237       -0.0000000000
 H          5.8841416020        0.0000000000        0.0000000000
 H          4.6533697804        2.1299237237        0.0000000000
 H          2.1903649294        2.1265910839        0.0000000000
 
 ------------------------------------------------
 Generating MTD length from a flexibility measure
 ------------------------------------------------
 Calculating GFN0-xTB WBOs   ... done.
 Calculating NCI flexibility ... done.
     covalent flexibility measure :   0.067
 non-covalent flexibility measure :   0.785
 flexibility measure :   0.135
 t(MTD) / ps    :     5.0
 Σ(t(MTD)) / ps :   120.0 (24 MTDs)
 
 -----------------------------------
 Starting trial MTD to test settings
 -----------------------------------
 Trial MTD 1 runtime (1.0 ps) ...        0 min,  0.049 sec
 Estimated runtime for one MTD (5.0 ps) on a single thread: 0 sec
 Estimated runtime for a batch of 24 MTDs on 16 threads: 0 sec
 
******************************************************************************************
**                         N E W   I T E R A T I O N  C Y C L E                         **
******************************************************************************************
 
 ------------------------------
 Meta-Dynamics Iteration 1
 ------------------------------
 list of applied metadynamics Vbias parameters:
$metadyn    0.18000   1.618
$metadyn    0.09000   1.618
$metadyn    0.04500   1.618
$metadyn    0.02250   1.618
$metadyn    0.18000   1.000
$metadyn    0.09000   1.000
$metadyn    0.04500   1.000
$metadyn    0.02250   1.000
$metadyn    0.18000   0.618
$metadyn    0.09000   0.618
$metadyn    0.04500   0.618
$metadyn    0.02250   0.618
$metadyn    0.18000   0.382
$metadyn    0.09000   0.382
$metadyn    0.04500   0.382
$metadyn    0.02250   0.382
$metadyn    0.18000   0.236
$metadyn    0.09000   0.236
$metadyn    0.04500   0.236
$metadyn    0.02250   0.236
$metadyn    0.18000   0.146
$metadyn    0.09000   0.146
$metadyn    0.04500   0.146
$metadyn    0.02250   0.146
 
  ::::::::::::: starting MTD    1 :::::::::::::
  |   MD simulation time   :     5.0 ps       |
  |   target T             :   300.0 K        |
  |   timestep dt          :     1.5 fs       |
  |   dump interval(trj)   :   100.0 fs       |
  |   SHAKE algorithm      : true (all bonds) |
  |   dump interval(Vbias) :    1.00 ps       |
  |   Vbias prefactor (k)  :  0.1800 Eh       |
  |   Vbias exponent (α)   :  1.6180 bohr⁻²   |
  ::::::::::::: starting MTD   21 :::::::::::::
  |   MD simulation time   :     5.0 ps       |
  |   target T             :   300.0 K        |
  |   timestep dt          :     1.5 fs       |
  |   dump interval(trj)   :   100.0 fs       |
  |   SHAKE algorithm      : true (all bonds) |
  |   dump interval(Vbias) :    1.00 ps       |
  |   Vbias prefactor (k)  :  0.1800 Eh       |
  |   Vbias exponent (α)   :  0.1459 bohr⁻²   |
  ::::::::::::: starting MTD   20 :::::::::::::
  |   MD simulation time   :     5.0 ps       |
  |   target T             :   300.0 K        |
  |   timestep dt          :     1.5 fs       |
  |   dump interval(trj)   :   100.0 fs       |
  |   SHAKE algorithm      : true (all bonds) |
  |   dump interval(Vbias) :    1.00 ps       |
  |   Vbias prefactor (k)  :  0.0225 Eh       |
  |   Vbias exponent (α)   :  0.2361 bohr⁻²   |
  ::::::::::::: starting MTD   17 :::::::::::::
  |   MD simulation time   :     5.0 ps       |
  |   target T             :   300.0 K        |
  |   timestep dt          :     1.5 fs       |
  |   dump interval(trj)   :   100.0 fs       |
  |   SHAKE algorithm      : true (all bonds) |
  |   dump interval(Vbias) :    1.00 ps       |
  |   Vbias prefactor (k)  :  0.1800 Eh       |
  |   Vbias exponent (α)   :  0.2361 bohr⁻²   |
  ::::::::::::: starting MTD   24 :::::::::::::
  |   MD simulation time   :     5.0 ps       |
  |   target T             :   300.0 K        |
  |   timestep dt          :     1.5 fs       |
  |   dump interval(trj)   :   100.0 fs       |
  |   SHAKE algorithm      : true (all bonds) |
  |   dump interval(Vbias) :    1.00 ps       |
  |   Vbias prefactor (k)  :  0.0225 Eh       |
  |   Vbias exponent (α)   :  0.1459 bohr⁻²   |
  ::::::::::::: starting MTD   23 :::::::::::::
  |   MD simulation time   :     5.0 ps       |
  |   target T             :   300.0 K        |
  |   timestep dt          :     1.5 fs       |
  |   dump interval(trj)   :   100.0 fs       |
  |   SHAKE algorithm      : true (all bonds) |
  |   dump interval(Vbias) :    1.00 ps       |
  |   Vbias prefactor (k)  :  0.0450 Eh       |
  |   Vbias exponent (α)   :  0.1459 bohr⁻²   |
  ::::::::::::: starting MTD    5 :::::::::::::
  |   MD simulation time   :     5.0 ps       |
  |   target T             :   300.0 K        |
  |   timestep dt          :     1.5 fs       |
  |   dump interval(trj)   :   100.0 fs       |
  |   SHAKE algorithm      : true (all bonds) |
  |   dump interval(Vbias) :    1.00 ps       |
  |   Vbias prefactor (k)  :  0.1800 Eh       |
  |   Vbias exponent (α)   :  1.0000 bohr⁻²   |
  ::::::::::::: starting MTD    9 :::::::::::::
  |   MD simulation time   :     5.0 ps       |
  |   target T             :   300.0 K        |
  |   timestep dt          :     1.5 fs       |
  |   dump interval(trj)   :   100.0 fs       |
  |   SHAKE algorithm      : true (all bonds) |
  |   dump interval(Vbias) :    1.00 ps       |
  |   Vbias prefactor (k)  :  0.1800 Eh       |
  |   Vbias exponent (α)   :  0.6180 bohr⁻²   |
  ::::::::::::: starting MTD   15 :::::::::::::
  |   MD simulation time   :     5.0 ps       |
  |   target T             :   300.0 K        |
  |   timestep dt          :     1.5 fs       |
  |   dump interval(trj)   :   100.0 fs       |
  |   SHAKE algorithm      : true (all bonds) |
  |   dump interval(Vbias) :    1.00 ps       |
  |   Vbias prefactor (k)  :  0.0450 Eh       |
  |   Vbias exponent (α)   :  0.3820 bohr⁻²   |
  ::::::::::::: starting MTD   13 :::::::::::::
  |   MD simulation time   :     5.0 ps       |
  |   target T             :   300.0 K        |
  |   timestep dt          :     1.5 fs       |
  |   dump interval(trj)   :   100.0 fs       |
  |   SHAKE algorithm      : true (all bonds) |
  |   dump interval(Vbias) :    1.00 ps       |
  |   Vbias prefactor (k)  :  0.1800 Eh       |
  |   Vbias exponent (α)   :  0.3820 bohr⁻²   |
  ::::::::::::: starting MTD    3 :::::::::::::
  |   MD simulation time   :     5.0 ps       |
  |   target T             :   300.0 K        |
  |   timestep dt          :     1.5 fs       |
  |   dump interval(trj)   :   100.0 fs       |
  |   SHAKE algorithm      : true (all bonds) |
  |   dump interval(Vbias) :    1.00 ps       |
  |   Vbias prefactor (k)  :  0.0450 Eh       |
  |   Vbias exponent (α)   :  1.6180 bohr⁻²   |
  ::::::::::::: starting MTD   19 :::::::::::::
  |   MD simulation time   :     5.0 ps       |
  |   target T             :   300.0 K        |
  |   timestep dt          :     1.5 fs       |
  |   dump interval(trj)   :   100.0 fs       |
  |   SHAKE algorithm      : true (all bonds) |
  |   dump interval(Vbias) :    1.00 ps       |
  |   Vbias prefactor (k)  :  0.0450 Eh       |
  |   Vbias exponent (α)   :  0.2361 bohr⁻²   |
  ::::::::::::: starting MTD    7 :::::::::::::
  |   MD simulation time   :     5.0 ps       |
  |   target T             :   300.0 K        |
  |   timestep dt          :     1.5 fs       |
  |   dump interval(trj)   :   100.0 fs       |
  |   SHAKE algorithm      : true (all bonds) |
  |   dump interval(Vbias) :    1.00 ps       |
  |   Vbias prefactor (k)  :  0.0450 Eh       |
  |   Vbias exponent (α)   :  1.0000 bohr⁻²   |
  ::::::::::::: starting MTD   18 :::::::::::::
  |   MD simulation time   :     5.0 ps       |
  |   target T             :   300.0 K        |
  |   timestep dt          :     1.5 fs       |
  |   dump interval(trj)   :   100.0 fs       |
  |   SHAKE algorithm      : true (all bonds) |
  |   dump interval(Vbias) :    1.00 ps       |
  |   Vbias prefactor (k)  :  0.0900 Eh       |
  |   Vbias exponent (α)   :  0.2361 bohr⁻²   |
  ::::::::::::: starting MTD   11 :::::::::::::
  |   MD simulation time   :     5.0 ps       |
  |   target T             :   300.0 K        |
  |   timestep dt          :     1.5 fs       |
  |   dump interval(trj)   :   100.0 fs       |
  |   SHAKE algorithm      : true (all bonds) |
  |   dump interval(Vbias) :    1.00 ps       |
  |   Vbias prefactor (k)  :  0.0450 Eh       |
  |   Vbias exponent (α)   :  0.6180 bohr⁻²   |
  ::::::::::::: starting MTD   22 :::::::::::::
  |   MD simulation time   :     5.0 ps       |
  |   target T             :   300.0 K        |
  |   timestep dt          :     1.5 fs       |
  |   dump interval(trj)   :   100.0 fs       |
  |   SHAKE algorithm      : true (all bonds) |
  |   dump interval(Vbias) :    1.00 ps       |
  |   Vbias prefactor (k)  :  0.0900 Eh       |
  |   Vbias exponent (α)   :  0.1459 bohr⁻²   |
*MTD  20 completed successfully ...        0 min,  0.526 sec
*MTD   7 completed successfully ...        0 min,  0.528 sec
  ::::::::::::: starting MTD    8 :::::::::::::
  |   MD simulation time   :     5.0 ps       |
  |   target T             :   300.0 K        |
  |   timestep dt          :     1.5 fs       |
  |   dump interval(trj)   :   100.0 fs       |
  |   SHAKE algorithm      : true (all bonds) |
  |   dump interval(Vbias) :    1.00 ps       |
  |   Vbias prefactor (k)  :  0.0225 Eh       |
  |   Vbias exponent (α)   :  1.0000 bohr⁻²   |
*MTD  24 completed successfully ...        0 min,  0.530 sec
*MTD   3 completed successfully ...        0 min,  0.532 sec
  ::::::::::::: starting MTD    4 :::::::::::::
  |   MD simulation time   :     5.0 ps       |
  |   target T             :   300.0 K        |
  |   timestep dt          :     1.5 fs       |
  |   dump interval(trj)   :   100.0 fs       |
  |   SHAKE algorithm      : true (all bonds) |
  |   dump interval(Vbias) :    1.00 ps       |
  |   Vbias prefactor (k)  :  0.0225 Eh       |
  |   Vbias exponent (α)   :  1.6180 bohr⁻²   |
*MTD  17 completed successfully ...        0 min,  0.533 sec
*MTD  22 completed successfully ...        0 min,  0.534 sec
*MTD  19 completed successfully ...        0 min,  0.535 sec
*MTD  23 completed successfully ...        0 min,  0.535 sec
*MTD  11 completed successfully ...        0 min,  0.536 sec
  ::::::::::::: starting MTD   12 :::::::::::::
  |   MD simulation time   :     5.0 ps       |
  |   target T             :   300.0 K        |
  |   timestep dt          :     1.5 fs       |
  |   dump interval(trj)   :   100.0 fs       |
  |   SHAKE algorithm      : true (all bonds) |
  |   dump interval(Vbias) :    1.00 ps       |
  |   Vbias prefactor (k)  :  0.0225 Eh       |
  |   Vbias exponent (α)   :  0.6180 bohr⁻²   |
*MTD   9 completed successfully ...        0 min,  0.538 sec
  ::::::::::::: starting MTD   10 :::::::::::::
  |   MD simulation time   :     5.0 ps       |
  |   target T             :   300.0 K        |
  |   timestep dt          :     1.5 fs       |
  |   dump interval(trj)   :   100.0 fs       |
  |   SHAKE algorithm      : true (all bonds) |
  |   dump interval(Vbias) :    1.00 ps       |
  |   Vbias prefactor (k)  :  0.0900 Eh       |
  |   Vbias exponent (α)   :  0.6180 bohr⁻²   |
*MTD   5 completed successfully ...        0 min,  0.538 sec
  ::::::::::::: starting MTD    6 :::::::::::::
  |   MD simulation time   :     5.0 ps       |
  |   target T             :   300.0 K        |
  |   timestep dt          :     1.5 fs       |
  |   dump interval(trj)   :   100.0 fs       |
  |   SHAKE algorithm      : true (all bonds) |
  |   dump interval(Vbias) :    1.00 ps       |
  |   Vbias prefactor (k)  :  0.0900 Eh       |
  |   Vbias exponent (α)   :  1.0000 bohr⁻²   |
*MTD  21 completed successfully ...        0 min,  0.539 sec
*MTD  15 completed successfully ...        0 min,  0.539 sec
  ::::::::::::: starting MTD   16 :::::::::::::
  |   MD simulation time   :     5.0 ps       |
  |   target T             :   300.0 K        |
  |   timestep dt          :     1.5 fs       |
  |   dump interval(trj)   :   100.0 fs       |
  |   SHAKE algorithm      : true (all bonds) |
  |   dump interval(Vbias) :    1.00 ps       |
  |   Vbias prefactor (k)  :  0.0225 Eh       |
  |   Vbias exponent (α)   :  0.3820 bohr⁻²   |
*MTD   1 completed successfully ...        0 min,  0.539 sec
  ::::::::::::: starting MTD    2 :::::::::::::
  |   MD simulation time   :     5.0 ps       |
  |   target T             :   300.0 K        |
  |   timestep dt          :     1.5 fs       |
  |   dump interval(trj)   :   100.0 fs       |
  |   SHAKE algorithm      : true (all bonds) |
  |   dump interval(Vbias) :    1.00 ps       |
  |   Vbias prefactor (k)  :  0.0900 Eh       |
  |   Vbias exponent (α)   :  1.6180 bohr⁻²   |
*MTD  13 completed successfully ...        0 min,  0.541 sec
  ::::::::::::: starting MTD   14 :::::::::::::
  |   MD simulation time   :     5.0 ps       |
  |   target T             :   300.0 K        |
  |   timestep dt          :     1.5 fs       |
  |   dump interval(trj)   :   100.0 fs       |
  |   SHAKE algorithm      : true (all bonds) |
  |   dump interval(Vbias) :    1.00 ps       |
  |   Vbias prefactor (k)  :  0.0900 Eh       |
  |   Vbias exponent (α)   :  0.3820 bohr⁻²   |
*MTD  18 completed successfully ...        0 min,  0.543 sec
*MTD   4 completed successfully ...        0 min,  0.310 sec
*MTD   8 completed successfully ...        0 min,  0.314 sec
*MTD  12 completed successfully ...        0 min,  0.312 sec
*MTD  10 completed successfully ...        0 min,  0.315 sec
*MTD   2 completed successfully ...        0 min,  0.318 sec
*MTD   6 completed successfully ...        0 min,  0.320 sec
*MTD  16 completed successfully ...        0 min,  0.335 sec
*MTD  14 completed successfully ...        0 min,  0.334 sec
 
 ======================================
 |  Multilevel Ensemble Optimization  |
 ======================================
 Optimizing all 1176 structures from file "crest_dynamics.trj" ...
 ----------------------
 crude pre-optimization
 ----------------------
 Optimization engine: ANCOPT
 Hessian update type: BFGS
 E/G convergence criteria:  0.500E-03 Eh, 0.100E-01 Eh/a0
 maximum optimization steps: 200
 |>0.1% |>7.6% |>15.1% |>22.5% |>30.0% |>37.5% |>45.1% |>52.6% |>60.0% |>67.5% |>75.0% |>82.6% |>90.1% |>97.5% |>100.0%
 done.
> 1176 of 1176 structures successfully optimized (100.0% success)
> Total runtime for 1176 optimizations:
 * wall-time:     0 d,  0 h,  0 min,  0.725 sec
 *  cpu-time:     0 d,  0 h,  0 min, 11.597 sec
 * ratio c/w:    15.995 speedup
> Corresponding to approximately 0.001 sec per processed structure
 
CREGEN> running RMSDs ... done.
CREGEN> E lowest :    -5.20051
 338 structures remain within    12.00 kcal/mol window
 ----------------------------------
 optimization with tight thresholds
 ----------------------------------
 Optimization engine: ANCOPT
 Hessian update type: BFGS
 E/G convergence criteria:  0.100E-05 Eh, 0.800E-03 Eh/a0
 maximum optimization steps: 200
 |>0.3% |>10.1% |>20.1% |>30.2% |>40.2% |>50.0% |>60.1% |>70.1% |>80.2% |>90.2% |>100.0%
 done.
> 332 of 338 structures successfully optimized (98.2% success)
> Total runtime for 338 optimizations:
 * wall-time:     0 d,  0 h,  0 min,  0.644 sec
 *  cpu-time:     0 d,  0 h,  0 min, 10.302 sec
 * ratio c/w:    15.995 speedup
> Corresponding to approximately 0.002 sec per processed structure
 
CREGEN> running RMSDs ... done.
CREGEN> E lowest :    -5.20064
 7 structures remain within     6.00 kcal/mol window
 
========================================
           MTD Simulations done         
========================================
 Collecting ensmbles.
CREGEN> running RMSDs ... done.
CREGEN> E lowest :    -5.20064
 7 structures remain within     6.00 kcal/mol window
     H(298.15K)-H(0) (conf)      0.226897
                   Cp(conf)      0.234352
                    S(conf)      2.645595
 
******************************************************************************************
**                          I T E R A T I O N    C Y C L E      1                       **
******************************************************************************************
 -------------------------------------------
 determining bias structures via PCA/k-Means
 -------------------------------------------
 
 2 structures were selected
 done.

 -----------------------------------------------
 determining MTD seed structures via PCA/k-Means
 -----------------------------------------------
 
 3 structures were selected
 done.


 ==========================================================
 Static MTDs (umbrella sampling) on 3 selected conformer(s)
 ==========================================================
> Using 2 constant RMSD bias potentials per MTD
  :::::::::: starting static MTD   1 ::::::::::
  |   MD simulation time   :     2.5 ps       |
  |   target T             :   400.0 K        |
  |   timestep dt          :     1.5 fs       |
  |   dump interval(trj)   :   100.0 fs       |
  |   SHAKE algorithm      : true (all bonds) |
  |   Vbias prefactor (k)  :  0.0015 Eh       |
  |   Vbias exponent (α)   :  1.0000 bohr⁻²   |
  :::::::::: starting static MTD   2 ::::::::::
  |   MD simulation time   :     2.5 ps       |
  |   target T             :   400.0 K        |
  |   timestep dt          :     1.5 fs       |
  |   dump interval(trj)   :   100.0 fs       |
  |   SHAKE algorithm      : true (all bonds) |
  |   Vbias prefactor (k)  :  0.0015 Eh       |
  |   Vbias exponent (α)   :  1.0000 bohr⁻²   |
  :::::::::: starting static MTD   3 ::::::::::
  |   MD simulation time   :     2.5 ps       |
  |   target T             :   400.0 K        |
  |   timestep dt          :     1.5 fs       |
  |   dump interval(trj)   :   100.0 fs       |
  |   SHAKE algorithm      : true (all bonds) |
  |   Vbias prefactor (k)  :  0.0015 Eh       |
  |   Vbias exponent (α)   :  1.0000 bohr⁻²   |
*sMTD   1 completed successfully ...        0 min,  0.390 sec
*sMTD   2 completed successfully ...        0 min,  0.393 sec
*sMTD   3 completed successfully ...        0 min,  0.394 sec
 
 ======================================
 |  Multilevel Ensemble Optimization  |
 ======================================
 Optimizing all 72 structures from file "crest_rotamers_0.xyz" ...
 ----------------------
 crude pre-optimization
 ----------------------
 Optimization engine: ANCOPT
 Hessian update type: BFGS
 E/G convergence criteria:  0.500E-03 Eh, 0.100E-01 Eh/a0
 maximum optimization steps: 200
 |>1.4% |>11.1% |>20.8% |>30.6% |>40.3% |>50.0% |>61.1% |>70.8% |>80.6% |>90.3% |>100.0%
 done.
> 72 of 72 structures successfully optimized (100.0% success)
> Total runtime for 72 optimizations:
 * wall-time:     0 d,  0 h,  0 min,  0.033 sec
 *  cpu-time:     0 d,  0 h,  0 min,  0.525 sec
 * ratio c/w:    15.938 speedup
> Corresponding to approximately 0.000 sec per processed structure
 
CREGEN> running RMSDs ... done.
CREGEN> E lowest :    -5.20046
 45 structures remain within    12.00 kcal/mol window
 ---------------------------------------
 optimization with very tight thresholds
 ---------------------------------------
 Optimization engine: ANCOPT
 Hessian update type: BFGS
 E/G convergence criteria:  0.100E-06 Eh, 0.200E-03 Eh/a0
 maximum optimization steps: 200
 |>2.2% |>11.1% |>20.0% |>31.1% |>40.0% |>51.1% |>60.0% |>71.1% |>80.0% |>91.1% |>100.0%
 done.
> 43 of 45 structures successfully optimized (95.6% success)
> Total runtime for 45 optimizations:
 * wall-time:     0 d,  0 h,  0 min,  0.105 sec
 *  cpu-time:     0 d,  0 h,  0 min,  1.683 sec
 * ratio c/w:    15.975 speedup
> Corresponding to approximately 0.002 sec per processed structure
 
CREGEN> running RMSDs ... done.
CREGEN> E lowest :    -5.20064
 4 structures remain within     6.00 kcal/mol window
CREGEN> running RMSDs ... done.
CREGEN> E lowest :    -5.20064
 
 Static MTD simulation iteration 1 finished
 A total of 3 conformers (+ 0.00%) in crest_conformers.xyz
 S(approx.) =    2.069687 cal/molK (dS = 0.01%)
 Convergence w.r.t. conformers:  T
 Convergence w.r.t. entropy   :  T
 
     H(298.15K)-H(0) (conf)      0.226984
                   Cp(conf)      0.234619
                    S(conf)      2.645469


 --------------------------
 Final Ensemble Information
 --------------------------
 input  file name : crest_rotamers_2.xyz
 output file name : crest_rotamers_3.xyz
 number of atoms                :   24
 number of points on xyz files  :   11
 RMSD threshold                 :   0.1250
 Bconst threshold               :   0.0100
 population threshold           :   0.0500
 # fragment in coord            :     1
 # bonds in reference structure :    25
 number of reliable points      :    11
 sorting energy window (EWIN)   :    6.0000 / kcal*mol⁻¹
 reference state Etot           :  -5.20063955000000
 number of doubles removed by rot/RMSD         :           4
 total number unique points considered further :           7
       Erel/kcal        Etot weight/tot  conformer     set   degen     origin
       1   0.000    -5.20064    0.22372    0.44733       1       2
       2   0.377    -5.20004    0.11842    0.23280       2       2
       3   0.430    -5.19995    0.10830    0.31988       3       3
T /K                                  :   298.15
E lowest                              :    -5.20064
ensemble average energy (kcal)        :    0.231
ensemble entropy (J/mol K, cal/mol K) :   15.686    3.749
ensemble free energy (kcal/mol)       :   -1.118
population of lowest in %             :   44.733
 number of unique conformers for further calc            3
 list of relative energies saved as "crest.energies"
 compare nuclear equivalencies ...
::::::::::: conformer group all :::::::::::
 chemical equivalencies (mag.active nuclei):
reference atom  15 # : 4
reference atom  16 # : 4
reference atom  17 # : 2
 magnetic equivalencies:
 
******************************************************************************************
**                           ENSEMBLE ENTROPY CALCULATION                               **
******************************************************************************************
======================================================
 Containing 3 conformers :
     H(298.15K)-H(0) (conf)      0.226897
                   Cp(conf)      0.234352
                    S(conf)      2.645595
======================================================
 Containing 3 conformers :
     H(298.15K)-H(0) (conf)      0.226984
                   Cp(conf)      0.234619
                    S(conf)      2.645469
======================================================

 --------------------------------------
 FINAL CALCULATION OF MOLECULAR ENTROPY
 --------------------------------------
 
WARNING: Not enough blocks for extrapolation.
         Taking full ensemble entropy instead.

FINAL ENTROPY (max conf.)  :      2.64560
 
 ----------------------------------
 Frequency Calculation and Averages
 ----------------------------------
 Nconf on file      : 3
 Taken for Hessians : 3 (=100.00% total population)
 T range  /K    :   278.15   378.15
 scaling factor :          1.000000     
 rotor cutoff   :         25.000000 cm⁻¹
 imag. cutoff   :        -50.000000 cm⁻¹
 
 Running 3 calculations ...
 |>33.3% |>66.7% |>100.0%
 done.
 calculating averages for G and S ...    done.
 calculating Boltzmann weights ...       done.
 calculating reference S (bhess) ... > bhess not implemented for calculator routines
    done.
 calculating δSrrho ...                  done.
 
 Coordinates for the bhess reference structure (Ångström):
 -----------------------------------------------------------
  24
 
 C          0.6095340000        0.0000000000        0.0000000000
 C         -0.6095340000        0.0000000000        0.0000000000
 C         -2.0358270000        0.0000000000        0.0000000000
 C         -2.7548290000        1.2146390000        0.0000000000
 C         -4.1490260000        1.2102360000        0.0000000000
 C         -4.8514540000        0.0000000000        0.0000000000
 C         -4.1490260000       -1.2102360000        0.0000000000
 C         -2.7548290000       -1.2146390000        0.0000000000
 C          2.0358270000        0.0000000000        0.0000000000
 C          2.7548290000       -1.2146390000        0.0000000000
 C          4.1490260000       -1.2102360000        0.0000000000
 C          4.8514540000        0.0000000000        0.0000000000
 C          4.1490260000        1.2102360000        0.0000000000
 C          2.7548290000        1.2146390000        0.0000000000
 H         -2.2034350000        2.1581660000        0.0000000000
 H         -4.6934000000        2.1593440000        0.0000000000
 H         -5.9454510000        0.0000000000        0.0000000000
 H         -4.6934000000       -2.1593440000        0.0000000000
 H         -2.2034350000       -2.1581660000        0.0000000000
 H          2.2034350000       -2.1581660000        0.0000000000
 H          4.6934000000       -2.1593440000        0.0000000000
 H          5.9454510000        0.0000000000        0.0000000000
 H          4.6934000000        2.1593440000        0.0000000000
 H          2.2034350000        2.1581660000        0.0000000000
 -----------------------------------------------------------
 as read from <coord>
 Heavy-atom RMSD between lowest conformer and this reference :
 RMSD(heavy) =        0.030477 Å
 
 msRRHO(bhess) reference entropies:
      278.15         97.964257
      288.15         99.628881
      298.15        101.290921
      308.15        102.949822
      318.15        104.605033
      328.15        106.256017
      338.15        107.902250
      348.15        109.543231
      358.15        111.178482
      368.15        112.807550
      378.15        114.430011

       T/K  |S(T)|/cal/molK       |G(T)|/Eh     G_lowest/Eh    (conf)
   -----------------------------------------------------------------
    278.15    0.105791E+03    0.150914E+00       -5.049493         1
    288.15    0.107466E+03    0.149238E+00       -5.051162         1
    298.15    0.109136E+03    0.147535E+00       -5.052858         3
    308.15    0.110801E+03    0.145805E+00       -5.054602         3
    318.15    0.112461E+03    0.144049E+00       -5.056373         3
    328.15    0.114114E+03    0.142267E+00       -5.058170         3
    338.15    0.115761E+03    0.140458E+00       -5.059993         3
    348.15    0.117402E+03    0.138623E+00       -5.061842         3
    358.15    0.119035E+03    0.136762E+00       -5.063718         3
    368.15    0.120661E+03    0.134876E+00       -5.065619         3
    378.15    0.122279E+03    0.132963E+00       -5.067546         3
   -----------------------------------------------------------------
   NOTE: if |G(T)| is the averaged contributrion to the free energy.
   |G(T)| used only for the higher-energetic structures (n > 3).
   All other structures use G(T) from the respective Hessian calculations.
 
 Quantities calculated on free energies:
       T/K          δSrrho           Cp(T)     [H(T)-H(0)]
   -------------------------------------------------------
    278.15    0.782683E+01    0.103858E+00        0.075305
    288.15    0.783691E+01    0.101151E+00        0.068985
    298.15    0.784499E+01    0.992126E-01        0.062873
    308.15    0.785115E+01    0.979040E-01        0.070110
    318.15    0.785551E+01    0.971111E-01        0.077221
    328.15    0.785817E+01    0.967411E-01        0.084217
    338.15    0.785922E+01    0.967181E-01        0.091111
    348.15    0.785878E+01    0.969796E-01        0.097911
    358.15    0.785695E+01    0.974740E-01        0.104627
    368.15    0.785381E+01    0.981587E-01        0.111267
    378.15    0.784948E+01    0.989983E-01        0.117836
   -------------------------------------------------------
   NOTE: δSrrho(T) = |S(T)| - Sref(T)
 
 ----------------------
 TEMPERATURE DEPENDENCE
 ----------------------
 
 Final CONFORMATIONAL quantities at given T:
       T/K        S(total)           Cp(T)     [H(T)-H(0)]        G(total)
   -----------------------------------------------------------------------
    278.15       10.455056        0.103858        0.075305       -2.832768
    288.15       10.474294        0.101151        0.068985       -2.949183
    298.15       10.490581        0.099213        0.062873       -3.064894
    308.15       10.504140        0.097904        0.070110       -3.166740
    318.15       10.515177        0.097111        0.077221       -3.268183
    328.15       10.523884        0.096741        0.084217       -3.369195
    338.15       10.530441        0.096718        0.091111       -3.469758
    348.15       10.535014        0.096980        0.097911       -3.569854
    358.15       10.537759        0.097474        0.104627       -3.669471
    368.15       10.538821        0.098159        0.111267       -3.768600
    378.15       10.538335        0.098998        0.117836       -3.867235
   -----------------------------------------------------------------------
   S and Cp in cal/mol*K; H and G in kcal/mol
   G(total) is the ensemble free energy (H-T*S) and S(total) = S(conf,extrapol.) + δSrrho
 
 ----------------------------------------------------
 |      FINAL MOLECULAR ENTROPY AT T= 298.15 K      |
 ----------------------------------------------------
     Sconf   =          2.645595
   + δSrrho  =          7.844986
 -----------------------------------------------------
 = S(total)  =         10.490581  (cal mol⁻¹ K⁻¹)
 
   H(T)-H(0) =          0.062873
   G         =         -3.127767   (-T*S)
 -----------------------------------------------------
 = G(total)  =         -3.064894  (H-T*S) (kcal mol⁻¹)
 
   Cp(total) =          0.099213  (cal mol⁻¹ K⁻¹)
 
 
 -----------------
 Wall Time Summary
 -----------------
 CREST runtime (total)               0 d,  0 h,  0 min,  3.536 sec
 ------------------------------------------------------------------
 Trial metadynamics (MTD)   ...        0 min,  0.050 sec (  1.401%)
 Metadynamics (MTD)         ...        0 min,  0.941 sec ( 26.618%)
 Geometry optimization      ...        0 min,  2.023 sec ( 57.206%)
 Static metadynamics (sMTD) ...        0 min,  0.404 sec ( 11.414%)
 Conf. entropy evaluation   ...        0 min,  0.041 sec (  1.172%)
 I/O and setup              ...        0 min,  0.077 sec (  2.189%)
 ------------------------------------------------------------------
 * wall-time:     0 d,  0 h,  0 min,  3.536 sec
 *  cpu-time:     0 d,  0 h,  0 min, 38.609 sec
 * ratio c/w:    10.919 speedup
 ------------------------------------------------------------------
 * Total number of energy+grad calls: 135983
 
 CREST terminated normally.
