 
       ╔════════════════════════════════════════════╗
       ║            ___ ___ ___ ___ _____           ║
       ║           / __| _ \ __/ __|_   _|          ║
       ║          | (__|   / _|\__ \ | |            ║
       ║           \___|_|_\___|___/ |_|            ║
       ║                                            ║
       ║  Conformer-Rotamer Ensemble Sampling Tool  ║
       ║          based on the xTB methods          ║
       ║                                            ║
       ╚════════════════════════════════════════════╝
       Version 3.0.2, Sun Aug 25 20:02:36 UTC 2024
       commit (af7eb99) compiled by 'runner@fv-az1984-471'
 
   Cite work conducted with this code as

   • P.Pracht, F.Bohle, S.Grimme, PCCP, 2020, 22, 7169-7192.
   • S.Grimme, JCTC, 2019, 15, 2847-2862.
   • P.Pracht, S.Grimme, C.Bannwarth, F.Bohle, S.Ehlert,
     G.Feldmann, J.Gorges, M.Müller, T.Neudecker, C.Plett,
     S.Spicher, P.Steinbach, P.Wesołowski, F.Zeller,
     J. Chem. Phys., 2024, 160, 114110.

   for works involving QCG cite

   • S.Spicher, C.Plett, P.Pracht, A.Hansen, S.Grimme,
     JCTC, 2022, 18 (5), 3174-3189.
   • C.Plett, S. Grimme,
     Angew. Chem. Int. Ed. 2023, 62, e202214477.

   for works involving MECP screening cite

   • P.Pracht, C.Bannwarth, JCTC, 2022, 18 (10), 6370-6385.
 
   Original code
     P.Pracht, S.Grimme, Universität Bonn, MCTC
   with help from (alphabetical order):
     C.Bannwarth, F.Bohle, S.Ehlert, G.Feldmann, J.Gorges,
     S.Grimme, C.Plett, P.Pracht, S.Spicher, P.Steinbach,
     P.Wesolowski, F.Zeller
 
   Online documentation is available at
   https://crest-lab.github.io/crest-docs/
 
   This program is distributed in the hope that it will be useful,
   but WITHOUT ANY WARRANTY; without even the implied warranty of
   MERCHANTABILITY or FITNESS FOR A PARTICULAR PURPOSE. See the
   GNU Lesser General Public License (LGPL) for more details.

 Command line input:
 $ crest KAKZBPTYRLMSJV-UHFFFAOYSA-N-1.xyz -gfnff -entropy -T 16 -chrg 0 -uhf 0

  --gfnff : Use of GFN-FF requested.
  -entropy : enhanced ensemble entropy calculation
  -T 16 (CPUs/Threads selected)
  -chrg 0
  -uhf 0
Parsing xtb-type input file bondlengths to set up calculators ...

> Setting up backup calculator ... done.
 ----------------
 Calculation info
 ----------------
> User-defined calculation level:
 : GFN-FF calculation via GFNFF lib
 :   Molecular charge    : 0
 
> User-defined constraints:
> constraint: distance atoms: 1,2
  d(AA)=     1.34400 k= 0.02000
> constraint: distance atoms: 1,5
  d(AA)=     1.09539 k= 0.02000
> constraint: distance atoms: 1,6
  d(AA)=     1.09754 k= 0.02000
> constraint: distance atoms: 2,3
  d(AA)=     1.45854 k= 0.02000
> constraint: distance atoms: 2,7
  d(AA)=     1.09874 k= 0.02000
> constraint: distance atoms: 3,4
  d(AA)=     1.34400 k= 0.02000
> constraint: distance atoms: 3,8
  d(AA)=     1.09874 k= 0.02000
> constraint: distance atoms: 4,9
  d(AA)=     1.09754 k= 0.02000
> constraint: distance atoms: 4,10
  d(AA)=     1.09539 k= 0.02000
> constraint: distance atoms: 5,3
  d(AA)=     3.47592 k= 0.02000
> constraint: distance atoms: 5,7
  d(AA)=     2.45693 k= 0.02000
> constraint: distance atoms: 6,3
  d(AA)=     2.74932 k= 0.02000
> constraint: distance atoms: 6,7
  d(AA)=     3.09936 k= 0.02000
> constraint: distance atoms: 2,9
  d(AA)=     2.74932 k= 0.02000
> constraint: distance atoms: 2,10
  d(AA)=     3.47592 k= 0.02000
> constraint: distance atoms: 8,9
  d(AA)=     3.09936 k= 0.02000
> constraint: distance atoms: 8,10
  d(AA)=     2.45693 k= 0.02000
 
 
 -----------------------------
 Initial Geometry Optimization
 -----------------------------
 Geometry successfully optimized.
 
          ┍━━━━━━━━━━━━━━━━━━━━━━━━━━━━━━━━━━━━━━━━━━━━━━━━━┑
          │              CREST ENTROPY SAMPLING             │
          ┕━━━━━━━━━━━━━━━━━━━━━━━━━━━━━━━━━━━━━━━━━━━━━━━━━┙
 
 please cite:
 • P.Pracht, S.Grimme, Chem. Sci., 2021, 12, 6551-6568.
 • J.Gorges, S.Grimme, A.Hansen, P.Pracht, PCCP, 2022,24, 12249-12259.
 
 Input structure:
  10
 
 C          1.8330658085       -0.1150108486       -0.0000000000
 C          0.6078556726        0.4006140091       -0.0000000000
 C         -0.6078556729       -0.4006140088       -0.0000000000
 C         -1.8330658082        0.1150108487        0.0000000000
 H          2.7146680377        0.5022572793        0.0000000000
 H          2.0007908395       -1.1778361742       -0.0000000000
 H          0.4760596311        1.4738183256       -0.0000000000
 H         -0.4760596313       -1.4738183255       -0.0000000000
 H         -2.0007908390        1.1778361740        0.0000000000
 H         -2.7146680380       -0.5022572794       -0.0000000000
 
 ------------------------------------------------
 Generating MTD length from a flexibility measure
 ------------------------------------------------
 Calculating GFN0-xTB WBOs   ... done.
 Calculating NCI flexibility ... done.
     covalent flexibility measure :   0.122
 non-covalent flexibility measure :   0.890
 flexibility measure :   0.217
 t(MTD) / ps    :     5.0
 Σ(t(MTD)) / ps :   120.0 (24 MTDs)
 
 -----------------------------------
 Starting trial MTD to test settings
 -----------------------------------
 Trial MTD 1 runtime (1.0 ps) ...        0 min,  0.013 sec
 Estimated runtime for one MTD (5.0 ps) on a single thread: 0 sec
 Estimated runtime for a batch of 24 MTDs on 16 threads: 0 sec
 
******************************************************************************************
**                         N E W   I T E R A T I O N  C Y C L E                         **
******************************************************************************************
 
 ------------------------------
 Meta-Dynamics Iteration 1
 ------------------------------
 list of applied metadynamics Vbias parameters:
$metadyn    0.07500   1.618
$metadyn    0.03750   1.618
$metadyn    0.01875   1.618
$metadyn    0.00937   1.618
$metadyn    0.07500   1.000
$metadyn    0.03750   1.000
$metadyn    0.01875   1.000
$metadyn    0.00937   1.000
$metadyn    0.07500   0.618
$metadyn    0.03750   0.618
$metadyn    0.01875   0.618
$metadyn    0.00937   0.618
$metadyn    0.07500   0.382
$metadyn    0.03750   0.382
$metadyn    0.01875   0.382
$metadyn    0.00937   0.382
$metadyn    0.07500   0.236
$metadyn    0.03750   0.236
$metadyn    0.01875   0.236
$metadyn    0.00937   0.236
$metadyn    0.07500   0.146
$metadyn    0.03750   0.146
$metadyn    0.01875   0.146
$metadyn    0.00937   0.146
 
  ::::::::::::: starting MTD    1 :::::::::::::
  |   MD simulation time   :     5.0 ps       |
  |   target T             :   300.0 K        |
  |   timestep dt          :     1.5 fs       |
  |   dump interval(trj)   :   100.0 fs       |
  |   SHAKE algorithm      : true (all bonds) |
  |   dump interval(Vbias) :    1.00 ps       |
  |   Vbias prefactor (k)  :  0.0750 Eh       |
  |   Vbias exponent (α)   :  1.6180 bohr⁻²   |
  ::::::::::::: starting MTD   21 :::::::::::::
  |   MD simulation time   :     5.0 ps       |
  |   target T             :   300.0 K        |
  |   timestep dt          :     1.5 fs       |
  |   dump interval(trj)   :   100.0 fs       |
  |   SHAKE algorithm      : true (all bonds) |
  |   dump interval(Vbias) :    1.00 ps       |
  |   Vbias prefactor (k)  :  0.0750 Eh       |
  |   Vbias exponent (α)   :  0.1459 bohr⁻²   |
  ::::::::::::: starting MTD    7 :::::::::::::
  |   MD simulation time   :     5.0 ps       |
  |   target T             :   300.0 K        |
  |   timestep dt          :     1.5 fs       |
  |   dump interval(trj)   :   100.0 fs       |
  |   SHAKE algorithm      : true (all bonds) |
  |   dump interval(Vbias) :    1.00 ps       |
  |   Vbias prefactor (k)  :  0.0187 Eh       |
  |   Vbias exponent (α)   :  1.0000 bohr⁻²   |
  ::::::::::::: starting MTD   24 :::::::::::::
  |   MD simulation time   :     5.0 ps       |
  |   target T             :   300.0 K        |
  |   timestep dt          :     1.5 fs       |
  |   dump interval(trj)   :   100.0 fs       |
  |   SHAKE algorithm      : true (all bonds) |
  |   dump interval(Vbias) :    1.00 ps       |
  |   Vbias prefactor (k)  :  0.0094 Eh       |
  |   Vbias exponent (α)   :  0.1459 bohr⁻²   |
  ::::::::::::: starting MTD    3 :::::::::::::
  |   MD simulation time   :     5.0 ps       |
  |   target T             :   300.0 K        |
  |   timestep dt          :     1.5 fs       |
  |   dump interval(trj)   :   100.0 fs       |
  |   SHAKE algorithm      : true (all bonds) |
  |   dump interval(Vbias) :    1.00 ps       |
  |   Vbias prefactor (k)  :  0.0187 Eh       |
  |   Vbias exponent (α)   :  1.6180 bohr⁻²   |
  ::::::::::::: starting MTD    5 :::::::::::::
  |   MD simulation time   :     5.0 ps       |
  |   target T             :   300.0 K        |
  |   timestep dt          :     1.5 fs       |
  |   dump interval(trj)   :   100.0 fs       |
  |   SHAKE algorithm      : true (all bonds) |
  |   dump interval(Vbias) :    1.00 ps       |
  |   Vbias prefactor (k)  :  0.0750 Eh       |
  |   Vbias exponent (α)   :  1.0000 bohr⁻²   |
  ::::::::::::: starting MTD    9 :::::::::::::
  |   MD simulation time   :     5.0 ps       |
  |   target T             :   300.0 K        |
  |   timestep dt          :     1.5 fs       |
  |   dump interval(trj)   :   100.0 fs       |
  |   SHAKE algorithm      : true (all bonds) |
  |   dump interval(Vbias) :    1.00 ps       |
  |   Vbias prefactor (k)  :  0.0750 Eh       |
  |   Vbias exponent (α)   :  0.6180 bohr⁻²   |
  ::::::::::::: starting MTD   22 :::::::::::::
  |   MD simulation time   :     5.0 ps       |
  |   target T             :   300.0 K        |
  |   timestep dt          :     1.5 fs       |
  |   dump interval(trj)   :   100.0 fs       |
  |   SHAKE algorithm      : true (all bonds) |
  |   dump interval(Vbias) :    1.00 ps       |
  |   Vbias prefactor (k)  :  0.0375 Eh       |
  |   Vbias exponent (α)   :  0.1459 bohr⁻²   |
  ::::::::::::: starting MTD   23 :::::::::::::
  |   MD simulation time   :     5.0 ps       |
  |   target T             :   300.0 K        |
  |   timestep dt          :     1.5 fs       |
  |   dump interval(trj)   :   100.0 fs       |
  |   SHAKE algorithm      : true (all bonds) |
  |   dump interval(Vbias) :    1.00 ps       |
  |   Vbias prefactor (k)  :  0.0187 Eh       |
  |   Vbias exponent (α)   :  0.1459 bohr⁻²   |
  ::::::::::::: starting MTD   20 :::::::::::::
  |   MD simulation time   :     5.0 ps       |
  |   target T             :   300.0 K        |
  |   timestep dt          :     1.5 fs       |
  |   dump interval(trj)   :   100.0 fs       |
  |   SHAKE algorithm      : true (all bonds) |
  |   dump interval(Vbias) :    1.00 ps       |
  |   Vbias prefactor (k)  :  0.0094 Eh       |
  |   Vbias exponent (α)   :  0.2361 bohr⁻²   |
  ::::::::::::: starting MTD   15 :::::::::::::
  |   MD simulation time   :     5.0 ps       |
  |   target T             :   300.0 K        |
  |   timestep dt          :     1.5 fs       |
  |   dump interval(trj)   :   100.0 fs       |
  |   SHAKE algorithm      : true (all bonds) |
  |   dump interval(Vbias) :    1.00 ps       |
  |   Vbias prefactor (k)  :  0.0187 Eh       |
  |   Vbias exponent (α)   :  0.3820 bohr⁻²   |
  ::::::::::::: starting MTD   13 :::::::::::::
  |   MD simulation time   :     5.0 ps       |
  |   target T             :   300.0 K        |
  |   timestep dt          :     1.5 fs       |
  |   dump interval(trj)   :   100.0 fs       |
  |   SHAKE algorithm      : true (all bonds) |
  |   dump interval(Vbias) :    1.00 ps       |
  |   Vbias prefactor (k)  :  0.0750 Eh       |
  |   Vbias exponent (α)   :  0.3820 bohr⁻²   |
  ::::::::::::: starting MTD   17 :::::::::::::
  |   MD simulation time   :     5.0 ps       |
  |   target T             :   300.0 K        |
  |   timestep dt          :     1.5 fs       |
  |   dump interval(trj)   :   100.0 fs       |
  |   SHAKE algorithm      : true (all bonds) |
  |   dump interval(Vbias) :    1.00 ps       |
  |   Vbias prefactor (k)  :  0.0750 Eh       |
  |   Vbias exponent (α)   :  0.2361 bohr⁻²   |
  ::::::::::::: starting MTD   19 :::::::::::::
  |   MD simulation time   :     5.0 ps       |
  |   target T             :   300.0 K        |
  |   timestep dt          :     1.5 fs       |
  |   dump interval(trj)   :   100.0 fs       |
  |   SHAKE algorithm      : true (all bonds) |
  |   dump interval(Vbias) :    1.00 ps       |
  |   Vbias prefactor (k)  :  0.0187 Eh       |
  |   Vbias exponent (α)   :  0.2361 bohr⁻²   |
  ::::::::::::: starting MTD   18 :::::::::::::
  |   MD simulation time   :     5.0 ps       |
  |   target T             :   300.0 K        |
  |   timestep dt          :     1.5 fs       |
  |   dump interval(trj)   :   100.0 fs       |
  |   SHAKE algorithm      : true (all bonds) |
  |   dump interval(Vbias) :    1.00 ps       |
  |   Vbias prefactor (k)  :  0.0375 Eh       |
  |   Vbias exponent (α)   :  0.2361 bohr⁻²   |
  ::::::::::::: starting MTD   11 :::::::::::::
  |   MD simulation time   :     5.0 ps       |
  |   target T             :   300.0 K        |
  |   timestep dt          :     1.5 fs       |
  |   dump interval(trj)   :   100.0 fs       |
  |   SHAKE algorithm      : true (all bonds) |
  |   dump interval(Vbias) :    1.00 ps       |
  |   Vbias prefactor (k)  :  0.0187 Eh       |
  |   Vbias exponent (α)   :  0.6180 bohr⁻²   |
*MTD  23 completed successfully ...        0 min,  0.142 sec
*MTD   3 completed successfully ...        0 min,  0.142 sec
  ::::::::::::: starting MTD    4 :::::::::::::
  |   MD simulation time   :     5.0 ps       |
  |   target T             :   300.0 K        |
  |   timestep dt          :     1.5 fs       |
  |   dump interval(trj)   :   100.0 fs       |
  |   SHAKE algorithm      : true (all bonds) |
  |   dump interval(Vbias) :    1.00 ps       |
  |   Vbias prefactor (k)  :  0.0094 Eh       |
  |   Vbias exponent (α)   :  1.6180 bohr⁻²   |
*MTD  18 completed successfully ...        0 min,  0.142 sec
*MTD  17 completed successfully ...        0 min,  0.142 sec
*MTD  13 completed successfully ...        0 min,  0.143 sec
  ::::::::::::: starting MTD   14 :::::::::::::
  |   MD simulation time   :     5.0 ps       |
  |   target T             :   300.0 K        |
  |   timestep dt          :     1.5 fs       |
  |   dump interval(trj)   :   100.0 fs       |
  |   SHAKE algorithm      : true (all bonds) |
  |   dump interval(Vbias) :    1.00 ps       |
  |   Vbias prefactor (k)  :  0.0375 Eh       |
  |   Vbias exponent (α)   :  0.3820 bohr⁻²   |
*MTD  22 completed successfully ...        0 min,  0.143 sec
*MTD  21 completed successfully ...        0 min,  0.143 sec
*MTD  20 completed successfully ...        0 min,  0.143 sec
*MTD   7 completed successfully ...        0 min,  0.143 sec
  ::::::::::::: starting MTD    8 :::::::::::::
  |   MD simulation time   :     5.0 ps       |
  |   target T             :   300.0 K        |
  |   timestep dt          :     1.5 fs       |
  |   dump interval(trj)   :   100.0 fs       |
  |   SHAKE algorithm      : true (all bonds) |
  |   dump interval(Vbias) :    1.00 ps       |
  |   Vbias prefactor (k)  :  0.0094 Eh       |
  |   Vbias exponent (α)   :  1.0000 bohr⁻²   |
*MTD   1 completed successfully ...        0 min,  0.143 sec
*MTD  11 completed successfully ...        0 min,  0.143 sec
  ::::::::::::: starting MTD    2 :::::::::::::
  |   MD simulation time   :     5.0 ps       |
  |   target T             :   300.0 K        |
  |   timestep dt          :     1.5 fs       |
  |   dump interval(trj)   :   100.0 fs       |
  |   SHAKE algorithm      : true (all bonds) |
  |   dump interval(Vbias) :    1.00 ps       |
  |   Vbias prefactor (k)  :  0.0375 Eh       |
  |   Vbias exponent (α)   :  1.6180 bohr⁻²   |
  ::::::::::::: starting MTD   12 :::::::::::::
  |   MD simulation time   :     5.0 ps       |
  |   target T             :   300.0 K        |
  |   timestep dt          :     1.5 fs       |
  |   dump interval(trj)   :   100.0 fs       |
  |   SHAKE algorithm      : true (all bonds) |
  |   dump interval(Vbias) :    1.00 ps       |
  |   Vbias prefactor (k)  :  0.0094 Eh       |
  |   Vbias exponent (α)   :  0.6180 bohr⁻²   |
*MTD  24 completed successfully ...        0 min,  0.143 sec
*MTD   5 completed successfully ...        0 min,  0.143 sec
  ::::::::::::: starting MTD    6 :::::::::::::
  |   MD simulation time   :     5.0 ps       |
  |   target T             :   300.0 K        |
  |   timestep dt          :     1.5 fs       |
  |   dump interval(trj)   :   100.0 fs       |
  |   SHAKE algorithm      : true (all bonds) |
  |   dump interval(Vbias) :    1.00 ps       |
  |   Vbias prefactor (k)  :  0.0375 Eh       |
  |   Vbias exponent (α)   :  1.0000 bohr⁻²   |
*MTD  19 completed successfully ...        0 min,  0.143 sec
*MTD   9 completed successfully ...        0 min,  0.143 sec
  ::::::::::::: starting MTD   10 :::::::::::::
  |   MD simulation time   :     5.0 ps       |
  |   target T             :   300.0 K        |
  |   timestep dt          :     1.5 fs       |
  |   dump interval(trj)   :   100.0 fs       |
  |   SHAKE algorithm      : true (all bonds) |
  |   dump interval(Vbias) :    1.00 ps       |
  |   Vbias prefactor (k)  :  0.0375 Eh       |
  |   Vbias exponent (α)   :  0.6180 bohr⁻²   |
*MTD  15 completed successfully ...        0 min,  0.143 sec
  ::::::::::::: starting MTD   16 :::::::::::::
  |   MD simulation time   :     5.0 ps       |
  |   target T             :   300.0 K        |
  |   timestep dt          :     1.5 fs       |
  |   dump interval(trj)   :   100.0 fs       |
  |   SHAKE algorithm      : true (all bonds) |
  |   dump interval(Vbias) :    1.00 ps       |
  |   Vbias prefactor (k)  :  0.0094 Eh       |
  |   Vbias exponent (α)   :  0.3820 bohr⁻²   |
*MTD   8 completed successfully ...        0 min,  0.086 sec
*MTD   6 completed successfully ...        0 min,  0.086 sec
*MTD  12 completed successfully ...        0 min,  0.086 sec
*MTD   4 completed successfully ...        0 min,  0.087 sec
*MTD  14 completed successfully ...        0 min,  0.087 sec
*MTD  10 completed successfully ...        0 min,  0.087 sec
*MTD   2 completed successfully ...        0 min,  0.087 sec
*MTD  16 completed successfully ...        0 min,  0.087 sec
 
 ======================================
 |  Multilevel Ensemble Optimization  |
 ======================================
 Optimizing all 1176 structures from file "crest_dynamics.trj" ...
 ----------------------
 crude pre-optimization
 ----------------------
 Optimization engine: ANCOPT
 Hessian update type: BFGS
 E/G convergence criteria:  0.500E-03 Eh, 0.100E-01 Eh/a0
 maximum optimization steps: 200
 |>0.1% |>7.6% |>15.1% |>22.5% |>30.0% |>37.5% |>45.1% |>52.6% |>60.0% |>67.5% |>75.0% |>82.6% |>90.1% |>97.5% |>100.0%
 done.
> 1176 of 1176 structures successfully optimized (100.0% success)
> Total runtime for 1176 optimizations:
 * wall-time:     0 d,  0 h,  0 min,  0.128 sec
 *  cpu-time:     0 d,  0 h,  0 min,  2.052 sec
 * ratio c/w:    15.978 speedup
> Corresponding to approximately 0.000 sec per processed structure
 
CREGEN> number of topology-based structure removals: 5
CREGEN> running RMSDs ... done.
CREGEN> E lowest :    -1.72529
 10 structures remain within    12.00 kcal/mol window
 ----------------------------------
 optimization with tight thresholds
 ----------------------------------
 Optimization engine: ANCOPT
 Hessian update type: BFGS
 E/G convergence criteria:  0.100E-05 Eh, 0.800E-03 Eh/a0
 maximum optimization steps: 200
 |>10.0% |>20.0% |>30.0% |>40.0% |>50.0% |>60.0% |>70.0% |>80.0% |>90.0% |>100.0%
 done.
> 10 of 10 structures successfully optimized (100.0% success)
> Total runtime for 10 optimizations:
 * wall-time:     0 d,  0 h,  0 min,  0.004 sec
 *  cpu-time:     0 d,  0 h,  0 min,  0.035 sec
 * ratio c/w:     9.957 speedup
> Corresponding to approximately 0.000 sec per processed structure
 
CREGEN> running RMSDs ... done.
CREGEN> E lowest :    -1.72530
 2 structures remain within     6.00 kcal/mol window
 
========================================
           MTD Simulations done         
========================================
 Collecting ensmbles.
CREGEN> running RMSDs ... done.
CREGEN> E lowest :    -1.72530
 2 structures remain within     6.00 kcal/mol window
     H(298.15K)-H(0) (conf)      0.163157
                   Cp(conf)      0.644826
                    S(conf)      0.964579
 
******************************************************************************************
**                          I T E R A T I O N    C Y C L E      1                       **
******************************************************************************************
 -------------------------------------------
 determining bias structures via PCA/k-Means
 -------------------------------------------
 There are not enough descriptors for a PCA!
 Taking all structures as representative and writing crest_clustered.xyz
 2 structures were selected
 done.

 -----------------------------------------------
 determining MTD seed structures via PCA/k-Means
 -----------------------------------------------
 There are not enough descriptors for a PCA!
 Taking all structures as representative and writing crest_clustered.xyz
 2 structures were selected
 done.


 ==========================================================
 Static MTDs (umbrella sampling) on 2 selected conformer(s)
 ==========================================================
> Using 2 constant RMSD bias potentials per MTD
  :::::::::: starting static MTD   2 ::::::::::
  |   MD simulation time   :     2.5 ps       |
  |   target T             :   400.0 K        |
  |   timestep dt          :     1.5 fs       |
  |   dump interval(trj)   :   100.0 fs       |
  |   SHAKE algorithm      : true (all bonds) |
  |   Vbias prefactor (k)  :  0.0004 Eh       |
  |   Vbias exponent (α)   :  1.0000 bohr⁻²   |
  :::::::::: starting static MTD   1 ::::::::::
  |   MD simulation time   :     2.5 ps       |
  |   target T             :   400.0 K        |
  |   timestep dt          :     1.5 fs       |
  |   dump interval(trj)   :   100.0 fs       |
  |   SHAKE algorithm      : true (all bonds) |
  |   Vbias prefactor (k)  :  0.0004 Eh       |
  |   Vbias exponent (α)   :  1.0000 bohr⁻²   |
*sMTD   1 completed successfully ...        0 min,  0.387 sec
*sMTD   2 completed successfully ...        0 min,  0.395 sec
 
 ======================================
 |  Multilevel Ensemble Optimization  |
 ======================================
 Optimizing all 48 structures from file "crest_rotamers_0.xyz" ...
 ----------------------
 crude pre-optimization
 ----------------------
 Optimization engine: ANCOPT
 Hessian update type: BFGS
 E/G convergence criteria:  0.500E-03 Eh, 0.100E-01 Eh/a0
 maximum optimization steps: 200
 |>2.1% |>10.4% |>20.8% |>31.2% |>41.7% |>50.0% |>60.4% |>70.8% |>81.2% |>91.7% |>100.0%
 done.
> 48 of 48 structures successfully optimized (100.0% success)
> Total runtime for 48 optimizations:
 * wall-time:     0 d,  0 h,  0 min,  0.005 sec
 *  cpu-time:     0 d,  0 h,  0 min,  0.084 sec
 * ratio c/w:    15.496 speedup
> Corresponding to approximately 0.000 sec per processed structure
 
CREGEN> running RMSDs ... done.
CREGEN> E lowest :    -1.72528
 20 structures remain within    12.00 kcal/mol window
 ---------------------------------------
 optimization with very tight thresholds
 ---------------------------------------
 Optimization engine: ANCOPT
 Hessian update type: BFGS
 E/G convergence criteria:  0.100E-06 Eh, 0.200E-03 Eh/a0
 maximum optimization steps: 200
 |>5.0% |>10.0% |>20.0% |>30.0% |>40.0% |>50.0% |>60.0% |>75.0% |>80.0% |>95.0% |>100.0%
 done.
> 20 of 20 structures successfully optimized (100.0% success)
> Total runtime for 20 optimizations:
 * wall-time:     0 d,  0 h,  0 min,  0.008 sec
 *  cpu-time:     0 d,  0 h,  0 min,  0.123 sec
 * ratio c/w:    15.710 speedup
> Corresponding to approximately 0.000 sec per processed structure
 
CREGEN> running RMSDs ... done.
CREGEN> E lowest :    -1.72530
 2 structures remain within     6.00 kcal/mol window
CREGEN> running RMSDs ... done.
CREGEN> E lowest :    -1.72530
 
 Static MTD simulation iteration 1 finished
 A total of 2 conformers (+ 0.00%) in crest_conformers.xyz
 S(approx.) =    0.965614 cal/molK (dS = 0.05%)
 Convergence w.r.t. conformers:  T
 Convergence w.r.t. entropy   :  T
 
     H(298.15K)-H(0) (conf)      0.163178
                   Cp(conf)      0.644311
                    S(conf)      0.965049


 --------------------------
 Final Ensemble Information
 --------------------------
 input  file name : crest_rotamers_2.xyz
 output file name : crest_rotamers_3.xyz
 number of atoms                :   10
 number of points on xyz files  :   4
 RMSD threshold                 :   0.1250
 Bconst threshold               :   0.0100
 population threshold           :   0.0500
 # fragment in coord            :     1
 # bonds in reference structure :     9
   => # of C=C bonds :     2
 number of reliable points      :     4
 sorting energy window (EWIN)   :    6.0000 / kcal*mol⁻¹
 reference state Etot           :  -1.72529761000000
 number of doubles removed by rot/RMSD         :           2
 total number unique points considered further :           2
       Erel/kcal        Etot weight/tot  conformer     set   degen     origin
       1   0.000    -1.72530    0.81021    0.81021       1       1
       2   0.861    -1.72393    0.18979    0.18979       2       1
T /K                                  :   298.15
E lowest                              :    -1.72530
ensemble average energy (kcal)        :    0.163
ensemble entropy (J/mol K, cal/mol K) :    4.040    0.966
ensemble free energy (kcal/mol)       :   -0.288
population of lowest in %             :   81.021
 number of unique conformers for further calc            2
 list of relative energies saved as "crest.energies"
 compare nuclear equivalencies ...
::::::::::: conformer group all :::::::::::
 chemical equivalencies (mag.active nuclei):
 magnetic equivalencies:
 
******************************************************************************************
**                           ENSEMBLE ENTROPY CALCULATION                               **
******************************************************************************************
======================================================
 Containing 2 conformers :
     H(298.15K)-H(0) (conf)      0.163157
                   Cp(conf)      0.644826
                    S(conf)      0.964579
======================================================
 Containing 2 conformers :
     H(298.15K)-H(0) (conf)      0.163178
                   Cp(conf)      0.644311
                    S(conf)      0.965049
======================================================

 --------------------------------------
 FINAL CALCULATION OF MOLECULAR ENTROPY
 --------------------------------------
 
WARNING: Not enough blocks for extrapolation.
         Taking full ensemble entropy instead.

FINAL ENTROPY (max conf.)  :      0.96505
 
 ----------------------------------
 Frequency Calculation and Averages
 ----------------------------------
 Nconf on file      : 2
 Taken for Hessians : 2 (=100.00% total population)
 T range  /K    :   278.15   378.15
 scaling factor :          1.000000     
 rotor cutoff   :         25.000000 cm⁻¹
 imag. cutoff   :        -50.000000 cm⁻¹
 
 Running 2 calculations ...
 |>50.0% |>100.0%
 done.
 calculating averages for G and S ...    done.
 calculating Boltzmann weights ...       done.
 calculating reference S (bhess) ... > bhess not implemented for calculator routines
    done.
 calculating δSrrho ...                  done.
 
 Coordinates for the bhess reference structure (Ångström):
 -----------------------------------------------------------
  10
 
 C          1.8522715152       -0.1185706314        0.0000000000
 C          0.6113487281        0.3976036459        0.0000000000
 C         -0.6113487281       -0.3976036459        0.0000000000
 C         -1.8522715152        0.1185706314        0.0000000000
 H          2.7406488833        0.5222632857        0.0000000000
 H          2.0171535821       -1.2036528345        0.0000000000
 H          0.4817622936        1.4886712610        0.0000000000
 H         -0.4817622936       -1.4886712610        0.0000000000
 H         -2.0171535821        1.2036528345        0.0000000000
 H         -2.7406488833       -0.5222632857        0.0000000000
 -----------------------------------------------------------
 as read from <coord>
 Heavy-atom RMSD between lowest conformer and this reference :
 RMSD(heavy) =        0.013998 Å
 
 msRRHO(bhess) reference entropies:
      278.15         64.104422
      288.15         64.711590
      298.15         65.315281
      308.15         65.915632
      318.15         66.512746
      328.15         67.106696
      338.15         67.697538
      348.15         68.285305
      358.15         68.870020
      368.15         69.451692
      378.15         70.030323

       T/K  |S(T)|/cal/molK       |G(T)|/Eh     G_lowest/Eh    (conf)
   -----------------------------------------------------------------
    278.15    0.670205E+02    0.617048E-01       -1.663315         1
    288.15    0.676890E+02    0.606269E-01       -1.664380         1
    298.15    0.683509E+02    0.595388E-01       -1.665456         1
    308.15    0.690064E+02    0.584405E-01       -1.666542         1
    318.15    0.696557E+02    0.573321E-01       -1.667638         1
    328.15    0.702991E+02    0.562136E-01       -1.668745         1
    338.15    0.709368E+02    0.550853E-01       -1.669861         1
    348.15    0.715689E+02    0.539471E-01       -1.670987         1
    358.15    0.721956E+02    0.527991E-01       -1.672123         1
    368.15    0.728170E+02    0.516413E-01       -1.673269         1
    378.15    0.734333E+02    0.504740E-01       -1.674425         1
   -----------------------------------------------------------------
   NOTE: if |G(T)| is the averaged contributrion to the free energy.
   |G(T)| used only for the higher-energetic structures (n > 2).
   All other structures use G(T) from the respective Hessian calculations.
 
 Quantities calculated on free energies:
       T/K          δSrrho           Cp(T)     [H(T)-H(0)]
   -------------------------------------------------------
    278.15    0.291606E+01    0.346092E+00        0.145209
    288.15    0.297744E+01    0.310902E+00        0.146857
    298.15    0.303563E+01    0.278661E+00        0.147875
    308.15    0.309076E+01    0.249233E+00        0.148300
    318.15    0.314299E+01    0.222461E+00        0.148172
    328.15    0.319245E+01    0.198168E+00        0.147525
    338.15    0.323928E+01    0.176174E+00        0.146396
    348.15    0.328362E+01    0.156301E+00        0.144817
    358.15    0.332560E+01    0.138375E+00        0.142820
    368.15    0.336535E+01    0.122229E+00        0.140434
    378.15    0.340299E+01    0.107708E+00        0.137685
   -------------------------------------------------------
   NOTE: δSrrho(T) = |S(T)| - Sref(T)
 
 ----------------------
 TEMPERATURE DEPENDENCE
 ----------------------
 
 Final CONFORMATIONAL quantities at given T:
       T/K        S(total)           Cp(T)     [H(T)-H(0)]        G(total)
   -----------------------------------------------------------------------
    278.15        3.834684        0.346092        0.145209       -0.921409
    288.15        3.920097        0.310902        0.146857       -0.982719
    298.15        4.000675        0.278661        0.147875       -1.044926
    308.15        4.076681        0.249233        0.148300       -1.107929
    318.15        4.148372        0.222461        0.148172       -1.171633
    328.15        4.215998        0.198168        0.147525       -1.235954
    338.15        4.279799        0.176174        0.146396       -1.300818
    348.15        4.340004        0.156301        0.144817       -1.366155
    358.15        4.396831        0.138375        0.142820       -1.431905
    368.15        4.450486        0.122229        0.140434       -1.498013
    378.15        4.501163        0.107708        0.137685       -1.564429
   -----------------------------------------------------------------------
   S and Cp in cal/mol*K; H and G in kcal/mol
   G(total) is the ensemble free energy (H-T*S) and S(total) = S(conf,extrapol.) + δSrrho
 
 ----------------------------------------------------
 |      FINAL MOLECULAR ENTROPY AT T= 298.15 K      |
 ----------------------------------------------------
     Sconf   =          0.965049
   + δSrrho  =          3.035626
 -----------------------------------------------------
 = S(total)  =          4.000675  (cal mol⁻¹ K⁻¹)
 
   H(T)-H(0) =          0.147875
   G         =         -1.192801   (-T*S)
 -----------------------------------------------------
 = G(total)  =         -1.044926  (H-T*S) (kcal mol⁻¹)
 
   Cp(total) =          0.278661  (cal mol⁻¹ K⁻¹)
 
 
 -----------------
 Wall Time Summary
 -----------------
 CREST runtime (total)               0 d,  0 h,  0 min,  1.166 sec
 ------------------------------------------------------------------
 Trial metadynamics (MTD)   ...        0 min,  0.014 sec (  1.168%)
 Metadynamics (MTD)         ...        0 min,  0.293 sec ( 25.146%)
 Geometry optimization      ...        0 min,  0.407 sec ( 34.852%)
 Static metadynamics (sMTD) ...        0 min,  0.402 sec ( 34.489%)
 Conf. entropy evaluation   ...        0 min,  0.009 sec (  0.793%)
 I/O and setup              ...        0 min,  0.041 sec (  3.552%)
 ------------------------------------------------------------------
 * wall-time:     0 d,  0 h,  0 min,  1.166 sec
 *  cpu-time:     0 d,  0 h,  0 min,  7.610 sec
 * ratio c/w:     6.525 speedup
 ------------------------------------------------------------------
 * Total number of energy+grad calls: 92079
 
 CREST terminated normally.
