 
       ╔════════════════════════════════════════════╗
       ║            ___ ___ ___ ___ _____           ║
       ║           / __| _ \ __/ __|_   _|          ║
       ║          | (__|   / _|\__ \ | |            ║
       ║           \___|_|_\___|___/ |_|            ║
       ║                                            ║
       ║  Conformer-Rotamer Ensemble Sampling Tool  ║
       ║          based on the xTB methods          ║
       ║                                            ║
       ╚════════════════════════════════════════════╝
       Version 3.0.2, Sun Aug 25 20:02:36 UTC 2024
       commit (af7eb99) compiled by 'runner@fv-az1984-471'
 
   Cite work conducted with this code as

   • P.Pracht, F.Bohle, S.Grimme, PCCP, 2020, 22, 7169-7192.
   • S.Grimme, JCTC, 2019, 15, 2847-2862.
   • P.Pracht, S.Grimme, C.Bannwarth, F.Bohle, S.Ehlert,
     G.Feldmann, J.Gorges, M.Müller, T.Neudecker, C.Plett,
     S.Spicher, P.Steinbach, P.Wesołowski, F.Zeller,
     J. Chem. Phys., 2024, 160, 114110.

   for works involving QCG cite

   • S.Spicher, C.Plett, P.Pracht, A.Hansen, S.Grimme,
     JCTC, 2022, 18 (5), 3174-3189.
   • C.Plett, S. Grimme,
     Angew. Chem. Int. Ed. 2023, 62, e202214477.

   for works involving MECP screening cite

   • P.Pracht, C.Bannwarth, JCTC, 2022, 18 (10), 6370-6385.
 
   Original code
     P.Pracht, S.Grimme, Universität Bonn, MCTC
   with help from (alphabetical order):
     C.Bannwarth, F.Bohle, S.Ehlert, G.Feldmann, J.Gorges,
     S.Grimme, C.Plett, P.Pracht, S.Spicher, P.Steinbach,
     P.Wesolowski, F.Zeller
 
   Online documentation is available at
   https://crest-lab.github.io/crest-docs/
 
   This program is distributed in the hope that it will be useful,
   but WITHOUT ANY WARRANTY; without even the implied warranty of
   MERCHANTABILITY or FITNESS FOR A PARTICULAR PURPOSE. See the
   GNU Lesser General Public License (LGPL) for more details.

 Command line input:
 $ crest LFQSCWFLJHTTHZ-UHFFFAOYSA-N-1.xyz -gfnff -entropy -T 16 -chrg 0 -uhf 0

  --gfnff : Use of GFN-FF requested.
  -entropy : enhanced ensemble entropy calculation
  -T 16 (CPUs/Threads selected)
  -chrg 0
  -uhf 0
Parsing xtb-type input file bondlengths to set up calculators ...

> Setting up backup calculator ... done.
 ----------------
 Calculation info
 ----------------
> User-defined calculation level:
 : GFN-FF calculation via GFNFF lib
 :   Molecular charge    : 0
 
> User-defined constraints:
> constraint: distance atoms: 1,2
  d(AA)=     1.51819 k= 0.02000
> constraint: distance atoms: 1,4
  d(AA)=     1.10452 k= 0.02000
> constraint: distance atoms: 1,5
  d(AA)=     1.10425 k= 0.02000
> constraint: distance atoms: 1,6
  d(AA)=     1.10425 k= 0.02000
> constraint: distance atoms: 2,3
  d(AA)=     1.41575 k= 0.02000
> constraint: distance atoms: 2,7
  d(AA)=     1.11184 k= 0.02000
> constraint: distance atoms: 2,8
  d(AA)=     1.11184 k= 0.02000
> constraint: distance atoms: 3,9
  d(AA)=     0.97027 k= 0.02000
 
 
 -----------------------------
 Initial Geometry Optimization
 -----------------------------
 Geometry successfully optimized.
 
          ┍━━━━━━━━━━━━━━━━━━━━━━━━━━━━━━━━━━━━━━━━━━━━━━━━━┑
          │              CREST ENTROPY SAMPLING             │
          ┕━━━━━━━━━━━━━━━━━━━━━━━━━━━━━━━━━━━━━━━━━━━━━━━━━┙
 
 please cite:
 • P.Pracht, S.Grimme, Chem. Sci., 2021, 12, 6551-6568.
 • J.Gorges, S.Grimme, A.Hansen, P.Pracht, PCCP, 2022,24, 12249-12259.
 
 Input structure:
  9
 
 C         -1.2856375957       -0.2415794103        0.0000000000
 C          0.0057101283        0.5507432318       -0.0000000004
 O          1.1414856148       -0.2941617058       -0.0000000012
 H         -2.1678845785        0.4027869992       -0.0000000000
 H         -1.3393729861       -0.8881900992        0.8773968663
 H         -1.3393729864       -0.8881901002       -0.8773968659
 H          0.0583579141        1.2046911392        0.8825154517
 H          0.0583579137        1.2046911400       -0.8825154517
 H          1.9744808552        0.2305809464        0.0000000012
 
 ------------------------------------------------
 Generating MTD length from a flexibility measure
 ------------------------------------------------
 Calculating GFN0-xTB WBOs   ... done.
 Calculating NCI flexibility ... done.
     covalent flexibility measure :   0.000
 non-covalent flexibility measure :   0.918
 flexibility measure :   0.000
 t(MTD) / ps    :     5.0
 Σ(t(MTD)) / ps :   120.0 (24 MTDs)
 
 -----------------------------------
 Starting trial MTD to test settings
 -----------------------------------
 Trial MTD 1 runtime (1.0 ps) ...        0 min,  0.009 sec
 Estimated runtime for one MTD (5.0 ps) on a single thread: 0 sec
 Estimated runtime for a batch of 24 MTDs on 16 threads: 0 sec
 
******************************************************************************************
**                         N E W   I T E R A T I O N  C Y C L E                         **
******************************************************************************************
 
 ------------------------------
 Meta-Dynamics Iteration 1
 ------------------------------
 list of applied metadynamics Vbias parameters:
$metadyn    0.06750   1.618
$metadyn    0.03375   1.618
$metadyn    0.01688   1.618
$metadyn    0.00844   1.618
$metadyn    0.06750   1.000
$metadyn    0.03375   1.000
$metadyn    0.01688   1.000
$metadyn    0.00844   1.000
$metadyn    0.06750   0.618
$metadyn    0.03375   0.618
$metadyn    0.01688   0.618
$metadyn    0.00844   0.618
$metadyn    0.06750   0.382
$metadyn    0.03375   0.382
$metadyn    0.01688   0.382
$metadyn    0.00844   0.382
$metadyn    0.06750   0.236
$metadyn    0.03375   0.236
$metadyn    0.01688   0.236
$metadyn    0.00844   0.236
$metadyn    0.06750   0.146
$metadyn    0.03375   0.146
$metadyn    0.01688   0.146
$metadyn    0.00844   0.146
 
  ::::::::::::: starting MTD    1 :::::::::::::
  |   MD simulation time   :     5.0 ps       |
  |   target T             :   300.0 K        |
  |   timestep dt          :     1.5 fs       |
  |   dump interval(trj)   :   100.0 fs       |
  |   SHAKE algorithm      : true (all bonds) |
  |   dump interval(Vbias) :    1.00 ps       |
  |   Vbias prefactor (k)  :  0.0675 Eh       |
  |   Vbias exponent (α)   :  1.6180 bohr⁻²   |
  ::::::::::::: starting MTD    5 :::::::::::::
  |   MD simulation time   :     5.0 ps       |
  |   target T             :   300.0 K        |
  |   timestep dt          :     1.5 fs       |
  |   dump interval(trj)   :   100.0 fs       |
  |   SHAKE algorithm      : true (all bonds) |
  |   dump interval(Vbias) :    1.00 ps       |
  |   Vbias prefactor (k)  :  0.0675 Eh       |
  |   Vbias exponent (α)   :  1.0000 bohr⁻²   |
  ::::::::::::: starting MTD    7 :::::::::::::
  |   MD simulation time   :     5.0 ps       |
  |   target T             :   300.0 K        |
  |   timestep dt          :     1.5 fs       |
  |   dump interval(trj)   :   100.0 fs       |
  |   SHAKE algorithm      : true (all bonds) |
  |   dump interval(Vbias) :    1.00 ps       |
  |   Vbias prefactor (k)  :  0.0169 Eh       |
  |   Vbias exponent (α)   :  1.0000 bohr⁻²   |
  ::::::::::::: starting MTD   21 :::::::::::::
  |   MD simulation time   :     5.0 ps       |
  |   target T             :   300.0 K        |
  |   timestep dt          :     1.5 fs       |
  |   dump interval(trj)   :   100.0 fs       |
  |   SHAKE algorithm      : true (all bonds) |
  |   dump interval(Vbias) :    1.00 ps       |
  |   Vbias prefactor (k)  :  0.0675 Eh       |
  |   Vbias exponent (α)   :  0.1459 bohr⁻²   |
  ::::::::::::: starting MTD   17 :::::::::::::
  |   MD simulation time   :     5.0 ps       |
  |   target T             :   300.0 K        |
  |   timestep dt          :     1.5 fs       |
  |   dump interval(trj)   :   100.0 fs       |
  |   SHAKE algorithm      : true (all bonds) |
  |   dump interval(Vbias) :    1.00 ps       |
  |   Vbias prefactor (k)  :  0.0675 Eh       |
  |   Vbias exponent (α)   :  0.2361 bohr⁻²   |
  ::::::::::::: starting MTD   24 :::::::::::::
  |   MD simulation time   :     5.0 ps       |
  |   target T             :   300.0 K        |
  |   timestep dt          :     1.5 fs       |
  |   dump interval(trj)   :   100.0 fs       |
  |   SHAKE algorithm      : true (all bonds) |
  |   dump interval(Vbias) :    1.00 ps       |
  |   Vbias prefactor (k)  :  0.0084 Eh       |
  |   Vbias exponent (α)   :  0.1459 bohr⁻²   |
  ::::::::::::: starting MTD   22 :::::::::::::
  |   MD simulation time   :     5.0 ps       |
  |   target T             :   300.0 K        |
  |   timestep dt          :     1.5 fs       |
  |   dump interval(trj)   :   100.0 fs       |
  |   SHAKE algorithm      : true (all bonds) |
  |   dump interval(Vbias) :    1.00 ps       |
  |   Vbias prefactor (k)  :  0.0338 Eh       |
  |   Vbias exponent (α)   :  0.1459 bohr⁻²   |
  ::::::::::::: starting MTD   23 :::::::::::::
  |   MD simulation time   :     5.0 ps       |
  |   target T             :   300.0 K        |
  |   timestep dt          :     1.5 fs       |
  |   dump interval(trj)   :   100.0 fs       |
  |   SHAKE algorithm      : true (all bonds) |
  |   dump interval(Vbias) :    1.00 ps       |
  |   Vbias prefactor (k)  :  0.0169 Eh       |
  |   Vbias exponent (α)   :  0.1459 bohr⁻²   |
  ::::::::::::: starting MTD   20 :::::::::::::
  |   MD simulation time   :     5.0 ps       |
  |   target T             :   300.0 K        |
  |   timestep dt          :     1.5 fs       |
  |   dump interval(trj)   :   100.0 fs       |
  |   SHAKE algorithm      : true (all bonds) |
  |   dump interval(Vbias) :    1.00 ps       |
  |   Vbias prefactor (k)  :  0.0084 Eh       |
  |   Vbias exponent (α)   :  0.2361 bohr⁻²   |
  ::::::::::::: starting MTD   15 :::::::::::::
  |   MD simulation time   :     5.0 ps       |
  |   target T             :   300.0 K        |
  |   timestep dt          :     1.5 fs       |
  |   dump interval(trj)   :   100.0 fs       |
  |   SHAKE algorithm      : true (all bonds) |
  |   dump interval(Vbias) :    1.00 ps       |
  |   Vbias prefactor (k)  :  0.0169 Eh       |
  |   Vbias exponent (α)   :  0.3820 bohr⁻²   |
  ::::::::::::: starting MTD    9 :::::::::::::
  |   MD simulation time   :     5.0 ps       |
  |   target T             :   300.0 K        |
  |   timestep dt          :     1.5 fs       |
  |   dump interval(trj)   :   100.0 fs       |
  |   SHAKE algorithm      : true (all bonds) |
  |   dump interval(Vbias) :    1.00 ps       |
  |   Vbias prefactor (k)  :  0.0675 Eh       |
  |   Vbias exponent (α)   :  0.6180 bohr⁻²   |
  ::::::::::::: starting MTD    3 :::::::::::::
  |   MD simulation time   :     5.0 ps       |
  |   target T             :   300.0 K        |
  |   timestep dt          :     1.5 fs       |
  |   dump interval(trj)   :   100.0 fs       |
  |   SHAKE algorithm      : true (all bonds) |
  |   dump interval(Vbias) :    1.00 ps       |
  |   Vbias prefactor (k)  :  0.0169 Eh       |
  |   Vbias exponent (α)   :  1.6180 bohr⁻²   |
  ::::::::::::: starting MTD   11 :::::::::::::
  |   MD simulation time   :     5.0 ps       |
  |   target T             :   300.0 K        |
  |   timestep dt          :     1.5 fs       |
  |   dump interval(trj)   :   100.0 fs       |
  |   SHAKE algorithm      : true (all bonds) |
  |   dump interval(Vbias) :    1.00 ps       |
  |   Vbias prefactor (k)  :  0.0169 Eh       |
  |   Vbias exponent (α)   :  0.6180 bohr⁻²   |
  ::::::::::::: starting MTD   19 :::::::::::::
  |   MD simulation time   :     5.0 ps       |
  |   target T             :   300.0 K        |
  |   timestep dt          :     1.5 fs       |
  |   dump interval(trj)   :   100.0 fs       |
  |   SHAKE algorithm      : true (all bonds) |
  |   dump interval(Vbias) :    1.00 ps       |
  |   Vbias prefactor (k)  :  0.0169 Eh       |
  |   Vbias exponent (α)   :  0.2361 bohr⁻²   |
  ::::::::::::: starting MTD   13 :::::::::::::
  |   MD simulation time   :     5.0 ps       |
  |   target T             :   300.0 K        |
  |   timestep dt          :     1.5 fs       |
  |   dump interval(trj)   :   100.0 fs       |
  |   SHAKE algorithm      : true (all bonds) |
  |   dump interval(Vbias) :    1.00 ps       |
  |   Vbias prefactor (k)  :  0.0675 Eh       |
  |   Vbias exponent (α)   :  0.3820 bohr⁻²   |
  ::::::::::::: starting MTD   18 :::::::::::::
  |   MD simulation time   :     5.0 ps       |
  |   target T             :   300.0 K        |
  |   timestep dt          :     1.5 fs       |
  |   dump interval(trj)   :   100.0 fs       |
  |   SHAKE algorithm      : true (all bonds) |
  |   dump interval(Vbias) :    1.00 ps       |
  |   Vbias prefactor (k)  :  0.0338 Eh       |
  |   Vbias exponent (α)   :  0.2361 bohr⁻²   |
*MTD   7 completed successfully ...        0 min,  0.118 sec
  ::::::::::::: starting MTD    8 :::::::::::::
  |   MD simulation time   :     5.0 ps       |
  |   target T             :   300.0 K        |
  |   timestep dt          :     1.5 fs       |
  |   dump interval(trj)   :   100.0 fs       |
  |   SHAKE algorithm      : true (all bonds) |
  |   dump interval(Vbias) :    1.00 ps       |
  |   Vbias prefactor (k)  :  0.0084 Eh       |
  |   Vbias exponent (α)   :  1.0000 bohr⁻²   |
*MTD  15 completed successfully ...        0 min,  0.118 sec
  ::::::::::::: starting MTD   16 :::::::::::::
  |   MD simulation time   :     5.0 ps       |
  |   target T             :   300.0 K        |
  |   timestep dt          :     1.5 fs       |
  |   dump interval(trj)   :   100.0 fs       |
  |   SHAKE algorithm      : true (all bonds) |
  |   dump interval(Vbias) :    1.00 ps       |
  |   Vbias prefactor (k)  :  0.0084 Eh       |
  |   Vbias exponent (α)   :  0.3820 bohr⁻²   |
*MTD  11 completed successfully ...        0 min,  0.119 sec
  ::::::::::::: starting MTD   12 :::::::::::::
  |   MD simulation time   :     5.0 ps       |
  |   target T             :   300.0 K        |
  |   timestep dt          :     1.5 fs       |
  |   dump interval(trj)   :   100.0 fs       |
  |   SHAKE algorithm      : true (all bonds) |
  |   dump interval(Vbias) :    1.00 ps       |
  |   Vbias prefactor (k)  :  0.0084 Eh       |
  |   Vbias exponent (α)   :  0.6180 bohr⁻²   |
*MTD  21 completed successfully ...        0 min,  0.119 sec
*MTD   5 completed successfully ...        0 min,  0.119 sec
  ::::::::::::: starting MTD    6 :::::::::::::
  |   MD simulation time   :     5.0 ps       |
  |   target T             :   300.0 K        |
  |   timestep dt          :     1.5 fs       |
  |   dump interval(trj)   :   100.0 fs       |
  |   SHAKE algorithm      : true (all bonds) |
  |   dump interval(Vbias) :    1.00 ps       |
  |   Vbias prefactor (k)  :  0.0338 Eh       |
  |   Vbias exponent (α)   :  1.0000 bohr⁻²   |
*MTD   9 completed successfully ...        0 min,  0.119 sec
  ::::::::::::: starting MTD   10 :::::::::::::
  |   MD simulation time   :     5.0 ps       |
  |   target T             :   300.0 K        |
  |   timestep dt          :     1.5 fs       |
  |   dump interval(trj)   :   100.0 fs       |
  |   SHAKE algorithm      : true (all bonds) |
  |   dump interval(Vbias) :    1.00 ps       |
  |   Vbias prefactor (k)  :  0.0338 Eh       |
  |   Vbias exponent (α)   :  0.6180 bohr⁻²   |
*MTD  18 completed successfully ...        0 min,  0.119 sec
*MTD  19 completed successfully ...        0 min,  0.119 sec
*MTD   3 completed successfully ...        0 min,  0.119 sec
  ::::::::::::: starting MTD    4 :::::::::::::
  |   MD simulation time   :     5.0 ps       |
  |   target T             :   300.0 K        |
  |   timestep dt          :     1.5 fs       |
  |   dump interval(trj)   :   100.0 fs       |
  |   SHAKE algorithm      : true (all bonds) |
  |   dump interval(Vbias) :    1.00 ps       |
  |   Vbias prefactor (k)  :  0.0084 Eh       |
  |   Vbias exponent (α)   :  1.6180 bohr⁻²   |
*MTD  22 completed successfully ...        0 min,  0.119 sec
*MTD   1 completed successfully ...        0 min,  0.120 sec
  ::::::::::::: starting MTD    2 :::::::::::::
  |   MD simulation time   :     5.0 ps       |
  |   target T             :   300.0 K        |
  |   timestep dt          :     1.5 fs       |
  |   dump interval(trj)   :   100.0 fs       |
  |   SHAKE algorithm      : true (all bonds) |
  |   dump interval(Vbias) :    1.00 ps       |
  |   Vbias prefactor (k)  :  0.0338 Eh       |
  |   Vbias exponent (α)   :  1.6180 bohr⁻²   |
*MTD  20 completed successfully ...        0 min,  0.119 sec
*MTD  23 completed successfully ...        0 min,  0.120 sec
*MTD  24 completed successfully ...        0 min,  0.120 sec
*MTD  17 completed successfully ...        0 min,  0.120 sec
*MTD  13 completed successfully ...        0 min,  0.120 sec
  ::::::::::::: starting MTD   14 :::::::::::::
  |   MD simulation time   :     5.0 ps       |
  |   target T             :   300.0 K        |
  |   timestep dt          :     1.5 fs       |
  |   dump interval(trj)   :   100.0 fs       |
  |   SHAKE algorithm      : true (all bonds) |
  |   dump interval(Vbias) :    1.00 ps       |
  |   Vbias prefactor (k)  :  0.0338 Eh       |
  |   Vbias exponent (α)   :  0.3820 bohr⁻²   |
*MTD  16 completed successfully ...        0 min,  0.073 sec
*MTD  10 completed successfully ...        0 min,  0.073 sec
*MTD  12 completed successfully ...        0 min,  0.073 sec
*MTD   2 completed successfully ...        0 min,  0.073 sec
*MTD   6 completed successfully ...        0 min,  0.074 sec
*MTD   8 completed successfully ...        0 min,  0.074 sec
*MTD   4 completed successfully ...        0 min,  0.074 sec
*MTD  14 completed successfully ...        0 min,  0.074 sec
 
 ======================================
 |  Multilevel Ensemble Optimization  |
 ======================================
 Optimizing all 1176 structures from file "crest_dynamics.trj" ...
 ----------------------
 crude pre-optimization
 ----------------------
 Optimization engine: ANCOPT
 Hessian update type: BFGS
 E/G convergence criteria:  0.500E-03 Eh, 0.100E-01 Eh/a0
 maximum optimization steps: 200
 |>0.1% |>7.6% |>15.1% |>22.5% |>30.0% |>37.5% |>45.1% |>52.6% |>60.0% |>67.5% |>75.0% |>82.6% |>90.1% |>97.5% |>100.0%
 done.
> 1176 of 1176 structures successfully optimized (100.0% success)
> Total runtime for 1176 optimizations:
 * wall-time:     0 d,  0 h,  0 min,  0.117 sec
 *  cpu-time:     0 d,  0 h,  0 min,  1.866 sec
 * ratio c/w:    15.969 speedup
> Corresponding to approximately 0.000 sec per processed structure
 
CREGEN> running RMSDs ... done.
CREGEN> E lowest :    -1.22030
 133 structures remain within    12.00 kcal/mol window
 ----------------------------------
 optimization with tight thresholds
 ----------------------------------
 Optimization engine: ANCOPT
 Hessian update type: BFGS
 E/G convergence criteria:  0.100E-05 Eh, 0.800E-03 Eh/a0
 maximum optimization steps: 200
 |>0.8% |>10.5% |>20.3% |>30.1% |>40.6% |>50.4% |>60.2% |>70.7% |>80.5% |>90.2% |>100.0%
 done.
> 133 of 133 structures successfully optimized (100.0% success)
> Total runtime for 133 optimizations:
 * wall-time:     0 d,  0 h,  0 min,  0.020 sec
 *  cpu-time:     0 d,  0 h,  0 min,  0.315 sec
 * ratio c/w:    15.901 speedup
> Corresponding to approximately 0.000 sec per processed structure
 
CREGEN> running RMSDs ... done.
CREGEN> E lowest :    -1.22031
 9 structures remain within     6.00 kcal/mol window
 
========================================
           MTD Simulations done         
========================================
 Collecting ensmbles.
CREGEN> running RMSDs ... done.
CREGEN> E lowest :    -1.22031
 9 structures remain within     6.00 kcal/mol window
     H(298.15K)-H(0) (conf)      0.092753
                   Cp(conf)      0.342188
                    S(conf)      1.952951
 
******************************************************************************************
**                          I T E R A T I O N    C Y C L E      1                       **
******************************************************************************************
 -------------------------------------------
 determining bias structures via PCA/k-Means
 -------------------------------------------
 There are not enough descriptors for a PCA!
 Taking all structures as representative and writing crest_clustered.xyz
 2 structures were selected
 done.

 -----------------------------------------------
 determining MTD seed structures via PCA/k-Means
 -----------------------------------------------
 There are not enough descriptors for a PCA!
 Taking all structures as representative and writing crest_clustered.xyz
 2 structures were selected
 done.


 ==========================================================
 Static MTDs (umbrella sampling) on 2 selected conformer(s)
 ==========================================================
> Using 2 constant RMSD bias potentials per MTD
  :::::::::: starting static MTD   2 ::::::::::
  |   MD simulation time   :     2.5 ps       |
  |   target T             :   400.0 K        |
  |   timestep dt          :     1.5 fs       |
  |   dump interval(trj)   :   100.0 fs       |
  |   SHAKE algorithm      : true (all bonds) |
  |   Vbias prefactor (k)  :  0.0003 Eh       |
  |   Vbias exponent (α)   :  1.0000 bohr⁻²   |
  :::::::::: starting static MTD   1 ::::::::::
  |   MD simulation time   :     2.5 ps       |
  |   target T             :   400.0 K        |
  |   timestep dt          :     1.5 fs       |
  |   dump interval(trj)   :   100.0 fs       |
  |   SHAKE algorithm      : true (all bonds) |
  |   Vbias prefactor (k)  :  0.0003 Eh       |
  |   Vbias exponent (α)   :  1.0000 bohr⁻²   |
*sMTD   2 completed successfully ...        0 min,  0.331 sec
*sMTD   1 completed successfully ...        0 min,  0.331 sec
 
 ======================================
 |  Multilevel Ensemble Optimization  |
 ======================================
 Optimizing all 48 structures from file "crest_rotamers_0.xyz" ...
 ----------------------
 crude pre-optimization
 ----------------------
 Optimization engine: ANCOPT
 Hessian update type: BFGS
 E/G convergence criteria:  0.500E-03 Eh, 0.100E-01 Eh/a0
 maximum optimization steps: 200
 |>2.1% |>10.4% |>20.8% |>31.2% |>41.7% |>50.0% |>60.4% |>70.8% |>81.2% |>91.7% |>100.0%
 done.
> 48 of 48 structures successfully optimized (100.0% success)
> Total runtime for 48 optimizations:
 * wall-time:     0 d,  0 h,  0 min,  0.005 sec
 *  cpu-time:     0 d,  0 h,  0 min,  0.083 sec
 * ratio c/w:    15.780 speedup
> Corresponding to approximately 0.000 sec per processed structure
 
CREGEN> running RMSDs ... done.
CREGEN> E lowest :    -1.22030
 19 structures remain within    12.00 kcal/mol window
 ---------------------------------------
 optimization with very tight thresholds
 ---------------------------------------
 Optimization engine: ANCOPT
 Hessian update type: BFGS
 E/G convergence criteria:  0.100E-06 Eh, 0.200E-03 Eh/a0
 maximum optimization steps: 200
 |>5.3% |>10.5% |>21.1% |>31.6% |>42.1% |>52.6% |>63.2% |>73.7% |>84.2% |>94.7% |>100.0%
 done.
> 19 of 19 structures successfully optimized (100.0% success)
> Total runtime for 19 optimizations:
 * wall-time:     0 d,  0 h,  0 min,  0.004 sec
 *  cpu-time:     0 d,  0 h,  0 min,  0.061 sec
 * ratio c/w:    15.332 speedup
> Corresponding to approximately 0.000 sec per processed structure
 
CREGEN> running RMSDs ... done.
CREGEN> E lowest :    -1.22031
 3 structures remain within     6.00 kcal/mol window
CREGEN> running RMSDs ... done.
CREGEN> E lowest :    -1.22031
 
 Static MTD simulation iteration 1 finished
 A total of 2 conformers (+ 0.00%) in crest_conformers.xyz
 S(approx.) =    1.051505 cal/molK (dS = 0.00%)
 Convergence w.r.t. conformers:  T
 Convergence w.r.t. entropy   :  T
 
     H(298.15K)-H(0) (conf)      0.092753
                   Cp(conf)      0.342188
                    S(conf)      1.952951


 --------------------------
 Final Ensemble Information
 --------------------------
 input  file name : crest_rotamers_2.xyz
 output file name : crest_rotamers_3.xyz
 number of atoms                :   9
 number of points on xyz files  :   12
 RMSD threshold                 :   0.1250
 Bconst threshold               :   0.0100
 population threshold           :   0.0500
 # fragment in coord            :     1
 # bonds in reference structure :     8
 number of reliable points      :    12
 sorting energy window (EWIN)   :    6.0000 / kcal*mol⁻¹
 reference state Etot           :  -1.22030848000000
 number of doubles removed by rot/RMSD         :           3
 total number unique points considered further :           9
       Erel/kcal        Etot weight/tot  conformer     set   degen     origin
       1   0.000    -1.22031    0.14589    0.87529       1       6
       2   0.744    -1.21912    0.04157    0.12471       2       3
T /K                                  :   298.15
E lowest                              :    -1.22031
ensemble average energy (kcal)        :    0.093
ensemble entropy (J/mol K, cal/mol K) :   17.307    4.136
ensemble free energy (kcal/mol)       :   -1.233
population of lowest in %             :   87.529
 number of unique conformers for further calc            2
 list of relative energies saved as "crest.energies"
 compare nuclear equivalencies ...
::::::::::: conformer group all :::::::::::
 chemical equivalencies (mag.active nuclei):
reference atom   4 # : 3
reference atom   7 # : 2
 magnetic equivalencies:
reference atom   4 # : 3
 
******************************************************************************************
**                           ENSEMBLE ENTROPY CALCULATION                               **
******************************************************************************************
======================================================
 Containing 2 conformers :
     H(298.15K)-H(0) (conf)      0.092753
                   Cp(conf)      0.342188
                    S(conf)      1.952951
======================================================
 Containing 2 conformers :
     H(298.15K)-H(0) (conf)      0.092753
                   Cp(conf)      0.342188
                    S(conf)      1.952951
======================================================

 --------------------------------------
 FINAL CALCULATION OF MOLECULAR ENTROPY
 --------------------------------------
 
WARNING: Not enough blocks for extrapolation.
         Taking full ensemble entropy instead.

FINAL ENTROPY (max conf.)  :      1.95295
 
 ----------------------------------
 Frequency Calculation and Averages
 ----------------------------------
 Nconf on file      : 2
 Taken for Hessians : 2 (=100.00% total population)
 T range  /K    :   278.15   378.15
 scaling factor :          1.000000     
 rotor cutoff   :         25.000000 cm⁻¹
 imag. cutoff   :        -50.000000 cm⁻¹
 
 Running 2 calculations ...
 |>50.0% |>100.0%
 done.
 calculating averages for G and S ...    done.
 calculating Boltzmann weights ...       done.
 calculating reference S (bhess) ... > bhess not implemented for calculator routines
    done.
 calculating δSrrho ...                  done.
 
 Coordinates for the bhess reference structure (Ångström):
 -----------------------------------------------------------
  9
 
 C         -1.2644541346       -0.2465136385        0.0000000000
 C          0.0148768692        0.5709333314        0.0000000000
 O          1.1116791362       -0.3242558943        0.0000000000
 H         -2.1514639709        0.4116412804        0.0000000000
 H         -1.3053903137       -0.8932745679        0.8940930000
 H         -1.3053903137       -0.8932745679       -0.8940930000
 H          0.0363605896        1.2323296299        0.8934720000
 H          0.0363605896        1.2323296299       -0.8934720000
 H          1.9335458276        0.1914569381        0.0000000000
 -----------------------------------------------------------
 as read from <coord>
 Heavy-atom RMSD between lowest conformer and this reference :
 RMSD(heavy) =        0.036770 Å
 
 msRRHO(bhess) reference entropies:
      278.15         61.576219
      288.15         62.056005
      298.15         62.532607
      308.15         63.006427
      318.15         63.477789
      328.15         63.946946
      338.15         64.414096
      348.15         64.879386
      358.15         65.342920
      368.15         65.804772
      378.15         66.264983

       T/K  |S(T)|/cal/molK       |G(T)|/Eh     G_lowest/Eh    (conf)
   -----------------------------------------------------------------
    278.15    0.635231E+02    0.541556E-01       -1.166132         1
    288.15    0.640722E+02    0.531386E-01       -1.167149         1
    298.15    0.646161E+02    0.521128E-01       -1.168174         1
    308.15    0.651553E+02    0.510785E-01       -1.169208         1
    318.15    0.656903E+02    0.500355E-01       -1.170250         1
    328.15    0.662213E+02    0.489841E-01       -1.171301         1
    338.15    0.667487E+02    0.479242E-01       -1.172360         1
    348.15    0.672726E+02    0.468559E-01       -1.173428         1
    358.15    0.677932E+02    0.457794E-01       -1.174504         1
    368.15    0.683107E+02    0.446945E-01       -1.175588         1
    378.15    0.688251E+02    0.436015E-01       -1.176681         1
   -----------------------------------------------------------------
   NOTE: if |G(T)| is the averaged contributrion to the free energy.
   |G(T)| used only for the higher-energetic structures (n > 2).
   All other structures use G(T) from the respective Hessian calculations.
 
 Quantities calculated on free energies:
       T/K          δSrrho           Cp(T)     [H(T)-H(0)]
   -------------------------------------------------------
    278.15    0.194690E+01    0.354406E+00        0.086175
    288.15    0.201617E+01    0.341344E+00        0.089663
    298.15    0.208347E+01    0.328641E+00        0.093019
    308.15    0.214889E+01    0.316335E+00        0.096247
    318.15    0.221250E+01    0.304453E+00        0.099350
    328.15    0.227438E+01    0.293009E+00        0.102332
    338.15    0.233459E+01    0.282009E+00        0.105199
    348.15    0.239320E+01    0.271454E+00        0.107954
    358.15    0.245028E+01    0.261337E+00        0.110602
    368.15    0.250588E+01    0.251651E+00        0.113148
    378.15    0.256008E+01    0.242384E+00        0.115595
   -------------------------------------------------------
   NOTE: δSrrho(T) = |S(T)| - Sref(T)
 
 ----------------------
 TEMPERATURE DEPENDENCE
 ----------------------
 
 Final CONFORMATIONAL quantities at given T:
       T/K        S(total)           Cp(T)     [H(T)-H(0)]        G(total)
   -----------------------------------------------------------------------
    278.15        3.875224        0.354406        0.086175       -0.991719
    288.15        3.957232        0.341344        0.089663       -1.050613
    298.15        4.036420        0.328641        0.093019       -1.110440
    308.15        4.112932        0.316335        0.096247       -1.171154
    318.15        4.186906        0.304453        0.099350       -1.232715
    328.15        4.258470        0.293009        0.102332       -1.295085
    338.15        4.327748        0.282009        0.105199       -1.358229
    348.15        4.394854        0.271454        0.107954       -1.422114
    358.15        4.459898        0.261337        0.110602       -1.486710
    368.15        4.522982        0.251651        0.113148       -1.551988
    378.15        4.584201        0.242384        0.115595       -1.617921
   -----------------------------------------------------------------------
   S and Cp in cal/mol*K; H and G in kcal/mol
   G(total) is the ensemble free energy (H-T*S) and S(total) = S(conf,extrapol.) + δSrrho
 
 ----------------------------------------------------
 |      FINAL MOLECULAR ENTROPY AT T= 298.15 K      |
 ----------------------------------------------------
     Sconf   =          1.952951
   + δSrrho  =          2.083469
 -----------------------------------------------------
 = S(total)  =          4.036420  (cal mol⁻¹ K⁻¹)
 
   H(T)-H(0) =          0.093019
   G         =         -1.203459   (-T*S)
 -----------------------------------------------------
 = G(total)  =         -1.110440  (H-T*S) (kcal mol⁻¹)
 
   Cp(total) =          0.328641  (cal mol⁻¹ K⁻¹)
 
 
 -----------------
 Wall Time Summary
 -----------------
 CREST runtime (total)               0 d,  0 h,  0 min,  1.077 sec
 ------------------------------------------------------------------
 Trial metadynamics (MTD)   ...        0 min,  0.009 sec (  0.859%)
 Metadynamics (MTD)         ...        0 min,  0.249 sec ( 23.093%)
 Geometry optimization      ...        0 min,  0.433 sec ( 40.205%)
 Static metadynamics (sMTD) ...        0 min,  0.338 sec ( 31.439%)
 Conf. entropy evaluation   ...        0 min,  0.008 sec (  0.735%)
 I/O and setup              ...        0 min,  0.039 sec (  3.669%)
 ------------------------------------------------------------------
 * wall-time:     0 d,  0 h,  0 min,  1.077 sec
 *  cpu-time:     0 d,  0 h,  0 min,  6.899 sec
 * ratio c/w:     6.408 speedup
 ------------------------------------------------------------------
 * Total number of energy+grad calls: 94990
 
 CREST terminated normally.
