 
       ╔════════════════════════════════════════════╗
       ║            ___ ___ ___ ___ _____           ║
       ║           / __| _ \ __/ __|_   _|          ║
       ║          | (__|   / _|\__ \ | |            ║
       ║           \___|_|_\___|___/ |_|            ║
       ║                                            ║
       ║  Conformer-Rotamer Ensemble Sampling Tool  ║
       ║          based on the xTB methods          ║
       ║                                            ║
       ╚════════════════════════════════════════════╝
       Version 3.0.2, Sun Aug 25 20:02:36 UTC 2024
       commit (af7eb99) compiled by 'runner@fv-az1984-471'
 
   Cite work conducted with this code as

   • P.Pracht, F.Bohle, S.Grimme, PCCP, 2020, 22, 7169-7192.
   • S.Grimme, JCTC, 2019, 15, 2847-2862.
   • P.Pracht, S.Grimme, C.Bannwarth, F.Bohle, S.Ehlert,
     G.Feldmann, J.Gorges, M.Müller, T.Neudecker, C.Plett,
     S.Spicher, P.Steinbach, P.Wesołowski, F.Zeller,
     J. Chem. Phys., 2024, 160, 114110.

   for works involving QCG cite

   • S.Spicher, C.Plett, P.Pracht, A.Hansen, S.Grimme,
     JCTC, 2022, 18 (5), 3174-3189.
   • C.Plett, S. Grimme,
     Angew. Chem. Int. Ed. 2023, 62, e202214477.

   for works involving MECP screening cite

   • P.Pracht, C.Bannwarth, JCTC, 2022, 18 (10), 6370-6385.
 
   Original code
     P.Pracht, S.Grimme, Universität Bonn, MCTC
   with help from (alphabetical order):
     C.Bannwarth, F.Bohle, S.Ehlert, G.Feldmann, J.Gorges,
     S.Grimme, C.Plett, P.Pracht, S.Spicher, P.Steinbach,
     P.Wesolowski, F.Zeller
 
   Online documentation is available at
   https://crest-lab.github.io/crest-docs/
 
   This program is distributed in the hope that it will be useful,
   but WITHOUT ANY WARRANTY; without even the implied warranty of
   MERCHANTABILITY or FITNESS FOR A PARTICULAR PURPOSE. See the
   GNU Lesser General Public License (LGPL) for more details.

 Command line input:
 $ crest LYCAIKOWRPUZTN-UHFFFAOYSA-N-1.xyz -gfnff -entropy -T 16 -chrg 0 -uhf 0

  --gfnff : Use of GFN-FF requested.
  -entropy : enhanced ensemble entropy calculation
  -T 16 (CPUs/Threads selected)
  -chrg 0
  -uhf 0
Parsing xtb-type input file bondlengths to set up calculators ...

> Setting up backup calculator ... done.
 ----------------
 Calculation info
 ----------------
> User-defined calculation level:
 : GFN-FF calculation via GFNFF lib
 :   Molecular charge    : 0
 
> User-defined constraints:
> constraint: distance atoms: 1,2
  d(AA)=     1.42101 k= 0.02000
> constraint: distance atoms: 1,5
  d(AA)=     0.96937 k= 0.02000
> constraint: distance atoms: 2,3
  d(AA)=     1.52001 k= 0.02000
> constraint: distance atoms: 2,6
  d(AA)=     1.11051 k= 0.02000
> constraint: distance atoms: 2,7
  d(AA)=     1.10908 k= 0.02000
> constraint: distance atoms: 3,4
  d(AA)=     1.40694 k= 0.02000
> constraint: distance atoms: 3,8
  d(AA)=     1.11215 k= 0.02000
> constraint: distance atoms: 3,9
  d(AA)=     1.10365 k= 0.02000
> constraint: distance atoms: 4,10
  d(AA)=     0.97452 k= 0.02000
 
 
 -----------------------------
 Initial Geometry Optimization
 -----------------------------
 Geometry successfully optimized.
 
          ┍━━━━━━━━━━━━━━━━━━━━━━━━━━━━━━━━━━━━━━━━━━━━━━━━━┑
          │              CREST ENTROPY SAMPLING             │
          ┕━━━━━━━━━━━━━━━━━━━━━━━━━━━━━━━━━━━━━━━━━━━━━━━━━┙
 
 please cite:
 • P.Pracht, S.Grimme, Chem. Sci., 2021, 12, 6551-6568.
 • J.Gorges, S.Grimme, A.Hansen, P.Pracht, PCCP, 2022,24, 12249-12259.
 
 Input structure:
  10
 
 O         -1.3038519467       -0.5914792128        0.0702761757
 C         -0.6863453601        0.6233319648       -0.2768630567
 C          0.7290481329        0.6412791569        0.2784248588
 O          1.3955781059       -0.5332967494       -0.0867344831
 H         -2.2172402361       -0.6409414012       -0.2929388247
 H         -1.2798515460        1.4644710842        0.1061565833
 H         -0.6598943453        0.6974429461       -1.3720554616
 H          0.7158124743        0.6942513230        1.3755135565
 H          1.3122121285        1.4961063464       -0.0866747725
 H          0.7666190662       -1.2851706120        0.0058230774
 
 ------------------------------------------------
 Generating MTD length from a flexibility measure
 ------------------------------------------------
 Calculating GFN0-xTB WBOs   ... done.
 Calculating NCI flexibility ... done.
     covalent flexibility measure :   0.564
 non-covalent flexibility measure :   0.906
 flexibility measure :   0.622
 t(MTD) / ps    :     5.0
 Σ(t(MTD)) / ps :   120.0 (24 MTDs)
 
 -----------------------------------
 Starting trial MTD to test settings
 -----------------------------------
 Trial MTD 1 runtime (1.0 ps) ...        0 min,  0.012 sec
 Estimated runtime for one MTD (5.0 ps) on a single thread: 0 sec
 Estimated runtime for a batch of 24 MTDs on 16 threads: 0 sec
 
******************************************************************************************
**                         N E W   I T E R A T I O N  C Y C L E                         **
******************************************************************************************
 
 ------------------------------
 Meta-Dynamics Iteration 1
 ------------------------------
 list of applied metadynamics Vbias parameters:
$metadyn    0.07500   1.618
$metadyn    0.03750   1.618
$metadyn    0.01875   1.618
$metadyn    0.00937   1.618
$metadyn    0.07500   1.000
$metadyn    0.03750   1.000
$metadyn    0.01875   1.000
$metadyn    0.00937   1.000
$metadyn    0.07500   0.618
$metadyn    0.03750   0.618
$metadyn    0.01875   0.618
$metadyn    0.00937   0.618
$metadyn    0.07500   0.382
$metadyn    0.03750   0.382
$metadyn    0.01875   0.382
$metadyn    0.00937   0.382
$metadyn    0.07500   0.236
$metadyn    0.03750   0.236
$metadyn    0.01875   0.236
$metadyn    0.00937   0.236
$metadyn    0.07500   0.146
$metadyn    0.03750   0.146
$metadyn    0.01875   0.146
$metadyn    0.00937   0.146
 
  ::::::::::::: starting MTD    1 :::::::::::::
  |   MD simulation time   :     5.0 ps       |
  |   target T             :   300.0 K        |
  |   timestep dt          :     1.5 fs       |
  |   dump interval(trj)   :   100.0 fs       |
  |   SHAKE algorithm      : true (all bonds) |
  |   dump interval(Vbias) :    1.00 ps       |
  |   Vbias prefactor (k)  :  0.0750 Eh       |
  |   Vbias exponent (α)   :  1.6180 bohr⁻²   |
  ::::::::::::: starting MTD   21 :::::::::::::
  |   MD simulation time   :     5.0 ps       |
  |   target T             :   300.0 K        |
  |   timestep dt          :     1.5 fs       |
  |   dump interval(trj)   :   100.0 fs       |
  |   SHAKE algorithm      : true (all bonds) |
  |   dump interval(Vbias) :    1.00 ps       |
  |   Vbias prefactor (k)  :  0.0750 Eh       |
  |   Vbias exponent (α)   :  0.1459 bohr⁻²   |
  ::::::::::::: starting MTD    7 :::::::::::::
  |   MD simulation time   :     5.0 ps       |
  |   target T             :   300.0 K        |
  |   timestep dt          :     1.5 fs       |
  |   dump interval(trj)   :   100.0 fs       |
  |   SHAKE algorithm      : true (all bonds) |
  |   dump interval(Vbias) :    1.00 ps       |
  |   Vbias prefactor (k)  :  0.0187 Eh       |
  |   Vbias exponent (α)   :  1.0000 bohr⁻²   |
  ::::::::::::: starting MTD   24 :::::::::::::
  |   MD simulation time   :     5.0 ps       |
  |   target T             :   300.0 K        |
  |   timestep dt          :     1.5 fs       |
  |   dump interval(trj)   :   100.0 fs       |
  |   SHAKE algorithm      : true (all bonds) |
  |   dump interval(Vbias) :    1.00 ps       |
  |   Vbias prefactor (k)  :  0.0094 Eh       |
  |   Vbias exponent (α)   :  0.1459 bohr⁻²   |
  ::::::::::::: starting MTD    5 :::::::::::::
  |   MD simulation time   :     5.0 ps       |
  |   target T             :   300.0 K        |
  |   timestep dt          :     1.5 fs       |
  |   dump interval(trj)   :   100.0 fs       |
  |   SHAKE algorithm      : true (all bonds) |
  |   dump interval(Vbias) :    1.00 ps       |
  |   Vbias prefactor (k)  :  0.0750 Eh       |
  |   Vbias exponent (α)   :  1.0000 bohr⁻²   |
  ::::::::::::: starting MTD   22 :::::::::::::
  |   MD simulation time   :     5.0 ps       |
  |   target T             :   300.0 K        |
  |   timestep dt          :     1.5 fs       |
  |   dump interval(trj)   :   100.0 fs       |
  |   SHAKE algorithm      : true (all bonds) |
  |   dump interval(Vbias) :    1.00 ps       |
  |   Vbias prefactor (k)  :  0.0375 Eh       |
  |   Vbias exponent (α)   :  0.1459 bohr⁻²   |
  ::::::::::::: starting MTD    3 :::::::::::::
  |   MD simulation time   :     5.0 ps       |
  |   target T             :   300.0 K        |
  |   timestep dt          :     1.5 fs       |
  |   dump interval(trj)   :   100.0 fs       |
  |   SHAKE algorithm      : true (all bonds) |
  |   dump interval(Vbias) :    1.00 ps       |
  |   Vbias prefactor (k)  :  0.0187 Eh       |
  |   Vbias exponent (α)   :  1.6180 bohr⁻²   |
  ::::::::::::: starting MTD   17 :::::::::::::
  |   MD simulation time   :     5.0 ps       |
  |   target T             :   300.0 K        |
  |   timestep dt          :     1.5 fs       |
  |   dump interval(trj)   :   100.0 fs       |
  |   SHAKE algorithm      : true (all bonds) |
  |   dump interval(Vbias) :    1.00 ps       |
  |   Vbias prefactor (k)  :  0.0750 Eh       |
  |   Vbias exponent (α)   :  0.2361 bohr⁻²   |
  ::::::::::::: starting MTD    9 :::::::::::::
  |   MD simulation time   :     5.0 ps       |
  |   target T             :   300.0 K        |
  |   timestep dt          :     1.5 fs       |
  |   dump interval(trj)   :   100.0 fs       |
  |   SHAKE algorithm      : true (all bonds) |
  |   dump interval(Vbias) :    1.00 ps       |
  |   Vbias prefactor (k)  :  0.0750 Eh       |
  |   Vbias exponent (α)   :  0.6180 bohr⁻²   |
  ::::::::::::: starting MTD   23 :::::::::::::
  |   MD simulation time   :     5.0 ps       |
  |   target T             :   300.0 K        |
  |   timestep dt          :     1.5 fs       |
  |   dump interval(trj)   :   100.0 fs       |
  |   SHAKE algorithm      : true (all bonds) |
  |   dump interval(Vbias) :    1.00 ps       |
  |   Vbias prefactor (k)  :  0.0187 Eh       |
  |   Vbias exponent (α)   :  0.1459 bohr⁻²   |
  ::::::::::::: starting MTD   15 :::::::::::::
  |   MD simulation time   :     5.0 ps       |
  |   target T             :   300.0 K        |
  |   timestep dt          :     1.5 fs       |
  |   dump interval(trj)   :   100.0 fs       |
  |   SHAKE algorithm      : true (all bonds) |
  |   dump interval(Vbias) :    1.00 ps       |
  |   Vbias prefactor (k)  :  0.0187 Eh       |
  |   Vbias exponent (α)   :  0.3820 bohr⁻²   |
  ::::::::::::: starting MTD   19 :::::::::::::
  |   MD simulation time   :     5.0 ps       |
  |   target T             :   300.0 K        |
  |   timestep dt          :     1.5 fs       |
  |   dump interval(trj)   :   100.0 fs       |
  |   SHAKE algorithm      : true (all bonds) |
  |   dump interval(Vbias) :    1.00 ps       |
  |   Vbias prefactor (k)  :  0.0187 Eh       |
  |   Vbias exponent (α)   :  0.2361 bohr⁻²   |
  ::::::::::::: starting MTD   20 :::::::::::::
  |   MD simulation time   :     5.0 ps       |
  |   target T             :   300.0 K        |
  |   timestep dt          :     1.5 fs       |
  |   dump interval(trj)   :   100.0 fs       |
  |   SHAKE algorithm      : true (all bonds) |
  |   dump interval(Vbias) :    1.00 ps       |
  |   Vbias prefactor (k)  :  0.0094 Eh       |
  |   Vbias exponent (α)   :  0.2361 bohr⁻²   |
  ::::::::::::: starting MTD   18 :::::::::::::
  |   MD simulation time   :     5.0 ps       |
  |   target T             :   300.0 K        |
  |   timestep dt          :     1.5 fs       |
  |   dump interval(trj)   :   100.0 fs       |
  |   SHAKE algorithm      : true (all bonds) |
  |   dump interval(Vbias) :    1.00 ps       |
  |   Vbias prefactor (k)  :  0.0375 Eh       |
  |   Vbias exponent (α)   :  0.2361 bohr⁻²   |
  ::::::::::::: starting MTD   13 :::::::::::::
  |   MD simulation time   :     5.0 ps       |
  |   target T             :   300.0 K        |
  |   timestep dt          :     1.5 fs       |
  |   dump interval(trj)   :   100.0 fs       |
  |   SHAKE algorithm      : true (all bonds) |
  |   dump interval(Vbias) :    1.00 ps       |
  |   Vbias prefactor (k)  :  0.0750 Eh       |
  |   Vbias exponent (α)   :  0.3820 bohr⁻²   |
  ::::::::::::: starting MTD   11 :::::::::::::
  |   MD simulation time   :     5.0 ps       |
  |   target T             :   300.0 K        |
  |   timestep dt          :     1.5 fs       |
  |   dump interval(trj)   :   100.0 fs       |
  |   SHAKE algorithm      : true (all bonds) |
  |   dump interval(Vbias) :    1.00 ps       |
  |   Vbias prefactor (k)  :  0.0187 Eh       |
  |   Vbias exponent (α)   :  0.6180 bohr⁻²   |
*MTD  18 completed successfully ...        0 min,  0.133 sec
*MTD   3 completed successfully ...        0 min,  0.133 sec
  ::::::::::::: starting MTD    4 :::::::::::::
  |   MD simulation time   :     5.0 ps       |
  |   target T             :   300.0 K        |
  |   timestep dt          :     1.5 fs       |
  |   dump interval(trj)   :   100.0 fs       |
  |   SHAKE algorithm      : true (all bonds) |
  |   dump interval(Vbias) :    1.00 ps       |
  |   Vbias prefactor (k)  :  0.0094 Eh       |
  |   Vbias exponent (α)   :  1.6180 bohr⁻²   |
*MTD   1 completed successfully ...        0 min,  0.133 sec
  ::::::::::::: starting MTD    2 :::::::::::::
  |   MD simulation time   :     5.0 ps       |
  |   target T             :   300.0 K        |
  |   timestep dt          :     1.5 fs       |
  |   dump interval(trj)   :   100.0 fs       |
  |   SHAKE algorithm      : true (all bonds) |
  |   dump interval(Vbias) :    1.00 ps       |
  |   Vbias prefactor (k)  :  0.0375 Eh       |
  |   Vbias exponent (α)   :  1.6180 bohr⁻²   |
*MTD  21 completed successfully ...        0 min,  0.134 sec
*MTD  17 completed successfully ...        0 min,  0.134 sec
*MTD  23 completed successfully ...        0 min,  0.134 sec
*MTD  13 completed successfully ...        0 min,  0.134 sec
  ::::::::::::: starting MTD   14 :::::::::::::
  |   MD simulation time   :     5.0 ps       |
  |   target T             :   300.0 K        |
  |   timestep dt          :     1.5 fs       |
  |   dump interval(trj)   :   100.0 fs       |
  |   SHAKE algorithm      : true (all bonds) |
  |   dump interval(Vbias) :    1.00 ps       |
  |   Vbias prefactor (k)  :  0.0375 Eh       |
  |   Vbias exponent (α)   :  0.3820 bohr⁻²   |
*MTD   9 completed successfully ...        0 min,  0.134 sec
  ::::::::::::: starting MTD   10 :::::::::::::
  |   MD simulation time   :     5.0 ps       |
  |   target T             :   300.0 K        |
  |   timestep dt          :     1.5 fs       |
  |   dump interval(trj)   :   100.0 fs       |
  |   SHAKE algorithm      : true (all bonds) |
  |   dump interval(Vbias) :    1.00 ps       |
  |   Vbias prefactor (k)  :  0.0375 Eh       |
  |   Vbias exponent (α)   :  0.6180 bohr⁻²   |
*MTD   7 completed successfully ...        0 min,  0.134 sec
  ::::::::::::: starting MTD    8 :::::::::::::
  |   MD simulation time   :     5.0 ps       |
  |   target T             :   300.0 K        |
  |   timestep dt          :     1.5 fs       |
  |   dump interval(trj)   :   100.0 fs       |
  |   SHAKE algorithm      : true (all bonds) |
  |   dump interval(Vbias) :    1.00 ps       |
  |   Vbias prefactor (k)  :  0.0094 Eh       |
  |   Vbias exponent (α)   :  1.0000 bohr⁻²   |
*MTD  19 completed successfully ...        0 min,  0.134 sec
*MTD  22 completed successfully ...        0 min,  0.134 sec
*MTD   5 completed successfully ...        0 min,  0.134 sec
  ::::::::::::: starting MTD    6 :::::::::::::
  |   MD simulation time   :     5.0 ps       |
  |   target T             :   300.0 K        |
  |   timestep dt          :     1.5 fs       |
  |   dump interval(trj)   :   100.0 fs       |
  |   SHAKE algorithm      : true (all bonds) |
  |   dump interval(Vbias) :    1.00 ps       |
  |   Vbias prefactor (k)  :  0.0375 Eh       |
  |   Vbias exponent (α)   :  1.0000 bohr⁻²   |
*MTD  15 completed successfully ...        0 min,  0.134 sec
  ::::::::::::: starting MTD   16 :::::::::::::
  |   MD simulation time   :     5.0 ps       |
  |   target T             :   300.0 K        |
  |   timestep dt          :     1.5 fs       |
  |   dump interval(trj)   :   100.0 fs       |
  |   SHAKE algorithm      : true (all bonds) |
  |   dump interval(Vbias) :    1.00 ps       |
  |   Vbias prefactor (k)  :  0.0094 Eh       |
  |   Vbias exponent (α)   :  0.3820 bohr⁻²   |
*MTD  11 completed successfully ...        0 min,  0.135 sec
  ::::::::::::: starting MTD   12 :::::::::::::
  |   MD simulation time   :     5.0 ps       |
  |   target T             :   300.0 K        |
  |   timestep dt          :     1.5 fs       |
  |   dump interval(trj)   :   100.0 fs       |
  |   SHAKE algorithm      : true (all bonds) |
  |   dump interval(Vbias) :    1.00 ps       |
  |   Vbias prefactor (k)  :  0.0094 Eh       |
  |   Vbias exponent (α)   :  0.6180 bohr⁻²   |
*MTD  24 completed successfully ...        0 min,  0.135 sec
*MTD  20 completed successfully ...        0 min,  0.135 sec
*MTD   2 completed successfully ...        0 min,  0.082 sec
*MTD  14 completed successfully ...        0 min,  0.081 sec
*MTD   4 completed successfully ...        0 min,  0.082 sec
*MTD  10 completed successfully ...        0 min,  0.082 sec
*MTD   8 completed successfully ...        0 min,  0.082 sec
*MTD   6 completed successfully ...        0 min,  0.082 sec
*MTD  16 completed successfully ...        0 min,  0.082 sec
*MTD  12 completed successfully ...        0 min,  0.082 sec
 
 ======================================
 |  Multilevel Ensemble Optimization  |
 ======================================
 Optimizing all 1176 structures from file "crest_dynamics.trj" ...
 ----------------------
 crude pre-optimization
 ----------------------
 Optimization engine: ANCOPT
 Hessian update type: BFGS
 E/G convergence criteria:  0.500E-03 Eh, 0.100E-01 Eh/a0
 maximum optimization steps: 200
 |>0.1% |>7.6% |>15.1% |>22.5% |>30.0% |>37.5% |>45.1% |>52.6% |>60.0% |>67.5% |>75.0% |>82.6% |>90.1% |>97.5% |>100.0%
 done.
> 1176 of 1176 structures successfully optimized (100.0% success)
> Total runtime for 1176 optimizations:
 * wall-time:     0 d,  0 h,  0 min,  0.156 sec
 *  cpu-time:     0 d,  0 h,  0 min,  2.496 sec
 * ratio c/w:    15.983 speedup
> Corresponding to approximately 0.000 sec per processed structure
 
CREGEN> running RMSDs ... done.
CREGEN> E lowest :    -1.34819
 314 structures remain within    12.00 kcal/mol window
 ----------------------------------
 optimization with tight thresholds
 ----------------------------------
 Optimization engine: ANCOPT
 Hessian update type: BFGS
 E/G convergence criteria:  0.100E-05 Eh, 0.800E-03 Eh/a0
 maximum optimization steps: 200
 |>0.3% |>10.2% |>20.1% |>30.3% |>40.1% |>50.0% |>60.2% |>70.1% |>80.3% |>90.1% |>100.0%
 done.
> 314 of 314 structures successfully optimized (100.0% success)
> Total runtime for 314 optimizations:
 * wall-time:     0 d,  0 h,  0 min,  0.066 sec
 *  cpu-time:     0 d,  0 h,  0 min,  1.059 sec
 * ratio c/w:    15.963 speedup
> Corresponding to approximately 0.000 sec per processed structure
 
CREGEN> running RMSDs ... done.
CREGEN> E lowest :    -1.34820
 23 structures remain within     6.00 kcal/mol window
 
========================================
           MTD Simulations done         
========================================
 Collecting ensmbles.
CREGEN> running RMSDs ... done.
CREGEN> E lowest :    -1.34820
 23 structures remain within     6.00 kcal/mol window
     H(298.15K)-H(0) (conf)      0.203461
                   Cp(conf)      0.800583
                    S(conf)      3.738466
 
******************************************************************************************
**                          I T E R A T I O N    C Y C L E      1                       **
******************************************************************************************
 -------------------------------------------
 determining bias structures via PCA/k-Means
 -------------------------------------------
 There are not enough descriptors for a PCA!
 Taking all structures as representative and writing crest_clustered.xyz
 9 structures were selected
 done.

 -----------------------------------------------
 determining MTD seed structures via PCA/k-Means
 -----------------------------------------------
 There are not enough descriptors for a PCA!
 Taking all structures as representative and writing crest_clustered.xyz
 9 structures were selected
 done.


 ==========================================================
 Static MTDs (umbrella sampling) on 9 selected conformer(s)
 ==========================================================
> Using 9 constant RMSD bias potentials per MTD
  :::::::::: starting static MTD   1 ::::::::::
  |   MD simulation time   :     2.5 ps       |
  |   target T             :   400.0 K        |
  |   timestep dt          :     1.5 fs       |
  |   dump interval(trj)   :   100.0 fs       |
  |   SHAKE algorithm      : true (all bonds) |
  |   Vbias prefactor (k)  :  0.0004 Eh       |
  |   Vbias exponent (α)   :  1.0000 bohr⁻²   |
  :::::::::: starting static MTD   2 ::::::::::
  |   MD simulation time   :     2.5 ps       |
  |   target T             :   400.0 K        |
  |   timestep dt          :     1.5 fs       |
  |   dump interval(trj)   :   100.0 fs       |
  |   SHAKE algorithm      : true (all bonds) |
  |   Vbias prefactor (k)  :  0.0004 Eh       |
  |   Vbias exponent (α)   :  1.0000 bohr⁻²   |
  :::::::::: starting static MTD   3 ::::::::::
  |   MD simulation time   :     2.5 ps       |
  |   target T             :   400.0 K        |
  |   timestep dt          :     1.5 fs       |
  |   dump interval(trj)   :   100.0 fs       |
  |   SHAKE algorithm      : true (all bonds) |
  |   Vbias prefactor (k)  :  0.0004 Eh       |
  |   Vbias exponent (α)   :  1.0000 bohr⁻²   |
  :::::::::: starting static MTD   4 ::::::::::
  |   MD simulation time   :     2.5 ps       |
  |   target T             :   400.0 K        |
  |   timestep dt          :     1.5 fs       |
  |   dump interval(trj)   :   100.0 fs       |
  |   SHAKE algorithm      : true (all bonds) |
  |   Vbias prefactor (k)  :  0.0004 Eh       |
  |   Vbias exponent (α)   :  1.0000 bohr⁻²   |
  :::::::::: starting static MTD   5 ::::::::::
  |   MD simulation time   :     2.5 ps       |
  |   target T             :   400.0 K        |
  |   timestep dt          :     1.5 fs       |
  |   dump interval(trj)   :   100.0 fs       |
  |   SHAKE algorithm      : true (all bonds) |
  |   Vbias prefactor (k)  :  0.0004 Eh       |
  |   Vbias exponent (α)   :  1.0000 bohr⁻²   |
  :::::::::: starting static MTD   6 ::::::::::
  |   MD simulation time   :     2.5 ps       |
  |   target T             :   400.0 K        |
  |   timestep dt          :     1.5 fs       |
  |   dump interval(trj)   :   100.0 fs       |
  |   SHAKE algorithm      : true (all bonds) |
  |   Vbias prefactor (k)  :  0.0004 Eh       |
  |   Vbias exponent (α)   :  1.0000 bohr⁻²   |
  :::::::::: starting static MTD   7 ::::::::::
  |   MD simulation time   :     2.5 ps       |
  |   target T             :   400.0 K        |
  |   timestep dt          :     1.5 fs       |
  |   dump interval(trj)   :   100.0 fs       |
  |   SHAKE algorithm      : true (all bonds) |
  |   Vbias prefactor (k)  :  0.0004 Eh       |
  |   Vbias exponent (α)   :  1.0000 bohr⁻²   |
  :::::::::: starting static MTD   8 ::::::::::
  |   MD simulation time   :     2.5 ps       |
  |   target T             :   400.0 K        |
  |   timestep dt          :     1.5 fs       |
  |   dump interval(trj)   :   100.0 fs       |
  |   SHAKE algorithm      : true (all bonds) |
  |   Vbias prefactor (k)  :  0.0004 Eh       |
  |   Vbias exponent (α)   :  1.0000 bohr⁻²   |
  :::::::::: starting static MTD   9 ::::::::::
  |   MD simulation time   :     2.5 ps       |
  |   target T             :   400.0 K        |
  |   timestep dt          :     1.5 fs       |
  |   dump interval(trj)   :   100.0 fs       |
  |   SHAKE algorithm      : true (all bonds) |
  |   Vbias prefactor (k)  :  0.0004 Eh       |
  |   Vbias exponent (α)   :  1.0000 bohr⁻²   |
*sMTD   5 completed successfully ...        0 min,  0.050 sec
*sMTD   2 completed successfully ...        0 min,  0.050 sec
*sMTD   1 completed successfully ...        0 min,  0.050 sec
*sMTD   6 completed successfully ...        0 min,  0.060 sec
*sMTD   3 completed successfully ...        0 min,  0.060 sec
*sMTD   8 completed successfully ...        0 min,  0.072 sec
*sMTD   4 completed successfully ...        0 min,  0.072 sec
*sMTD   9 completed successfully ...        0 min,  0.072 sec
*sMTD   7 completed successfully ...        0 min,  0.072 sec
 
 ======================================
 |  Multilevel Ensemble Optimization  |
 ======================================
 Optimizing all 216 structures from file "crest_rotamers_0.xyz" ...
 ----------------------
 crude pre-optimization
 ----------------------
 Optimization engine: ANCOPT
 Hessian update type: BFGS
 E/G convergence criteria:  0.500E-03 Eh, 0.100E-01 Eh/a0
 maximum optimization steps: 200
 |>0.5% |>10.2% |>20.4% |>30.1% |>40.3% |>50.0% |>60.2% |>70.4% |>80.1% |>90.3% |>100.0%
 done.
> 216 of 216 structures successfully optimized (100.0% success)
> Total runtime for 216 optimizations:
 * wall-time:     0 d,  0 h,  0 min,  0.027 sec
 *  cpu-time:     0 d,  0 h,  0 min,  0.438 sec
 * ratio c/w:    15.929 speedup
> Corresponding to approximately 0.000 sec per processed structure
 
CREGEN> running RMSDs ... done.
CREGEN> E lowest :    -1.34818
 109 structures remain within    12.00 kcal/mol window
 ---------------------------------------
 optimization with very tight thresholds
 ---------------------------------------
 Optimization engine: ANCOPT
 Hessian update type: BFGS
 E/G convergence criteria:  0.100E-06 Eh, 0.200E-03 Eh/a0
 maximum optimization steps: 200
 |>0.9% |>10.1% |>20.2% |>30.3% |>40.4% |>50.5% |>60.6% |>70.6% |>80.7% |>90.8% |>100.0%
 done.
> 109 of 109 structures successfully optimized (100.0% success)
> Total runtime for 109 optimizations:
 * wall-time:     0 d,  0 h,  0 min,  0.022 sec
 *  cpu-time:     0 d,  0 h,  0 min,  0.346 sec
 * ratio c/w:    15.891 speedup
> Corresponding to approximately 0.000 sec per processed structure
 
CREGEN> running RMSDs ... done.
CREGEN> E lowest :    -1.34820
 19 structures remain within     6.00 kcal/mol window
CREGEN> running RMSDs ... done.
CREGEN> E lowest :    -1.34820
 
 Static MTD simulation iteration 1 finished
 A total of 9 conformers (+ 0.00%) in crest_conformers.xyz
 S(approx.) =    2.367909 cal/molK (dS = 0.00%)
 Convergence w.r.t. conformers:  T
 Convergence w.r.t. entropy   :  T
 
     H(298.15K)-H(0) (conf)      0.203464
                   Cp(conf)      0.800599
                    S(conf)      3.738454


 --------------------------
 Final Ensemble Information
 --------------------------
 input  file name : crest_rotamers_2.xyz
 output file name : crest_rotamers_3.xyz
 number of atoms                :   10
 number of points on xyz files  :   42
 RMSD threshold                 :   0.1250
 Bconst threshold               :   0.0100
 population threshold           :   0.0500
 # fragment in coord            :     1
 # bonds in reference structure :     9
 number of reliable points      :    42
 sorting energy window (EWIN)   :    6.0000 / kcal*mol⁻¹
 reference state Etot           :  -1.34820218000000
 number of doubles removed by rot/RMSD         :          19
 total number unique points considered further :          23
       Erel/kcal        Etot weight/tot  conformer     set   degen     origin
       1   0.000    -1.34820    0.13563    0.54196       1       4
       2   0.243    -1.34782    0.09006    0.35881       2       4
       3   1.026    -1.34657    0.02405    0.04810       3       2
       4   1.066    -1.34650    0.02248    0.04488       4       2
       5   2.831    -1.34369    0.00115    0.00229       5       2
       6   2.990    -1.34344    0.00088    0.00175       6       2
       7   3.360    -1.34285    0.00047    0.00187       7       4
       8   3.773    -1.34219    0.00023    0.00023       8       1
       9   4.716    -1.34069    0.00005    0.00010       9       2
T /K                                  :   298.15
E lowest                              :    -1.34820
ensemble average energy (kcal)        :    0.205
ensemble entropy (J/mol K, cal/mol K) :   19.484    4.657
ensemble free energy (kcal/mol)       :   -1.388
population of lowest in %             :   54.196
 number of unique conformers for further calc            9
 list of relative energies saved as "crest.energies"
 compare nuclear equivalencies ...
::::::::::: conformer group all :::::::::::
 chemical equivalencies (mag.active nuclei):
reference atom   5 # : 2
reference atom   6 # : 4
 magnetic equivalencies:
 
******************************************************************************************
**                           ENSEMBLE ENTROPY CALCULATION                               **
******************************************************************************************
======================================================
 Containing 9 conformers :
     H(298.15K)-H(0) (conf)      0.203461
                   Cp(conf)      0.800583
                    S(conf)      3.738466
======================================================
 Containing 9 conformers :
     H(298.15K)-H(0) (conf)      0.203464
                   Cp(conf)      0.800599
                    S(conf)      3.738454
======================================================

 --------------------------------------
 FINAL CALCULATION OF MOLECULAR ENTROPY
 --------------------------------------
 
WARNING: Not enough blocks for extrapolation.
         Taking full ensemble entropy instead.

FINAL ENTROPY (max conf.)  :      3.73847
 
 ----------------------------------
 Frequency Calculation and Averages
 ----------------------------------
 Nconf on file      : 9
 Taken for Hessians : 2 (= 90.10% total population)
 T range  /K    :   278.15   378.15
 scaling factor :          1.000000     
 rotor cutoff   :         25.000000 cm⁻¹
 imag. cutoff   :        -50.000000 cm⁻¹
 
 Running 2 calculations ...
 |>50.0% |>100.0%
 done.
 calculating averages for G and S ...    done.
 calculating Boltzmann weights ...       done.
 calculating reference S (bhess) ... > bhess not implemented for calculator routines
    done.
 calculating δSrrho ...                  done.
 
 Coordinates for the bhess reference structure (Ångström):
 -----------------------------------------------------------
  10
 
 O         -1.3246450246       -0.5536996723        0.1697792543
 C         -0.6999726094        0.6425662751       -0.2752022389
 C          0.7143202527        0.6113863805        0.2808745589
 O          1.3966726724       -0.5391458816       -0.1551791450
 H         -2.1487564649       -0.6908780836       -0.3218479525
 H         -1.2383389945        1.5451554521        0.0835681366
 H         -0.6540091025        0.6781963731       -1.3827530242
 H          0.6622222634        0.6624606042        1.3906286142
 H          1.2784754857        1.4920919212       -0.0714569942
 H          0.7861179952       -1.2821385226        0.0025164440
 -----------------------------------------------------------
 as read from <coord>
 Heavy-atom RMSD between lowest conformer and this reference :
 RMSD(heavy) =        0.033323 Å
 
 msRRHO(bhess) reference entropies:
      278.15         67.185601
      288.15         67.793369
      298.15         68.396484
      308.15         68.995336
      318.15         69.590236
      328.15         70.181434
      338.15         70.769122
      348.15         71.353449
      358.15         71.934522
      368.15         72.512419
      378.15         73.087190

       T/K  |S(T)|/cal/molK       |G(T)|/Eh     G_lowest/Eh    (conf)
   -----------------------------------------------------------------
    278.15    0.682566E+02    0.575696E-01       -1.290695         1
    288.15    0.689165E+02    0.564768E-01       -1.291788         1
    298.15    0.695708E+02    0.553734E-01       -1.292892         1
    308.15    0.702199E+02    0.542597E-01       -1.294006         1
    318.15    0.708640E+02    0.531357E-01       -1.295130         1
    328.15    0.715035E+02    0.520015E-01       -1.296265         1
    338.15    0.721385E+02    0.508571E-01       -1.297410         1
    348.15    0.727692E+02    0.497026E-01       -1.298565         1
    358.15    0.733958E+02    0.485381E-01       -1.299730         1
    368.15    0.740183E+02    0.473636E-01       -1.300905         1
    378.15    0.746368E+02    0.461793E-01       -1.302090         1
   -----------------------------------------------------------------
   NOTE: if |G(T)| is the averaged contributrion to the free energy.
   |G(T)| used only for the higher-energetic structures (n > 2).
   All other structures use G(T) from the respective Hessian calculations.
 
 Quantities calculated on free energies:
       T/K          δSrrho           Cp(T)     [H(T)-H(0)]
   -------------------------------------------------------
    278.15    0.107102E+01    0.843855E+00        0.207842
    288.15    0.112317E+01    0.852396E+00        0.216433
    298.15    0.117435E+01    0.861795E+00        0.225126
    308.15    0.122455E+01    0.871867E+00        0.233929
    318.15    0.127378E+01    0.882430E+00        0.242849
    328.15    0.132206E+01    0.893313E+00        0.251888
    338.15    0.136939E+01    0.904356E+00        0.261049
    348.15    0.141579E+01    0.915411E+00        0.270332
    358.15    0.146129E+01    0.926346E+00        0.279737
    368.15    0.150590E+01    0.937044E+00        0.289262
    378.15    0.154964E+01    0.947403E+00        0.298904
   -------------------------------------------------------
   NOTE: δSrrho(T) = |S(T)| - Sref(T)
 
 ----------------------
 TEMPERATURE DEPENDENCE
 ----------------------
 
 Final CONFORMATIONAL quantities at given T:
       T/K        S(total)           Cp(T)     [H(T)-H(0)]        G(total)
   -----------------------------------------------------------------------
    278.15        4.726205        0.843855        0.207842       -1.106752
    288.15        4.820594        0.852396        0.216433       -1.172621
    298.15        4.912814        0.861795        0.225126       -1.239629
    308.15        5.002955        0.871867        0.233929       -1.307731
    318.15        5.091100        0.882430        0.242849       -1.376885
    328.15        5.177325        0.893313        0.251888       -1.447051
    338.15        5.261699        0.904356        0.261049       -1.518195
    348.15        5.344287        0.915411        0.270332       -1.590281
    358.15        5.425148        0.926346        0.279737       -1.663279
    368.15        5.504335        0.937044        0.289262       -1.737158
    378.15        5.581898        0.947403        0.298904       -1.811891
   -----------------------------------------------------------------------
   S and Cp in cal/mol*K; H and G in kcal/mol
   G(total) is the ensemble free energy (H-T*S) and S(total) = S(conf,extrapol.) + δSrrho
 
 ----------------------------------------------------
 |      FINAL MOLECULAR ENTROPY AT T= 298.15 K      |
 ----------------------------------------------------
     Sconf   =          3.738466
   + δSrrho  =          1.174347
 -----------------------------------------------------
 = S(total)  =          4.912814  (cal mol⁻¹ K⁻¹)
 
   H(T)-H(0) =          0.225126
   G         =         -1.464755   (-T*S)
 -----------------------------------------------------
 = G(total)  =         -1.239629  (H-T*S) (kcal mol⁻¹)
 
   Cp(total) =          0.861795  (cal mol⁻¹ K⁻¹)
 
 
 -----------------
 Wall Time Summary
 -----------------
 CREST runtime (total)               0 d,  0 h,  0 min,  1.046 sec
 ------------------------------------------------------------------
 Trial metadynamics (MTD)   ...        0 min,  0.013 sec (  1.209%)
 Metadynamics (MTD)         ...        0 min,  0.277 sec ( 26.473%)
 Geometry optimization      ...        0 min,  0.606 sec ( 57.939%)
 Static metadynamics (sMTD) ...        0 min,  0.092 sec (  8.772%)
 Conf. entropy evaluation   ...        0 min,  0.009 sec (  0.851%)
 I/O and setup              ...        0 min,  0.050 sec (  4.755%)
 ------------------------------------------------------------------
 * wall-time:     0 d,  0 h,  0 min,  1.046 sec
 *  cpu-time:     0 d,  0 h,  0 min,  8.414 sec
 * ratio c/w:     8.041 speedup
 ------------------------------------------------------------------
 * Total number of energy+grad calls: 115204
 
 CREST terminated normally.
