 
       ╔════════════════════════════════════════════╗
       ║            ___ ___ ___ ___ _____           ║
       ║           / __| _ \ __/ __|_   _|          ║
       ║          | (__|   / _|\__ \ | |            ║
       ║           \___|_|_\___|___/ |_|            ║
       ║                                            ║
       ║  Conformer-Rotamer Ensemble Sampling Tool  ║
       ║          based on the xTB methods          ║
       ║                                            ║
       ╚════════════════════════════════════════════╝
       Version 3.0.2, Sun Aug 25 20:02:36 UTC 2024
       commit (af7eb99) compiled by 'runner@fv-az1984-471'
 
   Cite work conducted with this code as

   • P.Pracht, F.Bohle, S.Grimme, PCCP, 2020, 22, 7169-7192.
   • S.Grimme, JCTC, 2019, 15, 2847-2862.
   • P.Pracht, S.Grimme, C.Bannwarth, F.Bohle, S.Ehlert,
     G.Feldmann, J.Gorges, M.Müller, T.Neudecker, C.Plett,
     S.Spicher, P.Steinbach, P.Wesołowski, F.Zeller,
     J. Chem. Phys., 2024, 160, 114110.

   for works involving QCG cite

   • S.Spicher, C.Plett, P.Pracht, A.Hansen, S.Grimme,
     JCTC, 2022, 18 (5), 3174-3189.
   • C.Plett, S. Grimme,
     Angew. Chem. Int. Ed. 2023, 62, e202214477.

   for works involving MECP screening cite

   • P.Pracht, C.Bannwarth, JCTC, 2022, 18 (10), 6370-6385.
 
   Original code
     P.Pracht, S.Grimme, Universität Bonn, MCTC
   with help from (alphabetical order):
     C.Bannwarth, F.Bohle, S.Ehlert, G.Feldmann, J.Gorges,
     S.Grimme, C.Plett, P.Pracht, S.Spicher, P.Steinbach,
     P.Wesolowski, F.Zeller
 
   Online documentation is available at
   https://crest-lab.github.io/crest-docs/
 
   This program is distributed in the hope that it will be useful,
   but WITHOUT ANY WARRANTY; without even the implied warranty of
   MERCHANTABILITY or FITNESS FOR A PARTICULAR PURPOSE. See the
   GNU Lesser General Public License (LGPL) for more details.

 Command line input:
 $ crest MWPLVEDNUUSJAV-UHFFFAOYSA-N-1.xyz -gfnff -entropy -T 16 -chrg 0 -uhf 0

  --gfnff : Use of GFN-FF requested.
  -entropy : enhanced ensemble entropy calculation
  -T 16 (CPUs/Threads selected)
  -chrg 0
  -uhf 0
Parsing xtb-type input file bondlengths to set up calculators ...

> Setting up backup calculator ... done.
 ----------------
 Calculation info
 ----------------
> User-defined calculation level:
 : GFN-FF calculation via GFNFF lib
 :   Molecular charge    : 0
 
> User-defined constraints:
  # bond constraints    : 42
 
 
 -----------------------------
 Initial Geometry Optimization
 -----------------------------
 Geometry successfully optimized.
 
          ┍━━━━━━━━━━━━━━━━━━━━━━━━━━━━━━━━━━━━━━━━━━━━━━━━━┑
          │              CREST ENTROPY SAMPLING             │
          ┕━━━━━━━━━━━━━━━━━━━━━━━━━━━━━━━━━━━━━━━━━━━━━━━━━┙
 
 please cite:
 • P.Pracht, S.Grimme, Chem. Sci., 2021, 12, 6551-6568.
 • J.Gorges, S.Grimme, A.Hansen, P.Pracht, PCCP, 2022,24, 12249-12259.
 
 Input structure:
  24
 
 C         -3.6375753336       -0.7067747392       -0.0000000000
 C         -3.6375753336        0.7067747392       -0.0000000000
 C         -2.4653038833        1.3972361770        0.0000000000
 C         -1.2144380459        0.7143530876        0.0000000000
 C          0.0000000000        1.3976864566        0.0000000000
 C          1.2144380459        0.7143530876        0.0000000000
 C          2.4653038833        1.3972361770        0.0000000000
 C          3.6375753336        0.7067747392       -0.0000000000
 C          3.6375753336       -0.7067747392       -0.0000000000
 C          2.4653038833       -1.3972361770        0.0000000000
 C          1.2144380459       -0.7143530876        0.0000000000
 C         -0.0000000000       -1.3976864566        0.0000000000
 C         -1.2144380459       -0.7143530876        0.0000000000
 C         -2.4653038833       -1.3972361770        0.0000000000
 H         -4.5819017995       -1.2313875525       -0.0000000000
 H         -4.5819017996        1.2313875526       -0.0000000000
 H         -2.4587244876        2.4766890601        0.0000000000
 H          0.0000000000        2.4737542040        0.0000000000
 H          2.4587244876        2.4766890601        0.0000000000
 H          4.5819017995        1.2313875526       -0.0000000000
 H          4.5819017996       -1.2313875525       -0.0000000000
 H          2.4587244876       -2.4766890601       -0.0000000000
 H         -0.0000000000       -2.4737542040        0.0000000000
 H         -2.4587244876       -2.4766890601        0.0000000000
 
 ------------------------------------------------
 Generating MTD length from a flexibility measure
 ------------------------------------------------
 Calculating GFN0-xTB WBOs   ... done.
 Calculating NCI flexibility ... done.
     covalent flexibility measure :   0.012
 non-covalent flexibility measure :   0.746
 flexibility measure :   0.048
 t(MTD) / ps    :     5.0
 Σ(t(MTD)) / ps :   120.0 (24 MTDs)
 
 -----------------------------------
 Starting trial MTD to test settings
 -----------------------------------
 Trial MTD 1 runtime (1.0 ps) ...        0 min,  0.058 sec
 Estimated runtime for one MTD (5.0 ps) on a single thread: 0 sec
 Estimated runtime for a batch of 24 MTDs on 16 threads: 1 sec
 
******************************************************************************************
**                         N E W   I T E R A T I O N  C Y C L E                         **
******************************************************************************************
 
 ------------------------------
 Meta-Dynamics Iteration 1
 ------------------------------
 list of applied metadynamics Vbias parameters:
$metadyn    0.18000   1.618
$metadyn    0.09000   1.618
$metadyn    0.04500   1.618
$metadyn    0.02250   1.618
$metadyn    0.18000   1.000
$metadyn    0.09000   1.000
$metadyn    0.04500   1.000
$metadyn    0.02250   1.000
$metadyn    0.18000   0.618
$metadyn    0.09000   0.618
$metadyn    0.04500   0.618
$metadyn    0.02250   0.618
$metadyn    0.18000   0.382
$metadyn    0.09000   0.382
$metadyn    0.04500   0.382
$metadyn    0.02250   0.382
$metadyn    0.18000   0.236
$metadyn    0.09000   0.236
$metadyn    0.04500   0.236
$metadyn    0.02250   0.236
$metadyn    0.18000   0.146
$metadyn    0.09000   0.146
$metadyn    0.04500   0.146
$metadyn    0.02250   0.146
 
  ::::::::::::: starting MTD    1 :::::::::::::
  |   MD simulation time   :     5.0 ps       |
  |   target T             :   300.0 K        |
  |   timestep dt          :     1.5 fs       |
  |   dump interval(trj)   :   100.0 fs       |
  |   SHAKE algorithm      : true (all bonds) |
  |   dump interval(Vbias) :    1.00 ps       |
  |   Vbias prefactor (k)  :  0.1800 Eh       |
  |   Vbias exponent (α)   :  1.6180 bohr⁻²   |
  ::::::::::::: starting MTD    7 :::::::::::::
  |   MD simulation time   :     5.0 ps       |
  |   target T             :   300.0 K        |
  |   timestep dt          :     1.5 fs       |
  |   dump interval(trj)   :   100.0 fs       |
  |   SHAKE algorithm      : true (all bonds) |
  |   dump interval(Vbias) :    1.00 ps       |
  |   Vbias prefactor (k)  :  0.0450 Eh       |
  |   Vbias exponent (α)   :  1.0000 bohr⁻²   |
  ::::::::::::: starting MTD   21 :::::::::::::
  |   MD simulation time   :     5.0 ps       |
  |   target T             :   300.0 K        |
  |   timestep dt          :     1.5 fs       |
  |   dump interval(trj)   :   100.0 fs       |
  |   SHAKE algorithm      : true (all bonds) |
  |   dump interval(Vbias) :    1.00 ps       |
  |   Vbias prefactor (k)  :  0.1800 Eh       |
  |   Vbias exponent (α)   :  0.1459 bohr⁻²   |
  ::::::::::::: starting MTD    5 :::::::::::::
  |   MD simulation time   :     5.0 ps       |
  |   target T             :   300.0 K        |
  |   timestep dt          :     1.5 fs       |
  |   dump interval(trj)   :   100.0 fs       |
  |   SHAKE algorithm      : true (all bonds) |
  |   dump interval(Vbias) :    1.00 ps       |
  |   Vbias prefactor (k)  :  0.1800 Eh       |
  |   Vbias exponent (α)   :  1.0000 bohr⁻²   |
  ::::::::::::: starting MTD   24 :::::::::::::
  |   MD simulation time   :     5.0 ps       |
  |   target T             :   300.0 K        |
  |   timestep dt          :     1.5 fs       |
  |   dump interval(trj)   :   100.0 fs       |
  |   SHAKE algorithm      : true (all bonds) |
  |   dump interval(Vbias) :    1.00 ps       |
  |   Vbias prefactor (k)  :  0.0225 Eh       |
  |   Vbias exponent (α)   :  0.1459 bohr⁻²   |
  ::::::::::::: starting MTD    3 :::::::::::::
  |   MD simulation time   :     5.0 ps       |
  |   target T             :   300.0 K        |
  |   timestep dt          :     1.5 fs       |
  |   dump interval(trj)   :   100.0 fs       |
  |   SHAKE algorithm      : true (all bonds) |
  |   dump interval(Vbias) :    1.00 ps       |
  |   Vbias prefactor (k)  :  0.0450 Eh       |
  |   Vbias exponent (α)   :  1.6180 bohr⁻²   |
  ::::::::::::: starting MTD   15 :::::::::::::
  |   MD simulation time   :     5.0 ps       |
  |   target T             :   300.0 K        |
  |   timestep dt          :     1.5 fs       |
  |   dump interval(trj)   :   100.0 fs       |
  |   SHAKE algorithm      : true (all bonds) |
  |   dump interval(Vbias) :    1.00 ps       |
  |   Vbias prefactor (k)  :  0.0450 Eh       |
  |   Vbias exponent (α)   :  0.3820 bohr⁻²   |
  ::::::::::::: starting MTD   17 :::::::::::::
  |   MD simulation time   :     5.0 ps       |
  |   target T             :   300.0 K        |
  |   timestep dt          :     1.5 fs       |
  |   dump interval(trj)   :   100.0 fs       |
  |   SHAKE algorithm      : true (all bonds) |
  |   dump interval(Vbias) :    1.00 ps       |
  |   Vbias prefactor (k)  :  0.1800 Eh       |
  |   Vbias exponent (α)   :  0.2361 bohr⁻²   |
  ::::::::::::: starting MTD   20 :::::::::::::
  |   MD simulation time   :     5.0 ps       |
  |   target T             :   300.0 K        |
  |   timestep dt          :     1.5 fs       |
  |   dump interval(trj)   :   100.0 fs       |
  |   SHAKE algorithm      : true (all bonds) |
  |   dump interval(Vbias) :    1.00 ps       |
  |   Vbias prefactor (k)  :  0.0225 Eh       |
  |   Vbias exponent (α)   :  0.2361 bohr⁻²   |
  ::::::::::::: starting MTD   13 :::::::::::::
  |   MD simulation time   :     5.0 ps       |
  |   target T             :   300.0 K        |
  |   timestep dt          :     1.5 fs       |
  |   dump interval(trj)   :   100.0 fs       |
  |   SHAKE algorithm      : true (all bonds) |
  |   dump interval(Vbias) :    1.00 ps       |
  |   Vbias prefactor (k)  :  0.1800 Eh       |
  |   Vbias exponent (α)   :  0.3820 bohr⁻²   |
  ::::::::::::: starting MTD   19 :::::::::::::
  |   MD simulation time   :     5.0 ps       |
  |   target T             :   300.0 K        |
  |   timestep dt          :     1.5 fs       |
  |   dump interval(trj)   :   100.0 fs       |
  |   SHAKE algorithm      : true (all bonds) |
  |   dump interval(Vbias) :    1.00 ps       |
  |   Vbias prefactor (k)  :  0.0450 Eh       |
  |   Vbias exponent (α)   :  0.2361 bohr⁻²   |
  ::::::::::::: starting MTD    9 :::::::::::::
  |   MD simulation time   :     5.0 ps       |
  |   target T             :   300.0 K        |
  |   timestep dt          :     1.5 fs       |
  |   dump interval(trj)   :   100.0 fs       |
  |   SHAKE algorithm      : true (all bonds) |
  |   dump interval(Vbias) :    1.00 ps       |
  |   Vbias prefactor (k)  :  0.1800 Eh       |
  |   Vbias exponent (α)   :  0.6180 bohr⁻²   |
  ::::::::::::: starting MTD   22 :::::::::::::
  |   MD simulation time   :     5.0 ps       |
  |   target T             :   300.0 K        |
  |   timestep dt          :     1.5 fs       |
  |   dump interval(trj)   :   100.0 fs       |
  |   SHAKE algorithm      : true (all bonds) |
  |   dump interval(Vbias) :    1.00 ps       |
  |   Vbias prefactor (k)  :  0.0900 Eh       |
  |   Vbias exponent (α)   :  0.1459 bohr⁻²   |
  ::::::::::::: starting MTD   18 :::::::::::::
  |   MD simulation time   :     5.0 ps       |
  |   target T             :   300.0 K        |
  |   timestep dt          :     1.5 fs       |
  |   dump interval(trj)   :   100.0 fs       |
  |   SHAKE algorithm      : true (all bonds) |
  |   dump interval(Vbias) :    1.00 ps       |
  |   Vbias prefactor (k)  :  0.0900 Eh       |
  |   Vbias exponent (α)   :  0.2361 bohr⁻²   |
  ::::::::::::: starting MTD   11 :::::::::::::
  |   MD simulation time   :     5.0 ps       |
  |   target T             :   300.0 K        |
  |   timestep dt          :     1.5 fs       |
  |   dump interval(trj)   :   100.0 fs       |
  |   SHAKE algorithm      : true (all bonds) |
  |   dump interval(Vbias) :    1.00 ps       |
  |   Vbias prefactor (k)  :  0.0450 Eh       |
  |   Vbias exponent (α)   :  0.6180 bohr⁻²   |
  ::::::::::::: starting MTD   23 :::::::::::::
  |   MD simulation time   :     5.0 ps       |
  |   target T             :   300.0 K        |
  |   timestep dt          :     1.5 fs       |
  |   dump interval(trj)   :   100.0 fs       |
  |   SHAKE algorithm      : true (all bonds) |
  |   dump interval(Vbias) :    1.00 ps       |
  |   Vbias prefactor (k)  :  0.0450 Eh       |
  |   Vbias exponent (α)   :  0.1459 bohr⁻²   |
*MTD  21 completed successfully ...        0 min,  0.558 sec
*MTD  17 completed successfully ...        0 min,  0.560 sec
*MTD  18 completed successfully ...        0 min,  0.562 sec
*MTD  15 completed successfully ...        0 min,  0.563 sec
  ::::::::::::: starting MTD   16 :::::::::::::
  |   MD simulation time   :     5.0 ps       |
  |   target T             :   300.0 K        |
  |   timestep dt          :     1.5 fs       |
  |   dump interval(trj)   :   100.0 fs       |
  |   SHAKE algorithm      : true (all bonds) |
  |   dump interval(Vbias) :    1.00 ps       |
  |   Vbias prefactor (k)  :  0.0225 Eh       |
  |   Vbias exponent (α)   :  0.3820 bohr⁻²   |
*MTD  22 completed successfully ...        0 min,  0.563 sec
*MTD  11 completed successfully ...        0 min,  0.564 sec
  ::::::::::::: starting MTD   12 :::::::::::::
  |   MD simulation time   :     5.0 ps       |
  |   target T             :   300.0 K        |
  |   timestep dt          :     1.5 fs       |
  |   dump interval(trj)   :   100.0 fs       |
  |   SHAKE algorithm      : true (all bonds) |
  |   dump interval(Vbias) :    1.00 ps       |
  |   Vbias prefactor (k)  :  0.0225 Eh       |
  |   Vbias exponent (α)   :  0.6180 bohr⁻²   |
*MTD  23 completed successfully ...        0 min,  0.565 sec
*MTD  13 completed successfully ...        0 min,  0.566 sec
  ::::::::::::: starting MTD   14 :::::::::::::
  |   MD simulation time   :     5.0 ps       |
  |   target T             :   300.0 K        |
  |   timestep dt          :     1.5 fs       |
  |   dump interval(trj)   :   100.0 fs       |
  |   SHAKE algorithm      : true (all bonds) |
  |   dump interval(Vbias) :    1.00 ps       |
  |   Vbias prefactor (k)  :  0.0900 Eh       |
  |   Vbias exponent (α)   :  0.3820 bohr⁻²   |
*MTD   1 completed successfully ...        0 min,  0.568 sec
  ::::::::::::: starting MTD    2 :::::::::::::
  |   MD simulation time   :     5.0 ps       |
  |   target T             :   300.0 K        |
  |   timestep dt          :     1.5 fs       |
  |   dump interval(trj)   :   100.0 fs       |
  |   SHAKE algorithm      : true (all bonds) |
  |   dump interval(Vbias) :    1.00 ps       |
  |   Vbias prefactor (k)  :  0.0900 Eh       |
  |   Vbias exponent (α)   :  1.6180 bohr⁻²   |
*MTD   9 completed successfully ...        0 min,  0.568 sec
  ::::::::::::: starting MTD   10 :::::::::::::
  |   MD simulation time   :     5.0 ps       |
  |   target T             :   300.0 K        |
  |   timestep dt          :     1.5 fs       |
  |   dump interval(trj)   :   100.0 fs       |
  |   SHAKE algorithm      : true (all bonds) |
  |   dump interval(Vbias) :    1.00 ps       |
  |   Vbias prefactor (k)  :  0.0900 Eh       |
  |   Vbias exponent (α)   :  0.6180 bohr⁻²   |
*MTD   5 completed successfully ...        0 min,  0.570 sec
  ::::::::::::: starting MTD    6 :::::::::::::
  |   MD simulation time   :     5.0 ps       |
  |   target T             :   300.0 K        |
  |   timestep dt          :     1.5 fs       |
  |   dump interval(trj)   :   100.0 fs       |
  |   SHAKE algorithm      : true (all bonds) |
  |   dump interval(Vbias) :    1.00 ps       |
  |   Vbias prefactor (k)  :  0.0900 Eh       |
  |   Vbias exponent (α)   :  1.0000 bohr⁻²   |
*MTD  19 completed successfully ...        0 min,  0.571 sec
*MTD  24 completed successfully ...        0 min,  0.571 sec
*MTD   3 completed successfully ...        0 min,  0.572 sec
  ::::::::::::: starting MTD    4 :::::::::::::
  |   MD simulation time   :     5.0 ps       |
  |   target T             :   300.0 K        |
  |   timestep dt          :     1.5 fs       |
  |   dump interval(trj)   :   100.0 fs       |
  |   SHAKE algorithm      : true (all bonds) |
  |   dump interval(Vbias) :    1.00 ps       |
  |   Vbias prefactor (k)  :  0.0225 Eh       |
  |   Vbias exponent (α)   :  1.6180 bohr⁻²   |
*MTD  20 completed successfully ...        0 min,  0.574 sec
*MTD   7 completed successfully ...        0 min,  0.575 sec
  ::::::::::::: starting MTD    8 :::::::::::::
  |   MD simulation time   :     5.0 ps       |
  |   target T             :   300.0 K        |
  |   timestep dt          :     1.5 fs       |
  |   dump interval(trj)   :   100.0 fs       |
  |   SHAKE algorithm      : true (all bonds) |
  |   dump interval(Vbias) :    1.00 ps       |
  |   Vbias prefactor (k)  :  0.0225 Eh       |
  |   Vbias exponent (α)   :  1.0000 bohr⁻²   |
*MTD  16 completed successfully ...        0 min,  0.345 sec
*MTD  12 completed successfully ...        0 min,  0.344 sec
*MTD   2 completed successfully ...        0 min,  0.345 sec
*MTD   8 completed successfully ...        0 min,  0.344 sec
*MTD  14 completed successfully ...        0 min,  0.356 sec
*MTD  10 completed successfully ...        0 min,  0.357 sec
*MTD   6 completed successfully ...        0 min,  0.370 sec
*MTD   4 completed successfully ...        0 min,  0.370 sec
 
 ======================================
 |  Multilevel Ensemble Optimization  |
 ======================================
 Optimizing all 1176 structures from file "crest_dynamics.trj" ...
 ----------------------
 crude pre-optimization
 ----------------------
 Optimization engine: ANCOPT
 Hessian update type: BFGS
 E/G convergence criteria:  0.500E-03 Eh, 0.100E-01 Eh/a0
 maximum optimization steps: 200
 |>0.1% |>7.6% |>15.1% |>22.5% |>30.0% |>37.5% |>45.1% |>52.6% |>60.0% |>67.5% |>75.0% |>82.6% |>90.1% |>97.5% |>100.0%
 done.
> 1176 of 1176 structures successfully optimized (100.0% success)
> Total runtime for 1176 optimizations:
 * wall-time:     0 d,  0 h,  0 min,  0.987 sec
 *  cpu-time:     0 d,  0 h,  0 min, 15.781 sec
 * ratio c/w:    15.996 speedup
> Corresponding to approximately 0.001 sec per processed structure
 
CREGEN> running RMSDs ... done.
CREGEN> E lowest :    -5.12941
 3 structures remain within    12.00 kcal/mol window
 ----------------------------------
 optimization with tight thresholds
 ----------------------------------
 Optimization engine: ANCOPT
 Hessian update type: BFGS
 E/G convergence criteria:  0.100E-05 Eh, 0.800E-03 Eh/a0
 maximum optimization steps: 200
 |>33.3% |>66.7% |>100.0%
 done.
> 3 of 3 structures successfully optimized (100.0% success)
> Total runtime for 3 optimizations:
 * wall-time:     0 d,  0 h,  0 min,  0.006 sec
 *  cpu-time:     0 d,  0 h,  0 min,  0.026 sec
 * ratio c/w:     4.145 speedup
> Corresponding to approximately 0.002 sec per processed structure
 
CREGEN> running RMSDs ... done.
CREGEN> E lowest :    -5.12942
 1 structures remain within     6.00 kcal/mol window
 
========================================
           MTD Simulations done         
========================================
 Collecting ensmbles.
CREGEN> running RMSDs ... done.
CREGEN> E lowest :    -5.12942
 1 structures remain within     6.00 kcal/mol window
     H(298.15K)-H(0) (conf)      0.000000
                   Cp(conf)      0.000000
                    S(conf)      0.000000
 
******************************************************************************************
**                          I T E R A T I O N    C Y C L E      1                       **
******************************************************************************************
 -------------------------------------------
 determining bias structures via PCA/k-Means
 -------------------------------------------
 1 structures were selected
 done.

 -----------------------------------------------
 determining MTD seed structures via PCA/k-Means
 -----------------------------------------------
 1 structures were selected
 done.


 ==========================================================
 Static MTDs (umbrella sampling) on 1 selected conformer(s)
 ==========================================================
> Using 1 constant RMSD bias potentials per MTD
  :::::::::: starting static MTD   1 ::::::::::
  |   MD simulation time   :     2.5 ps       |
  |   target T             :   400.0 K        |
  |   timestep dt          :     1.5 fs       |
  |   dump interval(trj)   :   100.0 fs       |
  |   SHAKE algorithm      : true (all bonds) |
  |   Vbias prefactor (k)  :  0.0015 Eh       |
  |   Vbias exponent (α)   :  1.0000 bohr⁻²   |
*sMTD   1 completed successfully ...        0 min,  0.446 sec
 
 ======================================
 |  Multilevel Ensemble Optimization  |
 ======================================
 Optimizing all 24 structures from file "crest_rotamers_0.xyz" ...
 ----------------------
 crude pre-optimization
 ----------------------
 Optimization engine: ANCOPT
 Hessian update type: BFGS
 E/G convergence criteria:  0.500E-03 Eh, 0.100E-01 Eh/a0
 maximum optimization steps: 200
 |>4.2% |>12.5% |>20.8% |>33.3% |>41.7% |>50.0% |>62.5% |>70.8% |>83.3% |>91.7% |>100.0%
 done.
> 24 of 24 structures successfully optimized (100.0% success)
> Total runtime for 24 optimizations:
 * wall-time:     0 d,  0 h,  0 min,  0.015 sec
 *  cpu-time:     0 d,  0 h,  0 min,  0.231 sec
 * ratio c/w:    15.937 speedup
> Corresponding to approximately 0.001 sec per processed structure
 
CREGEN> running RMSDs ... done.
CREGEN> E lowest :    -5.12938
 2 structures remain within    12.00 kcal/mol window
 ---------------------------------------
 optimization with very tight thresholds
 ---------------------------------------
 Optimization engine: ANCOPT
 Hessian update type: BFGS
 E/G convergence criteria:  0.100E-06 Eh, 0.200E-03 Eh/a0
 maximum optimization steps: 200
 |>50.0% |>100.0%
 done.
> 2 of 2 structures successfully optimized (100.0% success)
> Total runtime for 2 optimizations:
 * wall-time:     0 d,  0 h,  0 min,  0.006 sec
 *  cpu-time:     0 d,  0 h,  0 min,  0.021 sec
 * ratio c/w:     3.370 speedup
> Corresponding to approximately 0.003 sec per processed structure
 
CREGEN> running RMSDs ... done.
CREGEN> E lowest :    -5.12942
 1 structures remain within     6.00 kcal/mol window
CREGEN> running RMSDs ... done.
CREGEN> E lowest :    -5.12942
 
 Static MTD simulation iteration 1 finished
 A total of 1 conformers (+ 0.00%) in crest_conformers.xyz
 S(approx.) =   -0.000000 cal/molK (dS = 0.00%)
 Convergence w.r.t. conformers:  T
 Convergence w.r.t. entropy   :  T
 
     H(298.15K)-H(0) (conf)      0.000000
                   Cp(conf)      0.000000
                    S(conf)      0.000000


 --------------------------
 Final Ensemble Information
 --------------------------
 input  file name : crest_rotamers_2.xyz
 output file name : crest_rotamers_3.xyz
 number of atoms                :   24
 number of points on xyz files  :   2
 RMSD threshold                 :   0.1250
 Bconst threshold               :   0.0100
 population threshold           :   0.0500
 # fragment in coord            :     1
 # bonds in reference structure :    26
   => # of C=C bonds :     4
 number of reliable points      :     2
 sorting energy window (EWIN)   :    6.0000 / kcal*mol⁻¹
 reference state Etot           :  -5.12941522000000
 number of doubles removed by rot/RMSD         :           1
 total number unique points considered further :           1
       Erel/kcal        Etot weight/tot  conformer     set   degen     origin
       1   0.000    -5.12942    1.00000    1.00000       1       1
T /K                                  :   298.15
E lowest                              :    -5.12942
ensemble average energy (kcal)        :    0.000
ensemble entropy (J/mol K, cal/mol K) :   -0.000   -0.000
ensemble free energy (kcal/mol)       :    0.000
population of lowest in %             :  100.000
 number of unique conformers for further calc            1
 list of relative energies saved as "crest.energies"
 compare nuclear equivalencies ...
::::::::::: conformer group all :::::::::::
 chemical equivalencies (mag.active nuclei):
 magnetic equivalencies:
 
******************************************************************************************
**                           ENSEMBLE ENTROPY CALCULATION                               **
******************************************************************************************
======================================================
 Containing 1 conformers :
     H(298.15K)-H(0) (conf)      0.000000
                   Cp(conf)      0.000000
                    S(conf)      0.000000
======================================================
 Containing 1 conformers :
     H(298.15K)-H(0) (conf)      0.000000
                   Cp(conf)      0.000000
                    S(conf)      0.000000
======================================================

 --------------------------------------
 FINAL CALCULATION OF MOLECULAR ENTROPY
 --------------------------------------
 
WARNING: Not enough blocks for extrapolation.
         Taking full ensemble entropy instead.

FINAL ENTROPY (max conf.)  :      0.00000
 
 ----------------------------------
 Frequency Calculation and Averages
 ----------------------------------
 Nconf on file      : 1
 Taken for Hessians : 1 (=100.00% total population)
 T range  /K    :   278.15   378.15
 scaling factor :          1.000000     
 rotor cutoff   :         25.000000 cm⁻¹
 imag. cutoff   :        -50.000000 cm⁻¹
 
 Running 1 calculations ...
 |>100.0%
 done.
 calculating averages for G and S ...    done.
 calculating Boltzmann weights ...       done.
 calculating reference S (bhess) ... > bhess not implemented for calculator routines
    done.
 calculating δSrrho ...                  done.
 
 Coordinates for the bhess reference structure (Ångström):
 -----------------------------------------------------------
  24
 
 C         -3.6654660000       -0.7138590000        0.0000000000
 C         -3.6654660000        0.7138590000        0.0000000000
 C         -2.4816350000        1.4085580000        0.0000000000
 C         -1.2252840000        0.7231830000        0.0000000000
 C          0.0000000000        1.4050040000        0.0000000000
 C          1.2252840000        0.7231830000        0.0000000000
 C          2.4816350000        1.4085580000        0.0000000000
 C          3.6654660000        0.7138590000        0.0000000000
 C          3.6654660000       -0.7138590000        0.0000000000
 C          2.4816350000       -1.4085580000        0.0000000000
 C          1.2252840000       -0.7231830000        0.0000000000
 C          0.0000000000       -1.4050040000        0.0000000000
 C         -1.2252840000       -0.7231830000        0.0000000000
 C         -2.4816350000       -1.4085580000        0.0000000000
 H         -4.6182060000       -1.2516530000        0.0000000000
 H         -4.6182060000        1.2516530000        0.0000000000
 H         -2.4787200000        2.5030140000        0.0000000000
 H          0.0000000000        2.4998080000        0.0000000000
 H          2.4787200000        2.5030140000        0.0000000000
 H          4.6182060000        1.2516530000        0.0000000000
 H          4.6182060000       -1.2516530000        0.0000000000
 H          2.4787200000       -2.5030140000        0.0000000000
 H          0.0000000000       -2.4998080000        0.0000000000
 H         -2.4787200000       -2.5030140000        0.0000000000
 -----------------------------------------------------------
 as read from <coord>
 Heavy-atom RMSD between lowest conformer and this reference :
 RMSD(heavy) =        0.020152 Å
 
 msRRHO(bhess) reference entropies:
      278.15         90.222456
      288.15         91.746330
      298.15         93.272268
      308.15         94.799497
      318.15         96.327278
      328.15         97.854909
      338.15         99.381723
      348.15        100.907090
      358.15        102.430414
      368.15        103.951133
      378.15        105.468721

       T/K  |S(T)|/cal/molK       |G(T)|/Eh     G_lowest/Eh    (conf)
   -----------------------------------------------------------------
    278.15    0.930386E+02    0.162765E+00       -4.966650         1
    288.15    0.946174E+02    0.161270E+00       -4.968145         1
    298.15    0.961954E+02    0.159750E+00       -4.969665         1
    308.15    0.977719E+02    0.158205E+00       -4.971210         1
    318.15    0.993464E+02    0.156634E+00       -4.972781         1
    328.15    0.100918E+03    0.155039E+00       -4.974376         1
    338.15    0.102487E+03    0.153418E+00       -4.975997         1
    348.15    0.104051E+03    0.151773E+00       -4.977642         1
    358.15    0.105612E+03    0.150102E+00       -4.979313         1
    368.15    0.107167E+03    0.148407E+00       -4.981008         1
    378.15    0.108718E+03    0.146687E+00       -4.982728         1
   -----------------------------------------------------------------
   NOTE: if |G(T)| is the averaged contributrion to the free energy.
   |G(T)| used only for the higher-energetic structures (n > 1).
   All other structures use G(T) from the respective Hessian calculations.
 
 Quantities calculated on free energies:
       T/K          δSrrho           Cp(T)     [H(T)-H(0)]
   -------------------------------------------------------
    278.15    0.281614E+01    0.000000E+00        0.000000
    288.15    0.287106E+01    0.000000E+00        0.000000
    298.15    0.292313E+01    0.000000E+00        0.000000
    308.15    0.297245E+01    0.000000E+00        0.000000
    318.15    0.301909E+01    0.000000E+00        0.000000
    328.15    0.306319E+01    0.000000E+00        0.000000
    338.15    0.310483E+01    0.000000E+00        0.000000
    348.15    0.314415E+01    0.000000E+00        0.000000
    358.15    0.318124E+01    0.000000E+00        0.000000
    368.15    0.321623E+01    0.000000E+00        0.000000
    378.15    0.324921E+01    0.000000E+00        0.000000
   -------------------------------------------------------
   NOTE: δSrrho(T) = |S(T)| - Sref(T)
 
 ----------------------
 TEMPERATURE DEPENDENCE
 ----------------------
 
 Final CONFORMATIONAL quantities at given T:
       T/K        S(total)           Cp(T)     [H(T)-H(0)]        G(total)
   -----------------------------------------------------------------------
    278.15        2.816139        0.000000        0.000000       -0.783309
    288.15        2.871063        0.000000        0.000000       -0.827297
    298.15        2.923135        0.000000        0.000000       -0.871533
    308.15        2.972445        0.000000        0.000000       -0.915959
    318.15        3.019093        0.000000        0.000000       -0.960525
    328.15        3.063186        0.000000        0.000000       -1.005184
    338.15        3.104833        0.000000        0.000000       -1.049899
    348.15        3.144148        0.000000        0.000000       -1.094635
    358.15        3.181241        0.000000        0.000000       -1.139362
    368.15        3.216226        0.000000        0.000000       -1.184054
    378.15        3.249211        0.000000        0.000000       -1.228689
   -----------------------------------------------------------------------
   S and Cp in cal/mol*K; H and G in kcal/mol
   G(total) is the ensemble free energy (H-T*S) and S(total) = S(conf,extrapol.) + δSrrho
 
 ----------------------------------------------------
 |      FINAL MOLECULAR ENTROPY AT T= 298.15 K      |
 ----------------------------------------------------
     Sconf   =          0.000000
   + δSrrho  =          2.923135
 -----------------------------------------------------
 = S(total)  =          2.923135  (cal mol⁻¹ K⁻¹)
 
   H(T)-H(0) =          0.000000
   G         =         -0.871533   (-T*S)
 -----------------------------------------------------
 = G(total)  =         -0.871533  (H-T*S) (kcal mol⁻¹)
 
   Cp(total) =          0.000000  (cal mol⁻¹ K⁻¹)
 
 
 -----------------
 Wall Time Summary
 -----------------
 CREST runtime (total)               0 d,  0 h,  0 min,  2.991 sec
 ------------------------------------------------------------------
 Trial metadynamics (MTD)   ...        0 min,  0.059 sec (  1.958%)
 Metadynamics (MTD)         ...        0 min,  1.008 sec ( 33.706%)
 Geometry optimization      ...        0 min,  1.398 sec ( 46.727%)
 Static metadynamics (sMTD) ...        0 min,  0.453 sec ( 15.148%)
 Conf. entropy evaluation   ...        0 min,  0.025 sec (  0.835%)
 I/O and setup              ...        0 min,  0.049 sec (  1.626%)
 ------------------------------------------------------------------
 * wall-time:     0 d,  0 h,  0 min,  2.991 sec
 *  cpu-time:     0 d,  0 h,  0 min, 30.862 sec
 * ratio c/w:    10.318 speedup
 ------------------------------------------------------------------
 * Total number of energy+grad calls: 101749
 
 CREST terminated normally.
