 
       ╔════════════════════════════════════════════╗
       ║            ___ ___ ___ ___ _____           ║
       ║           / __| _ \ __/ __|_   _|          ║
       ║          | (__|   / _|\__ \ | |            ║
       ║           \___|_|_\___|___/ |_|            ║
       ║                                            ║
       ║  Conformer-Rotamer Ensemble Sampling Tool  ║
       ║          based on the xTB methods          ║
       ║                                            ║
       ╚════════════════════════════════════════════╝
       Version 3.0.2, Sun Aug 25 20:02:36 UTC 2024
       commit (af7eb99) compiled by 'runner@fv-az1984-471'
 
   Cite work conducted with this code as

   • P.Pracht, F.Bohle, S.Grimme, PCCP, 2020, 22, 7169-7192.
   • S.Grimme, JCTC, 2019, 15, 2847-2862.
   • P.Pracht, S.Grimme, C.Bannwarth, F.Bohle, S.Ehlert,
     G.Feldmann, J.Gorges, M.Müller, T.Neudecker, C.Plett,
     S.Spicher, P.Steinbach, P.Wesołowski, F.Zeller,
     J. Chem. Phys., 2024, 160, 114110.

   for works involving QCG cite

   • S.Spicher, C.Plett, P.Pracht, A.Hansen, S.Grimme,
     JCTC, 2022, 18 (5), 3174-3189.
   • C.Plett, S. Grimme,
     Angew. Chem. Int. Ed. 2023, 62, e202214477.

   for works involving MECP screening cite

   • P.Pracht, C.Bannwarth, JCTC, 2022, 18 (10), 6370-6385.
 
   Original code
     P.Pracht, S.Grimme, Universität Bonn, MCTC
   with help from (alphabetical order):
     C.Bannwarth, F.Bohle, S.Ehlert, G.Feldmann, J.Gorges,
     S.Grimme, C.Plett, P.Pracht, S.Spicher, P.Steinbach,
     P.Wesolowski, F.Zeller
 
   Online documentation is available at
   https://crest-lab.github.io/crest-docs/
 
   This program is distributed in the hope that it will be useful,
   but WITHOUT ANY WARRANTY; without even the implied warranty of
   MERCHANTABILITY or FITNESS FOR A PARTICULAR PURPOSE. See the
   GNU Lesser General Public License (LGPL) for more details.

 Command line input:
 $ crest OCBFFGCSTGGPSQ-UHFFFAOYSA-N-2.xyz -gfnff -entropy -T 16 -chrg 0 -uhf 1

  --gfnff : Use of GFN-FF requested.
  -entropy : enhanced ensemble entropy calculation
  -T 16 (CPUs/Threads selected)
  -chrg 0
  -uhf 1
Parsing xtb-type input file bondlengths to set up calculators ...

> Setting up backup calculator ... done.
 ----------------
 Calculation info
 ----------------
> User-defined calculation level:
 : GFN-FF calculation via GFNFF lib
 :   Molecular charge    : 0
 :   UHF parameter       : 1
 
> User-defined constraints:
> constraint: distance atoms: 1,2
  d(AA)=     1.49156 k= 0.02000
> constraint: distance atoms: 1,4
  d(AA)=     1.09577 k= 0.02000
> constraint: distance atoms: 1,5
  d(AA)=     1.09677 k= 0.02000
> constraint: distance atoms: 2,3
  d(AA)=     1.53364 k= 0.02000
> constraint: distance atoms: 2,6
  d(AA)=     1.11542 k= 0.02000
> constraint: distance atoms: 2,7
  d(AA)=     1.10825 k= 0.02000
> constraint: distance atoms: 3,8
  d(AA)=     1.10566 k= 0.02000
> constraint: distance atoms: 3,9
  d(AA)=     1.10445 k= 0.02000
> constraint: distance atoms: 3,10
  d(AA)=     1.10479 k= 0.02000
 
 
 -----------------------------
 Initial Geometry Optimization
 -----------------------------
 Geometry successfully optimized.
 
          ┍━━━━━━━━━━━━━━━━━━━━━━━━━━━━━━━━━━━━━━━━━━━━━━━━━┑
          │              CREST ENTROPY SAMPLING             │
          ┕━━━━━━━━━━━━━━━━━━━━━━━━━━━━━━━━━━━━━━━━━━━━━━━━━┙
 
 please cite:
 • P.Pracht, S.Grimme, Chem. Sci., 2021, 12, 6551-6568.
 • J.Gorges, S.Grimme, A.Hansen, P.Pracht, PCCP, 2022,24, 12249-12259.
 
 Input structure:
  10
 
 C          1.2721549885       -0.2742045462        0.0080100516
 C          0.0543887070        0.5627656289        0.0526285264
 C         -1.2323426558       -0.2516548929       -0.0199265116
 H          2.2211183329        0.1205360754       -0.3004913279
 H          1.2408146345       -1.3054871412        0.3032307448
 H          0.0627822374        1.1683826200        0.9718350658
 H          0.0774514159        1.2940523899       -0.7693824977
 H         -1.2993886653       -0.9591567253        0.8103009236
 H         -2.1234219454        0.3811055739        0.0144275633
 H         -1.2776088286       -0.8343297052       -0.9433308694
 
 ------------------------------------------------
 Generating MTD length from a flexibility measure
 ------------------------------------------------
 Calculating GFN0-xTB WBOs   ... done.
 Calculating NCI flexibility ... done.
     covalent flexibility measure :   0.000
 non-covalent flexibility measure :   0.900
 flexibility measure :   0.000
 t(MTD) / ps    :     5.0
 Σ(t(MTD)) / ps :   120.0 (24 MTDs)
 
 -----------------------------------
 Starting trial MTD to test settings
 -----------------------------------
 Trial MTD 1 runtime (1.0 ps) ...        0 min,  0.010 sec
 Estimated runtime for one MTD (5.0 ps) on a single thread: 0 sec
 Estimated runtime for a batch of 24 MTDs on 16 threads: 0 sec
 
******************************************************************************************
**                         N E W   I T E R A T I O N  C Y C L E                         **
******************************************************************************************
 
 ------------------------------
 Meta-Dynamics Iteration 1
 ------------------------------
 list of applied metadynamics Vbias parameters:
$metadyn    0.07500   1.618
$metadyn    0.03750   1.618
$metadyn    0.01875   1.618
$metadyn    0.00937   1.618
$metadyn    0.07500   1.000
$metadyn    0.03750   1.000
$metadyn    0.01875   1.000
$metadyn    0.00937   1.000
$metadyn    0.07500   0.618
$metadyn    0.03750   0.618
$metadyn    0.01875   0.618
$metadyn    0.00937   0.618
$metadyn    0.07500   0.382
$metadyn    0.03750   0.382
$metadyn    0.01875   0.382
$metadyn    0.00937   0.382
$metadyn    0.07500   0.236
$metadyn    0.03750   0.236
$metadyn    0.01875   0.236
$metadyn    0.00937   0.236
$metadyn    0.07500   0.146
$metadyn    0.03750   0.146
$metadyn    0.01875   0.146
$metadyn    0.00937   0.146
 
  ::::::::::::: starting MTD    1 :::::::::::::
  |   MD simulation time   :     5.0 ps       |
  |   target T             :   300.0 K        |
  |   timestep dt          :     1.5 fs       |
  |   dump interval(trj)   :   100.0 fs       |
  |   SHAKE algorithm      : true (all bonds) |
  |   dump interval(Vbias) :    1.00 ps       |
  |   Vbias prefactor (k)  :  0.0750 Eh       |
  |   Vbias exponent (α)   :  1.6180 bohr⁻²   |
  ::::::::::::: starting MTD   21 :::::::::::::
  |   MD simulation time   :     5.0 ps       |
  |   target T             :   300.0 K        |
  |   timestep dt          :     1.5 fs       |
  |   dump interval(trj)   :   100.0 fs       |
  |   SHAKE algorithm      : true (all bonds) |
  |   dump interval(Vbias) :    1.00 ps       |
  |   Vbias prefactor (k)  :  0.0750 Eh       |
  |   Vbias exponent (α)   :  0.1459 bohr⁻²   |
  ::::::::::::: starting MTD    7 :::::::::::::
  |   MD simulation time   :     5.0 ps       |
  |   target T             :   300.0 K        |
  |   timestep dt          :     1.5 fs       |
  |   dump interval(trj)   :   100.0 fs       |
  |   SHAKE algorithm      : true (all bonds) |
  |   dump interval(Vbias) :    1.00 ps       |
  |   Vbias prefactor (k)  :  0.0187 Eh       |
  |   Vbias exponent (α)   :  1.0000 bohr⁻²   |
  ::::::::::::: starting MTD   17 :::::::::::::
  |   MD simulation time   :     5.0 ps       |
  |   target T             :   300.0 K        |
  |   timestep dt          :     1.5 fs       |
  |   dump interval(trj)   :   100.0 fs       |
  |   SHAKE algorithm      : true (all bonds) |
  |   dump interval(Vbias) :    1.00 ps       |
  |   Vbias prefactor (k)  :  0.0750 Eh       |
  |   Vbias exponent (α)   :  0.2361 bohr⁻²   |
  ::::::::::::: starting MTD    5 :::::::::::::
  |   MD simulation time   :     5.0 ps       |
  |   target T             :   300.0 K        |
  |   timestep dt          :     1.5 fs       |
  |   dump interval(trj)   :   100.0 fs       |
  |   SHAKE algorithm      : true (all bonds) |
  |   dump interval(Vbias) :    1.00 ps       |
  |   Vbias prefactor (k)  :  0.0750 Eh       |
  |   Vbias exponent (α)   :  1.0000 bohr⁻²   |
  ::::::::::::: starting MTD   24 :::::::::::::
  |   MD simulation time   :     5.0 ps       |
  |   target T             :   300.0 K        |
  |   timestep dt          :     1.5 fs       |
  |   dump interval(trj)   :   100.0 fs       |
  |   SHAKE algorithm      : true (all bonds) |
  |   dump interval(Vbias) :    1.00 ps       |
  |   Vbias prefactor (k)  :  0.0094 Eh       |
  |   Vbias exponent (α)   :  0.1459 bohr⁻²   |
  ::::::::::::: starting MTD   19 :::::::::::::
  |   MD simulation time   :     5.0 ps       |
  |   target T             :   300.0 K        |
  |   timestep dt          :     1.5 fs       |
  |   dump interval(trj)   :   100.0 fs       |
  |   SHAKE algorithm      : true (all bonds) |
  |   dump interval(Vbias) :    1.00 ps       |
  |   Vbias prefactor (k)  :  0.0187 Eh       |
  |   Vbias exponent (α)   :  0.2361 bohr⁻²   |
  ::::::::::::: starting MTD    9 :::::::::::::
  |   MD simulation time   :     5.0 ps       |
  |   target T             :   300.0 K        |
  |   timestep dt          :     1.5 fs       |
  |   dump interval(trj)   :   100.0 fs       |
  |   SHAKE algorithm      : true (all bonds) |
  |   dump interval(Vbias) :    1.00 ps       |
  |   Vbias prefactor (k)  :  0.0750 Eh       |
  |   Vbias exponent (α)   :  0.6180 bohr⁻²   |
  ::::::::::::: starting MTD   22 :::::::::::::
  |   MD simulation time   :     5.0 ps       |
  |   target T             :   300.0 K        |
  |   timestep dt          :     1.5 fs       |
  |   dump interval(trj)   :   100.0 fs       |
  |   SHAKE algorithm      : true (all bonds) |
  |   dump interval(Vbias) :    1.00 ps       |
  |   Vbias prefactor (k)  :  0.0375 Eh       |
  |   Vbias exponent (α)   :  0.1459 bohr⁻²   |
  ::::::::::::: starting MTD   15 :::::::::::::
  |   MD simulation time   :     5.0 ps       |
  |   target T             :   300.0 K        |
  |   timestep dt          :     1.5 fs       |
  |   dump interval(trj)   :   100.0 fs       |
  |   SHAKE algorithm      : true (all bonds) |
  |   dump interval(Vbias) :    1.00 ps       |
  |   Vbias prefactor (k)  :  0.0187 Eh       |
  |   Vbias exponent (α)   :  0.3820 bohr⁻²   |
  ::::::::::::: starting MTD    3 :::::::::::::
  |   MD simulation time   :     5.0 ps       |
  |   target T             :   300.0 K        |
  |   timestep dt          :     1.5 fs       |
  |   dump interval(trj)   :   100.0 fs       |
  |   SHAKE algorithm      : true (all bonds) |
  |   dump interval(Vbias) :    1.00 ps       |
  |   Vbias prefactor (k)  :  0.0187 Eh       |
  |   Vbias exponent (α)   :  1.6180 bohr⁻²   |
  ::::::::::::: starting MTD   20 :::::::::::::
  |   MD simulation time   :     5.0 ps       |
  |   target T             :   300.0 K        |
  |   timestep dt          :     1.5 fs       |
  |   dump interval(trj)   :   100.0 fs       |
  |   SHAKE algorithm      : true (all bonds) |
  |   dump interval(Vbias) :    1.00 ps       |
  |   Vbias prefactor (k)  :  0.0094 Eh       |
  |   Vbias exponent (α)   :  0.2361 bohr⁻²   |
  ::::::::::::: starting MTD   18 :::::::::::::
  |   MD simulation time   :     5.0 ps       |
  |   target T             :   300.0 K        |
  |   timestep dt          :     1.5 fs       |
  |   dump interval(trj)   :   100.0 fs       |
  |   SHAKE algorithm      : true (all bonds) |
  |   dump interval(Vbias) :    1.00 ps       |
  |   Vbias prefactor (k)  :  0.0375 Eh       |
  |   Vbias exponent (α)   :  0.2361 bohr⁻²   |
  ::::::::::::: starting MTD   23 :::::::::::::
  |   MD simulation time   :     5.0 ps       |
  |   target T             :   300.0 K        |
  |   timestep dt          :     1.5 fs       |
  |   dump interval(trj)   :   100.0 fs       |
  |   SHAKE algorithm      : true (all bonds) |
  |   dump interval(Vbias) :    1.00 ps       |
  |   Vbias prefactor (k)  :  0.0187 Eh       |
  |   Vbias exponent (α)   :  0.1459 bohr⁻²   |
  ::::::::::::: starting MTD   13 :::::::::::::
  |   MD simulation time   :     5.0 ps       |
  |   target T             :   300.0 K        |
  |   timestep dt          :     1.5 fs       |
  |   dump interval(trj)   :   100.0 fs       |
  |   SHAKE algorithm      : true (all bonds) |
  |   dump interval(Vbias) :    1.00 ps       |
  |   Vbias prefactor (k)  :  0.0750 Eh       |
  |   Vbias exponent (α)   :  0.3820 bohr⁻²   |
  ::::::::::::: starting MTD   11 :::::::::::::
  |   MD simulation time   :     5.0 ps       |
  |   target T             :   300.0 K        |
  |   timestep dt          :     1.5 fs       |
  |   dump interval(trj)   :   100.0 fs       |
  |   SHAKE algorithm      : true (all bonds) |
  |   dump interval(Vbias) :    1.00 ps       |
  |   Vbias prefactor (k)  :  0.0187 Eh       |
  |   Vbias exponent (α)   :  0.6180 bohr⁻²   |
*MTD  24 completed successfully ...        0 min,  0.131 sec
*MTD   5 completed successfully ...        0 min,  0.131 sec
  ::::::::::::: starting MTD    6 :::::::::::::
  |   MD simulation time   :     5.0 ps       |
  |   target T             :   300.0 K        |
  |   timestep dt          :     1.5 fs       |
  |   dump interval(trj)   :   100.0 fs       |
  |   SHAKE algorithm      : true (all bonds) |
  |   dump interval(Vbias) :    1.00 ps       |
  |   Vbias prefactor (k)  :  0.0375 Eh       |
  |   Vbias exponent (α)   :  1.0000 bohr⁻²   |
*MTD  17 completed successfully ...        0 min,  0.131 sec
*MTD  22 completed successfully ...        0 min,  0.131 sec
*MTD   7 completed successfully ...        0 min,  0.131 sec
  ::::::::::::: starting MTD    8 :::::::::::::
  |   MD simulation time   :     5.0 ps       |
  |   target T             :   300.0 K        |
  |   timestep dt          :     1.5 fs       |
  |   dump interval(trj)   :   100.0 fs       |
  |   SHAKE algorithm      : true (all bonds) |
  |   dump interval(Vbias) :    1.00 ps       |
  |   Vbias prefactor (k)  :  0.0094 Eh       |
  |   Vbias exponent (α)   :  1.0000 bohr⁻²   |
*MTD  20 completed successfully ...        0 min,  0.131 sec
*MTD  13 completed successfully ...        0 min,  0.131 sec
  ::::::::::::: starting MTD   14 :::::::::::::
  |   MD simulation time   :     5.0 ps       |
  |   target T             :   300.0 K        |
  |   timestep dt          :     1.5 fs       |
  |   dump interval(trj)   :   100.0 fs       |
  |   SHAKE algorithm      : true (all bonds) |
  |   dump interval(Vbias) :    1.00 ps       |
  |   Vbias prefactor (k)  :  0.0375 Eh       |
  |   Vbias exponent (α)   :  0.3820 bohr⁻²   |
*MTD  23 completed successfully ...        0 min,  0.131 sec
*MTD  18 completed successfully ...        0 min,  0.131 sec
*MTD   3 completed successfully ...        0 min,  0.132 sec
  ::::::::::::: starting MTD    4 :::::::::::::
  |   MD simulation time   :     5.0 ps       |
  |   target T             :   300.0 K        |
  |   timestep dt          :     1.5 fs       |
  |   dump interval(trj)   :   100.0 fs       |
  |   SHAKE algorithm      : true (all bonds) |
  |   dump interval(Vbias) :    1.00 ps       |
  |   Vbias prefactor (k)  :  0.0094 Eh       |
  |   Vbias exponent (α)   :  1.6180 bohr⁻²   |
*MTD  11 completed successfully ...        0 min,  0.132 sec
  ::::::::::::: starting MTD   12 :::::::::::::
  |   MD simulation time   :     5.0 ps       |
  |   target T             :   300.0 K        |
  |   timestep dt          :     1.5 fs       |
  |   dump interval(trj)   :   100.0 fs       |
  |   SHAKE algorithm      : true (all bonds) |
  |   dump interval(Vbias) :    1.00 ps       |
  |   Vbias prefactor (k)  :  0.0094 Eh       |
  |   Vbias exponent (α)   :  0.6180 bohr⁻²   |
*MTD  21 completed successfully ...        0 min,  0.132 sec
*MTD  19 completed successfully ...        0 min,  0.132 sec
*MTD   9 completed successfully ...        0 min,  0.132 sec
  ::::::::::::: starting MTD   10 :::::::::::::
  |   MD simulation time   :     5.0 ps       |
  |   target T             :   300.0 K        |
  |   timestep dt          :     1.5 fs       |
  |   dump interval(trj)   :   100.0 fs       |
  |   SHAKE algorithm      : true (all bonds) |
  |   dump interval(Vbias) :    1.00 ps       |
  |   Vbias prefactor (k)  :  0.0375 Eh       |
  |   Vbias exponent (α)   :  0.6180 bohr⁻²   |
*MTD   1 completed successfully ...        0 min,  0.133 sec
  ::::::::::::: starting MTD    2 :::::::::::::
  |   MD simulation time   :     5.0 ps       |
  |   target T             :   300.0 K        |
  |   timestep dt          :     1.5 fs       |
  |   dump interval(trj)   :   100.0 fs       |
  |   SHAKE algorithm      : true (all bonds) |
  |   dump interval(Vbias) :    1.00 ps       |
  |   Vbias prefactor (k)  :  0.0375 Eh       |
  |   Vbias exponent (α)   :  1.6180 bohr⁻²   |
*MTD  15 completed successfully ...        0 min,  0.133 sec
  ::::::::::::: starting MTD   16 :::::::::::::
  |   MD simulation time   :     5.0 ps       |
  |   target T             :   300.0 K        |
  |   timestep dt          :     1.5 fs       |
  |   dump interval(trj)   :   100.0 fs       |
  |   SHAKE algorithm      : true (all bonds) |
  |   dump interval(Vbias) :    1.00 ps       |
  |   Vbias prefactor (k)  :  0.0094 Eh       |
  |   Vbias exponent (α)   :  0.3820 bohr⁻²   |
*MTD   6 completed successfully ...        0 min,  0.076 sec
*MTD  14 completed successfully ...        0 min,  0.076 sec
*MTD   8 completed successfully ...        0 min,  0.076 sec
*MTD  12 completed successfully ...        0 min,  0.077 sec
*MTD   4 completed successfully ...        0 min,  0.077 sec
*MTD   2 completed successfully ...        0 min,  0.077 sec
*MTD  16 completed successfully ...        0 min,  0.088 sec
*MTD  10 completed successfully ...        0 min,  0.088 sec
 
 ======================================
 |  Multilevel Ensemble Optimization  |
 ======================================
 Optimizing all 1176 structures from file "crest_dynamics.trj" ...
 ----------------------
 crude pre-optimization
 ----------------------
 Optimization engine: ANCOPT
 Hessian update type: BFGS
 E/G convergence criteria:  0.500E-03 Eh, 0.100E-01 Eh/a0
 maximum optimization steps: 200
 |>0.1% |>7.6% |>15.1% |>22.5% |>30.0% |>37.5% |>45.1% |>52.6% |>60.0% |>67.5% |>75.0% |>82.6% |>90.1% |>97.5% |>100.0%
 done.
> 1176 of 1176 structures successfully optimized (100.0% success)
> Total runtime for 1176 optimizations:
 * wall-time:     0 d,  0 h,  0 min,  0.148 sec
 *  cpu-time:     0 d,  0 h,  0 min,  2.356 sec
 * ratio c/w:    15.968 speedup
> Corresponding to approximately 0.000 sec per processed structure
 
CREGEN> running RMSDs ... done.
CREGEN> E lowest :    -1.39562
 159 structures remain within    12.00 kcal/mol window
 ----------------------------------
 optimization with tight thresholds
 ----------------------------------
 Optimization engine: ANCOPT
 Hessian update type: BFGS
 E/G convergence criteria:  0.100E-05 Eh, 0.800E-03 Eh/a0
 maximum optimization steps: 200
 |>0.6% |>10.1% |>20.1% |>30.2% |>40.3% |>50.3% |>60.4% |>70.4% |>80.5% |>90.6% |>100.0%
 done.
> 159 of 159 structures successfully optimized (100.0% success)
> Total runtime for 159 optimizations:
 * wall-time:     0 d,  0 h,  0 min,  0.154 sec
 *  cpu-time:     0 d,  0 h,  0 min,  2.302 sec
 * ratio c/w:    14.986 speedup
> Corresponding to approximately 0.001 sec per processed structure
 
CREGEN> running RMSDs ... done.
CREGEN> E lowest :    -1.39565
 18 structures remain within     6.00 kcal/mol window
 
========================================
           MTD Simulations done         
========================================
 Collecting ensmbles.
CREGEN> running RMSDs ... done.
CREGEN> E lowest :    -1.39565
 18 structures remain within     6.00 kcal/mol window
     H(298.15K)-H(0) (conf)      0.074099
                   Cp(conf)      0.019441
                    S(conf)      2.173597
 
******************************************************************************************
**                          I T E R A T I O N    C Y C L E      1                       **
******************************************************************************************
 -------------------------------------------
 determining bias structures via PCA/k-Means
 -------------------------------------------
 There are not enough descriptors for a PCA!
 Taking all structures as representative and writing crest_clustered.xyz
 3 structures were selected
 done.

 -----------------------------------------------
 determining MTD seed structures via PCA/k-Means
 -----------------------------------------------
 There are not enough descriptors for a PCA!
 Taking all structures as representative and writing crest_clustered.xyz
 3 structures were selected
 done.


 ==========================================================
 Static MTDs (umbrella sampling) on 3 selected conformer(s)
 ==========================================================
> Using 3 constant RMSD bias potentials per MTD
  :::::::::: starting static MTD   3 ::::::::::
  |   MD simulation time   :     2.5 ps       |
  |   target T             :   400.0 K        |
  |   timestep dt          :     1.5 fs       |
  |   dump interval(trj)   :   100.0 fs       |
  |   SHAKE algorithm      : true (all bonds) |
  |   Vbias prefactor (k)  :  0.0003 Eh       |
  |   Vbias exponent (α)   :  1.0000 bohr⁻²   |
  :::::::::: starting static MTD   1 ::::::::::
  |   MD simulation time   :     2.5 ps       |
  |   target T             :   400.0 K        |
  |   timestep dt          :     1.5 fs       |
  |   dump interval(trj)   :   100.0 fs       |
  |   SHAKE algorithm      : true (all bonds) |
  |   Vbias prefactor (k)  :  0.0003 Eh       |
  |   Vbias exponent (α)   :  1.0000 bohr⁻²   |
  :::::::::: starting static MTD   2 ::::::::::
  |   MD simulation time   :     2.5 ps       |
  |   target T             :   400.0 K        |
  |   timestep dt          :     1.5 fs       |
  |   dump interval(trj)   :   100.0 fs       |
  |   SHAKE algorithm      : true (all bonds) |
  |   Vbias prefactor (k)  :  0.0003 Eh       |
  |   Vbias exponent (α)   :  1.0000 bohr⁻²   |
*sMTD   2 completed successfully ...        0 min,  0.233 sec
*sMTD   1 completed successfully ...        0 min,  0.233 sec
*sMTD   3 completed successfully ...        0 min,  0.235 sec
 
 ======================================
 |  Multilevel Ensemble Optimization  |
 ======================================
 Optimizing all 72 structures from file "crest_rotamers_0.xyz" ...
 ----------------------
 crude pre-optimization
 ----------------------
 Optimization engine: ANCOPT
 Hessian update type: BFGS
 E/G convergence criteria:  0.500E-03 Eh, 0.100E-01 Eh/a0
 maximum optimization steps: 200
 |>1.4% |>11.1% |>20.8% |>30.6% |>40.3% |>50.0% |>61.1% |>70.8% |>80.6% |>90.3% |>100.0%
 done.
> 72 of 72 structures successfully optimized (100.0% success)
> Total runtime for 72 optimizations:
 * wall-time:     0 d,  0 h,  0 min,  0.009 sec
 *  cpu-time:     0 d,  0 h,  0 min,  0.145 sec
 * ratio c/w:    15.695 speedup
> Corresponding to approximately 0.000 sec per processed structure
 
CREGEN> running RMSDs ... done.
CREGEN> E lowest :    -1.39558
 41 structures remain within    12.00 kcal/mol window
 ---------------------------------------
 optimization with very tight thresholds
 ---------------------------------------
 Optimization engine: ANCOPT
 Hessian update type: BFGS
 E/G convergence criteria:  0.100E-06 Eh, 0.200E-03 Eh/a0
 maximum optimization steps: 200
 |>2.4% |>12.2% |>22.0% |>31.7% |>41.5% |>51.2% |>61.0% |>70.7% |>80.5% |>90.2% |>100.0%
 done.
> 41 of 41 structures successfully optimized (100.0% success)
> Total runtime for 41 optimizations:
 * wall-time:     0 d,  0 h,  0 min,  0.014 sec
 *  cpu-time:     0 d,  0 h,  0 min,  0.223 sec
 * ratio c/w:    15.848 speedup
> Corresponding to approximately 0.000 sec per processed structure
 
CREGEN> running RMSDs ... done.
CREGEN> E lowest :    -1.39565
 10 structures remain within     6.00 kcal/mol window
CREGEN> running RMSDs ... done.
CREGEN> E lowest :    -1.39565
 
 Static MTD simulation iteration 1 finished
 A total of 3 conformers (+ 0.00%) in crest_conformers.xyz
 S(approx.) =    2.173604 cal/molK (dS = 0.00%)
 Convergence w.r.t. conformers:  T
 Convergence w.r.t. entropy   :  T
 
     H(298.15K)-H(0) (conf)      0.074178
                   Cp(conf)      0.019486
                    S(conf)      2.173575


 --------------------------
 Final Ensemble Information
 --------------------------
 input  file name : crest_rotamers_2.xyz
 output file name : crest_rotamers_3.xyz
 number of atoms                :   10
 number of points on xyz files  :   28
 RMSD threshold                 :   0.1250
 Bconst threshold               :   0.0100
 population threshold           :   0.0500
 # fragment in coord            :     1
 # bonds in reference structure :     9
 number of reliable points      :    28
 sorting energy window (EWIN)   :    6.0000 / kcal*mol⁻¹
 reference state Etot           :  -1.39564554000000
 number of doubles removed by rot/RMSD         :           6
 total number unique points considered further :          22
       Erel/kcal        Etot weight/tot  conformer     set   degen     origin
       1   0.000    -1.39565    0.05272    0.31630       1       6
       2   0.109    -1.39547    0.04389    0.43119       2      10
       3   0.131    -1.39544    0.04228    0.25252       3       6
T /K                                  :   298.15
E lowest                              :    -1.39565
ensemble average energy (kcal)        :    0.085
ensemble entropy (J/mol K, cal/mol K) :   25.661    6.133
ensemble free energy (kcal/mol)       :   -1.829
population of lowest in %             :   31.630
 number of unique conformers for further calc            3
 list of relative energies saved as "crest.energies"
 compare nuclear equivalencies ...
::::::::::: conformer group all :::::::::::
 chemical equivalencies (mag.active nuclei):
reference atom   4 # : 2
reference atom   6 # : 2
reference atom   8 # : 3
 magnetic equivalencies:
reference atom   8 # : 3
 
******************************************************************************************
**                           ENSEMBLE ENTROPY CALCULATION                               **
******************************************************************************************
======================================================
 Containing 3 conformers :
     H(298.15K)-H(0) (conf)      0.074099
                   Cp(conf)      0.019441
                    S(conf)      2.173597
======================================================
 Containing 3 conformers :
     H(298.15K)-H(0) (conf)      0.074178
                   Cp(conf)      0.019486
                    S(conf)      2.173575
======================================================

 --------------------------------------
 FINAL CALCULATION OF MOLECULAR ENTROPY
 --------------------------------------
 
WARNING: Not enough blocks for extrapolation.
         Taking full ensemble entropy instead.

FINAL ENTROPY (max conf.)  :      2.17360
 
 ----------------------------------
 Frequency Calculation and Averages
 ----------------------------------
 Nconf on file      : 3
 Taken for Hessians : 3 (=100.00% total population)
 T range  /K    :   278.15   378.15
 scaling factor :          1.000000     
 rotor cutoff   :         25.000000 cm⁻¹
 imag. cutoff   :        -50.000000 cm⁻¹
 
 Running 3 calculations ...
 |>33.3% |>66.7% |>100.0%
 done.
 calculating averages for G and S ...    done.
 calculating Boltzmann weights ...       done.
 calculating reference S (bhess) ... > bhess not implemented for calculator routines
    done.
 calculating δSrrho ...                  done.
 
 Coordinates for the bhess reference structure (Ångström):
 -----------------------------------------------------------
  10
 
 C          1.2852405483       -0.2897053754       -0.0216466323
 C          0.0552252484        0.5520552044        0.0352940658
 C         -1.2484869232       -0.2533731243       -0.0253092464
 H          2.2537231392        0.1462629810       -0.2912594587
 H          1.2757888796       -1.3178323688        0.3601376389
 H          0.0546991840        1.1596168407        0.9707265506
 H          0.0744134156        1.3003232114       -0.7819788486
 H         -1.3030029288       -0.9795754547        0.8066364983
 H         -2.1318386751        0.4058539919        0.0447729888
 H         -1.3198136669       -0.8216166290       -0.9700718876
 -----------------------------------------------------------
 as read from <coord>
 Heavy-atom RMSD between lowest conformer and this reference :
 RMSD(heavy) =        0.011319 Å
 
 msRRHO(bhess) reference entropies:
      278.15         62.866044
      288.15         63.442392
      298.15         64.015849
      308.15         64.586654
      318.15         65.154983
      328.15         65.720969
      338.15         66.284702
      348.15         66.846238
      358.15         67.405606
      368.15         67.962812
      378.15         68.517846

       T/K  |S(T)|/cal/molK       |G(T)|/Eh     G_lowest/Eh    (conf)
   -----------------------------------------------------------------
    278.15    0.684931E+02    0.619731E-01       -1.333611         2
    288.15    0.691172E+02    0.608800E-01       -1.334707         2
    298.15    0.697345E+02    0.597770E-01       -1.335813         2
    308.15    0.703457E+02    0.586642E-01       -1.336929         2
    318.15    0.709511E+02    0.575417E-01       -1.338055         2
    328.15    0.715513E+02    0.564096E-01       -1.339190         2
    338.15    0.721466E+02    0.552680E-01       -1.340335         2
    348.15    0.727372E+02    0.541169E-01       -1.341489         2
    358.15    0.733235E+02    0.529565E-01       -1.342653         2
    368.15    0.739056E+02    0.517867E-01       -1.343826         2
    378.15    0.744837E+02    0.506077E-01       -1.345008         2
   -----------------------------------------------------------------
   NOTE: if |G(T)| is the averaged contributrion to the free energy.
   |G(T)| used only for the higher-energetic structures (n > 3).
   All other structures use G(T) from the respective Hessian calculations.
 
 Quantities calculated on free energies:
       T/K          δSrrho           Cp(T)     [H(T)-H(0)]
   -------------------------------------------------------
    278.15    0.562704E+01    0.697001E-02        0.039202
    288.15    0.567482E+01    0.730522E-02        0.041065
    298.15    0.571868E+01    0.761832E-02        0.042914
    308.15    0.575900E+01    0.790927E-02        0.044750
    318.15    0.579611E+01    0.817851E-02        0.046575
    328.15    0.583030E+01    0.842672E-02        0.048388
    338.15    0.586185E+01    0.865478E-02        0.050191
    348.15    0.589099E+01    0.886369E-02        0.051983
    358.15    0.591792E+01    0.905448E-02        0.053766
    368.15    0.594283E+01    0.922822E-02        0.055541
    378.15    0.596590E+01    0.938595E-02        0.057306
   -------------------------------------------------------
   NOTE: δSrrho(T) = |S(T)| - Sref(T)
 
 ----------------------
 TEMPERATURE DEPENDENCE
 ----------------------
 
 Final CONFORMATIONAL quantities at given T:
       T/K        S(total)           Cp(T)     [H(T)-H(0)]        G(total)
   -----------------------------------------------------------------------
    278.15        7.799187        0.006970        0.039202       -2.130142
    288.15        7.847728        0.007305        0.041065       -2.220258
    298.15        7.892276        0.007618        0.042914       -2.310168
    308.15        7.933215        0.007909        0.044750       -2.399870
    318.15        7.970886        0.008179        0.046575       -2.489362
    328.15        8.005593        0.008427        0.048388       -2.578647
    338.15        8.037606        0.008655        0.050191       -2.667726
    348.15        8.067166        0.008864        0.051983       -2.756601
    358.15        8.094487        0.009054        0.053766       -2.845274
    368.15        8.119761        0.009228        0.055541       -2.933750
    378.15        8.143160        0.009386        0.057306       -3.022030
   -----------------------------------------------------------------------
   S and Cp in cal/mol*K; H and G in kcal/mol
   G(total) is the ensemble free energy (H-T*S) and S(total) = S(conf,extrapol.) + δSrrho
 
 ----------------------------------------------------
 |      FINAL MOLECULAR ENTROPY AT T= 298.15 K      |
 ----------------------------------------------------
     Sconf   =          2.173597
   + δSrrho  =          5.718679
 -----------------------------------------------------
 = S(total)  =          7.892276  (cal mol⁻¹ K⁻¹)
 
   H(T)-H(0) =          0.042914
   G         =         -2.353082   (-T*S)
 -----------------------------------------------------
 = G(total)  =         -2.310168  (H-T*S) (kcal mol⁻¹)
 
   Cp(total) =          0.007618  (cal mol⁻¹ K⁻¹)
 
 
 -----------------
 Wall Time Summary
 -----------------
 CREST runtime (total)               0 d,  0 h,  0 min,  1.232 sec
 ------------------------------------------------------------------
 Trial metadynamics (MTD)   ...        0 min,  0.011 sec (  0.885%)
 Metadynamics (MTD)         ...        0 min,  0.279 sec ( 22.676%)
 Geometry optimization      ...        0 min,  0.643 sec ( 52.162%)
 Static metadynamics (sMTD) ...        0 min,  0.243 sec ( 19.733%)
 Conf. entropy evaluation   ...        0 min,  0.010 sec (  0.813%)
 I/O and setup              ...        0 min,  0.046 sec (  3.732%)
 ------------------------------------------------------------------
 * wall-time:     0 d,  0 h,  0 min,  1.232 sec
 *  cpu-time:     0 d,  0 h,  0 min,  9.750 sec
 * ratio c/w:     7.913 speedup
 ------------------------------------------------------------------
 * Total number of energy+grad calls: 98092
 
 CREST terminated normally.
