 
       ╔════════════════════════════════════════════╗
       ║            ___ ___ ___ ___ _____           ║
       ║           / __| _ \ __/ __|_   _|          ║
       ║          | (__|   / _|\__ \ | |            ║
       ║           \___|_|_\___|___/ |_|            ║
       ║                                            ║
       ║  Conformer-Rotamer Ensemble Sampling Tool  ║
       ║          based on the xTB methods          ║
       ║                                            ║
       ╚════════════════════════════════════════════╝
       Version 3.0.2, Sun Aug 25 20:02:36 UTC 2024
       commit (af7eb99) compiled by 'runner@fv-az1984-471'
 
   Cite work conducted with this code as

   • P.Pracht, F.Bohle, S.Grimme, PCCP, 2020, 22, 7169-7192.
   • S.Grimme, JCTC, 2019, 15, 2847-2862.
   • P.Pracht, S.Grimme, C.Bannwarth, F.Bohle, S.Ehlert,
     G.Feldmann, J.Gorges, M.Müller, T.Neudecker, C.Plett,
     S.Spicher, P.Steinbach, P.Wesołowski, F.Zeller,
     J. Chem. Phys., 2024, 160, 114110.

   for works involving QCG cite

   • S.Spicher, C.Plett, P.Pracht, A.Hansen, S.Grimme,
     JCTC, 2022, 18 (5), 3174-3189.
   • C.Plett, S. Grimme,
     Angew. Chem. Int. Ed. 2023, 62, e202214477.

   for works involving MECP screening cite

   • P.Pracht, C.Bannwarth, JCTC, 2022, 18 (10), 6370-6385.
 
   Original code
     P.Pracht, S.Grimme, Universität Bonn, MCTC
   with help from (alphabetical order):
     C.Bannwarth, F.Bohle, S.Ehlert, G.Feldmann, J.Gorges,
     S.Grimme, C.Plett, P.Pracht, S.Spicher, P.Steinbach,
     P.Wesolowski, F.Zeller
 
   Online documentation is available at
   https://crest-lab.github.io/crest-docs/
 
   This program is distributed in the hope that it will be useful,
   but WITHOUT ANY WARRANTY; without even the implied warranty of
   MERCHANTABILITY or FITNESS FOR A PARTICULAR PURPOSE. See the
   GNU Lesser General Public License (LGPL) for more details.

 Command line input:
 $ crest PMPVIKIVABFJJI-UHFFFAOYSA-N-1.xyz -gfnff -entropy -T 16 -chrg 0 -uhf 0

  --gfnff : Use of GFN-FF requested.
  -entropy : enhanced ensemble entropy calculation
  -T 16 (CPUs/Threads selected)
  -chrg 0
  -uhf 0
Parsing xtb-type input file bondlengths to set up calculators ...

> Setting up backup calculator ... done.
 ----------------
 Calculation info
 ----------------
> User-defined calculation level:
 : GFN-FF calculation via GFNFF lib
 :   Molecular charge    : 0
 
> User-defined constraints:
> constraint: distance atoms: 1,2
  d(AA)=     1.55228 k= 0.02000
> constraint: distance atoms: 1,4
  d(AA)=     1.55228 k= 0.02000
> constraint: distance atoms: 1,5
  d(AA)=     1.10344 k= 0.02000
> constraint: distance atoms: 1,6
  d(AA)=     1.10379 k= 0.02000
> constraint: distance atoms: 2,3
  d(AA)=     1.55228 k= 0.02000
> constraint: distance atoms: 2,7
  d(AA)=     1.10344 k= 0.02000
> constraint: distance atoms: 2,8
  d(AA)=     1.10379 k= 0.02000
> constraint: distance atoms: 3,4
  d(AA)=     1.55228 k= 0.02000
> constraint: distance atoms: 3,9
  d(AA)=     1.10379 k= 0.02000
> constraint: distance atoms: 3,10
  d(AA)=     1.10344 k= 0.02000
> constraint: distance atoms: 4,11
  d(AA)=     1.10344 k= 0.02000
> constraint: distance atoms: 4,12
  d(AA)=     1.10379 k= 0.02000
 
 
 -----------------------------
 Initial Geometry Optimization
 -----------------------------
 Geometry successfully optimized.
 
          ┍━━━━━━━━━━━━━━━━━━━━━━━━━━━━━━━━━━━━━━━━━━━━━━━━━┑
          │              CREST ENTROPY SAMPLING             │
          ┕━━━━━━━━━━━━━━━━━━━━━━━━━━━━━━━━━━━━━━━━━━━━━━━━━┙
 
 please cite:
 • P.Pracht, S.Grimme, Chem. Sci., 2021, 12, 6551-6568.
 • J.Gorges, S.Grimme, A.Hansen, P.Pracht, PCCP, 2022,24, 12249-12259.
 
 Input structure:
  12
 
 C         -0.0004512024        1.0844443122        0.1109026435
 C          1.0844194797        0.0004569998       -0.1109023417
 C          0.0004592938       -1.0844231425        0.1109104235
 C         -1.0843936740       -0.0004521557       -0.1109119912
 H         -0.0008130586        1.8927069404       -0.6355696920
 H         -0.0006491698        1.5016031667        1.1279419981
 H          1.8927172562        0.0007456432        0.6355849074
 H          1.5015744298        0.0006515086       -1.1279555070
 H          0.0006492994       -1.5015790207        1.1279515729
 H          0.0007432223       -1.8927002126       -0.6355754440
 H         -1.8927043513       -0.0008057176        0.6355877970
 H         -1.5015515250       -0.0006483218       -1.1279643663
 
 ------------------------------------------------
 Generating MTD length from a flexibility measure
 ------------------------------------------------
 Calculating GFN0-xTB WBOs   ... done.
 Calculating NCI flexibility ... done.
     covalent flexibility measure :   0.104
 non-covalent flexibility measure :   0.876
 flexibility measure :   0.193
 t(MTD) / ps    :     5.0
 Σ(t(MTD)) / ps :   120.0 (24 MTDs)
 
 -----------------------------------
 Starting trial MTD to test settings
 -----------------------------------
 Trial MTD 1 runtime (1.0 ps) ...        0 min,  0.018 sec
 Estimated runtime for one MTD (5.0 ps) on a single thread: 0 sec
 Estimated runtime for a batch of 24 MTDs on 16 threads: 0 sec
 
******************************************************************************************
**                         N E W   I T E R A T I O N  C Y C L E                         **
******************************************************************************************
 
 ------------------------------
 Meta-Dynamics Iteration 1
 ------------------------------
 list of applied metadynamics Vbias parameters:
$metadyn    0.09000   1.618
$metadyn    0.04500   1.618
$metadyn    0.02250   1.618
$metadyn    0.01125   1.618
$metadyn    0.09000   1.000
$metadyn    0.04500   1.000
$metadyn    0.02250   1.000
$metadyn    0.01125   1.000
$metadyn    0.09000   0.618
$metadyn    0.04500   0.618
$metadyn    0.02250   0.618
$metadyn    0.01125   0.618
$metadyn    0.09000   0.382
$metadyn    0.04500   0.382
$metadyn    0.02250   0.382
$metadyn    0.01125   0.382
$metadyn    0.09000   0.236
$metadyn    0.04500   0.236
$metadyn    0.02250   0.236
$metadyn    0.01125   0.236
$metadyn    0.09000   0.146
$metadyn    0.04500   0.146
$metadyn    0.02250   0.146
$metadyn    0.01125   0.146
 
  ::::::::::::: starting MTD    1 :::::::::::::
  |   MD simulation time   :     5.0 ps       |
  |   target T             :   300.0 K        |
  |   timestep dt          :     1.5 fs       |
  |   dump interval(trj)   :   100.0 fs       |
  |   SHAKE algorithm      : true (all bonds) |
  |   dump interval(Vbias) :    1.00 ps       |
  |   Vbias prefactor (k)  :  0.0900 Eh       |
  |   Vbias exponent (α)   :  1.6180 bohr⁻²   |
  ::::::::::::: starting MTD   21 :::::::::::::
  |   MD simulation time   :     5.0 ps       |
  |   target T             :   300.0 K        |
  |   timestep dt          :     1.5 fs       |
  |   dump interval(trj)   :   100.0 fs       |
  |   SHAKE algorithm      : true (all bonds) |
  |   dump interval(Vbias) :    1.00 ps       |
  |   Vbias prefactor (k)  :  0.0900 Eh       |
  |   Vbias exponent (α)   :  0.1459 bohr⁻²   |
  ::::::::::::: starting MTD   24 :::::::::::::
  |   MD simulation time   :     5.0 ps       |
  |   target T             :   300.0 K        |
  |   timestep dt          :     1.5 fs       |
  |   dump interval(trj)   :   100.0 fs       |
  |   SHAKE algorithm      : true (all bonds) |
  |   dump interval(Vbias) :    1.00 ps       |
  |   Vbias prefactor (k)  :  0.0112 Eh       |
  |   Vbias exponent (α)   :  0.1459 bohr⁻²   |
  ::::::::::::: starting MTD   17 :::::::::::::
  |   MD simulation time   :     5.0 ps       |
  |   target T             :   300.0 K        |
  |   timestep dt          :     1.5 fs       |
  |   dump interval(trj)   :   100.0 fs       |
  |   SHAKE algorithm      : true (all bonds) |
  |   dump interval(Vbias) :    1.00 ps       |
  |   Vbias prefactor (k)  :  0.0900 Eh       |
  |   Vbias exponent (α)   :  0.2361 bohr⁻²   |
  ::::::::::::: starting MTD   19 :::::::::::::
  |   MD simulation time   :     5.0 ps       |
  |   target T             :   300.0 K        |
  |   timestep dt          :     1.5 fs       |
  |   dump interval(trj)   :   100.0 fs       |
  |   SHAKE algorithm      : true (all bonds) |
  |   dump interval(Vbias) :    1.00 ps       |
  |   Vbias prefactor (k)  :  0.0225 Eh       |
  |   Vbias exponent (α)   :  0.2361 bohr⁻²   |
  ::::::::::::: starting MTD   23 :::::::::::::
  |   MD simulation time   :     5.0 ps       |
  |   target T             :   300.0 K        |
  |   timestep dt          :     1.5 fs       |
  |   dump interval(trj)   :   100.0 fs       |
  |   SHAKE algorithm      : true (all bonds) |
  |   dump interval(Vbias) :    1.00 ps       |
  |   Vbias prefactor (k)  :  0.0225 Eh       |
  |   Vbias exponent (α)   :  0.1459 bohr⁻²   |
  ::::::::::::: starting MTD   20 :::::::::::::
  |   MD simulation time   :     5.0 ps       |
  |   target T             :   300.0 K        |
  |   timestep dt          :     1.5 fs       |
  |   dump interval(trj)   :   100.0 fs       |
  |   SHAKE algorithm      : true (all bonds) |
  |   dump interval(Vbias) :    1.00 ps       |
  |   Vbias prefactor (k)  :  0.0112 Eh       |
  |   Vbias exponent (α)   :  0.2361 bohr⁻²   |
  ::::::::::::: starting MTD    5 :::::::::::::
  |   MD simulation time   :     5.0 ps       |
  |   target T             :   300.0 K        |
  |   timestep dt          :     1.5 fs       |
  |   dump interval(trj)   :   100.0 fs       |
  |   SHAKE algorithm      : true (all bonds) |
  |   dump interval(Vbias) :    1.00 ps       |
  |   Vbias prefactor (k)  :  0.0900 Eh       |
  |   Vbias exponent (α)   :  1.0000 bohr⁻²   |
  ::::::::::::: starting MTD    7 :::::::::::::
  |   MD simulation time   :     5.0 ps       |
  |   target T             :   300.0 K        |
  |   timestep dt          :     1.5 fs       |
  |   dump interval(trj)   :   100.0 fs       |
  |   SHAKE algorithm      : true (all bonds) |
  |   dump interval(Vbias) :    1.00 ps       |
  |   Vbias prefactor (k)  :  0.0225 Eh       |
  |   Vbias exponent (α)   :  1.0000 bohr⁻²   |
  ::::::::::::: starting MTD   22 :::::::::::::
  |   MD simulation time   :     5.0 ps       |
  |   target T             :   300.0 K        |
  |   timestep dt          :     1.5 fs       |
  |   dump interval(trj)   :   100.0 fs       |
  |   SHAKE algorithm      : true (all bonds) |
  |   dump interval(Vbias) :    1.00 ps       |
  |   Vbias prefactor (k)  :  0.0450 Eh       |
  |   Vbias exponent (α)   :  0.1459 bohr⁻²   |
  ::::::::::::: starting MTD   18 :::::::::::::
  |   MD simulation time   :     5.0 ps       |
  |   target T             :   300.0 K        |
  |   timestep dt          :     1.5 fs       |
  |   dump interval(trj)   :   100.0 fs       |
  |   SHAKE algorithm      : true (all bonds) |
  |   dump interval(Vbias) :    1.00 ps       |
  |   Vbias prefactor (k)  :  0.0450 Eh       |
  |   Vbias exponent (α)   :  0.2361 bohr⁻²   |
  ::::::::::::: starting MTD    3 :::::::::::::
  |   MD simulation time   :     5.0 ps       |
  |   target T             :   300.0 K        |
  |   timestep dt          :     1.5 fs       |
  |   dump interval(trj)   :   100.0 fs       |
  |   SHAKE algorithm      : true (all bonds) |
  |   dump interval(Vbias) :    1.00 ps       |
  |   Vbias prefactor (k)  :  0.0225 Eh       |
  |   Vbias exponent (α)   :  1.6180 bohr⁻²   |
  ::::::::::::: starting MTD    9 :::::::::::::
  |   MD simulation time   :     5.0 ps       |
  |   target T             :   300.0 K        |
  |   timestep dt          :     1.5 fs       |
  |   dump interval(trj)   :   100.0 fs       |
  |   SHAKE algorithm      : true (all bonds) |
  |   dump interval(Vbias) :    1.00 ps       |
  |   Vbias prefactor (k)  :  0.0900 Eh       |
  |   Vbias exponent (α)   :  0.6180 bohr⁻²   |
  ::::::::::::: starting MTD   13 :::::::::::::
  |   MD simulation time   :     5.0 ps       |
  |   target T             :   300.0 K        |
  |   timestep dt          :     1.5 fs       |
  |   dump interval(trj)   :   100.0 fs       |
  |   SHAKE algorithm      : true (all bonds) |
  |   dump interval(Vbias) :    1.00 ps       |
  |   Vbias prefactor (k)  :  0.0900 Eh       |
  |   Vbias exponent (α)   :  0.3820 bohr⁻²   |
  ::::::::::::: starting MTD   11 :::::::::::::
  |   MD simulation time   :     5.0 ps       |
  |   target T             :   300.0 K        |
  |   timestep dt          :     1.5 fs       |
  |   dump interval(trj)   :   100.0 fs       |
  |   SHAKE algorithm      : true (all bonds) |
  |   dump interval(Vbias) :    1.00 ps       |
  |   Vbias prefactor (k)  :  0.0225 Eh       |
  |   Vbias exponent (α)   :  0.6180 bohr⁻²   |
  ::::::::::::: starting MTD   15 :::::::::::::
  |   MD simulation time   :     5.0 ps       |
  |   target T             :   300.0 K        |
  |   timestep dt          :     1.5 fs       |
  |   dump interval(trj)   :   100.0 fs       |
  |   SHAKE algorithm      : true (all bonds) |
  |   dump interval(Vbias) :    1.00 ps       |
  |   Vbias prefactor (k)  :  0.0225 Eh       |
  |   Vbias exponent (α)   :  0.3820 bohr⁻²   |
*MTD  24 completed successfully ...        0 min,  0.213 sec
*MTD  21 completed successfully ...        0 min,  0.214 sec
*MTD  19 completed successfully ...        0 min,  0.214 sec
*MTD  11 completed successfully ...        0 min,  0.214 sec
  ::::::::::::: starting MTD   12 :::::::::::::
  |   MD simulation time   :     5.0 ps       |
  |   target T             :   300.0 K        |
  |   timestep dt          :     1.5 fs       |
  |   dump interval(trj)   :   100.0 fs       |
  |   SHAKE algorithm      : true (all bonds) |
  |   dump interval(Vbias) :    1.00 ps       |
  |   Vbias prefactor (k)  :  0.0112 Eh       |
  |   Vbias exponent (α)   :  0.6180 bohr⁻²   |
*MTD  17 completed successfully ...        0 min,  0.215 sec
*MTD  20 completed successfully ...        0 min,  0.215 sec
*MTD  22 completed successfully ...        0 min,  0.215 sec
*MTD  13 completed successfully ...        0 min,  0.215 sec
  ::::::::::::: starting MTD   14 :::::::::::::
  |   MD simulation time   :     5.0 ps       |
  |   target T             :   300.0 K        |
  |   timestep dt          :     1.5 fs       |
  |   dump interval(trj)   :   100.0 fs       |
  |   SHAKE algorithm      : true (all bonds) |
  |   dump interval(Vbias) :    1.00 ps       |
  |   Vbias prefactor (k)  :  0.0450 Eh       |
  |   Vbias exponent (α)   :  0.3820 bohr⁻²   |
*MTD   3 completed successfully ...        0 min,  0.215 sec
  ::::::::::::: starting MTD    4 :::::::::::::
  |   MD simulation time   :     5.0 ps       |
  |   target T             :   300.0 K        |
  |   timestep dt          :     1.5 fs       |
  |   dump interval(trj)   :   100.0 fs       |
  |   SHAKE algorithm      : true (all bonds) |
  |   dump interval(Vbias) :    1.00 ps       |
  |   Vbias prefactor (k)  :  0.0112 Eh       |
  |   Vbias exponent (α)   :  1.6180 bohr⁻²   |
*MTD  15 completed successfully ...        0 min,  0.215 sec
  ::::::::::::: starting MTD   16 :::::::::::::
  |   MD simulation time   :     5.0 ps       |
  |   target T             :   300.0 K        |
  |   timestep dt          :     1.5 fs       |
  |   dump interval(trj)   :   100.0 fs       |
  |   SHAKE algorithm      : true (all bonds) |
  |   dump interval(Vbias) :    1.00 ps       |
  |   Vbias prefactor (k)  :  0.0112 Eh       |
  |   Vbias exponent (α)   :  0.3820 bohr⁻²   |
*MTD  23 completed successfully ...        0 min,  0.215 sec
*MTD   7 completed successfully ...        0 min,  0.215 sec
  ::::::::::::: starting MTD    8 :::::::::::::
  |   MD simulation time   :     5.0 ps       |
  |   target T             :   300.0 K        |
  |   timestep dt          :     1.5 fs       |
  |   dump interval(trj)   :   100.0 fs       |
  |   SHAKE algorithm      : true (all bonds) |
  |   dump interval(Vbias) :    1.00 ps       |
  |   Vbias prefactor (k)  :  0.0112 Eh       |
  |   Vbias exponent (α)   :  1.0000 bohr⁻²   |
*MTD   9 completed successfully ...        0 min,  0.215 sec
*MTD   1 completed successfully ...        0 min,  0.215 sec
  ::::::::::::: starting MTD   10 :::::::::::::
  |   MD simulation time   :     5.0 ps       |
  |   target T             :   300.0 K        |
  |   timestep dt          :     1.5 fs       |
  |   dump interval(trj)   :   100.0 fs       |
  |   SHAKE algorithm      : true (all bonds) |
  |   dump interval(Vbias) :    1.00 ps       |
  |   Vbias prefactor (k)  :  0.0450 Eh       |
  |   Vbias exponent (α)   :  0.6180 bohr⁻²   |
  ::::::::::::: starting MTD    2 :::::::::::::
  |   MD simulation time   :     5.0 ps       |
  |   target T             :   300.0 K        |
  |   timestep dt          :     1.5 fs       |
  |   dump interval(trj)   :   100.0 fs       |
  |   SHAKE algorithm      : true (all bonds) |
  |   dump interval(Vbias) :    1.00 ps       |
  |   Vbias prefactor (k)  :  0.0450 Eh       |
  |   Vbias exponent (α)   :  1.6180 bohr⁻²   |
*MTD  18 completed successfully ...        0 min,  0.216 sec
*MTD   5 completed successfully ...        0 min,  0.216 sec
  ::::::::::::: starting MTD    6 :::::::::::::
  |   MD simulation time   :     5.0 ps       |
  |   target T             :   300.0 K        |
  |   timestep dt          :     1.5 fs       |
  |   dump interval(trj)   :   100.0 fs       |
  |   SHAKE algorithm      : true (all bonds) |
  |   dump interval(Vbias) :    1.00 ps       |
  |   Vbias prefactor (k)  :  0.0450 Eh       |
  |   Vbias exponent (α)   :  1.0000 bohr⁻²   |
*MTD   4 completed successfully ...        0 min,  0.096 sec
*MTD  12 completed successfully ...        0 min,  0.097 sec
*MTD  14 completed successfully ...        0 min,  0.096 sec
*MTD  16 completed successfully ...        0 min,  0.097 sec
*MTD  10 completed successfully ...        0 min,  0.097 sec
*MTD   2 completed successfully ...        0 min,  0.097 sec
*MTD   8 completed successfully ...        0 min,  0.110 sec
*MTD   6 completed successfully ...        0 min,  0.110 sec
 
 ======================================
 |  Multilevel Ensemble Optimization  |
 ======================================
 Optimizing all 1176 structures from file "crest_dynamics.trj" ...
 ----------------------
 crude pre-optimization
 ----------------------
 Optimization engine: ANCOPT
 Hessian update type: BFGS
 E/G convergence criteria:  0.500E-03 Eh, 0.100E-01 Eh/a0
 maximum optimization steps: 200
 |>0.1% |>7.6% |>15.1% |>22.5% |>30.0% |>37.5% |>45.1% |>52.6% |>60.0% |>67.5% |>75.0% |>82.6% |>90.1% |>97.5% |>100.0%
 done.
> 1176 of 1176 structures successfully optimized (100.0% success)
> Total runtime for 1176 optimizations:
 * wall-time:     0 d,  0 h,  0 min,  0.272 sec
 *  cpu-time:     0 d,  0 h,  0 min,  4.346 sec
 * ratio c/w:    15.991 speedup
> Corresponding to approximately 0.000 sec per processed structure
 
CREGEN> running RMSDs ... done.
CREGEN> E lowest :    -1.78781
 15 structures remain within    12.00 kcal/mol window
 ----------------------------------
 optimization with tight thresholds
 ----------------------------------
 Optimization engine: ANCOPT
 Hessian update type: BFGS
 E/G convergence criteria:  0.100E-05 Eh, 0.800E-03 Eh/a0
 maximum optimization steps: 200
 |>6.7% |>13.3% |>20.0% |>33.3% |>40.0% |>53.3% |>60.0% |>73.3% |>80.0% |>93.3% |>100.0%
 done.
> 15 of 15 structures successfully optimized (100.0% success)
> Total runtime for 15 optimizations:
 * wall-time:     0 d,  0 h,  0 min,  0.004 sec
 *  cpu-time:     0 d,  0 h,  0 min,  0.063 sec
 * ratio c/w:    14.876 speedup
> Corresponding to approximately 0.000 sec per processed structure
 
CREGEN> running RMSDs ... done.
CREGEN> E lowest :    -1.78782
 7 structures remain within     6.00 kcal/mol window
 
========================================
           MTD Simulations done         
========================================
 Collecting ensmbles.
CREGEN> running RMSDs ... done.
CREGEN> E lowest :    -1.78782
 7 structures remain within     6.00 kcal/mol window
     H(298.15K)-H(0) (conf)      0.000000
                   Cp(conf)      0.000000
                    S(conf)      1.377425
 
******************************************************************************************
**                          I T E R A T I O N    C Y C L E      1                       **
******************************************************************************************
 -------------------------------------------
 determining bias structures via PCA/k-Means
 -------------------------------------------
 1 structures were selected
 done.

 -----------------------------------------------
 determining MTD seed structures via PCA/k-Means
 -----------------------------------------------
 1 structures were selected
 done.


 ==========================================================
 Static MTDs (umbrella sampling) on 1 selected conformer(s)
 ==========================================================
> Using 1 constant RMSD bias potentials per MTD
  :::::::::: starting static MTD   1 ::::::::::
  |   MD simulation time   :     2.5 ps       |
  |   target T             :   400.0 K        |
  |   timestep dt          :     1.5 fs       |
  |   dump interval(trj)   :   100.0 fs       |
  |   SHAKE algorithm      : true (all bonds) |
  |   Vbias prefactor (k)  :  0.0004 Eh       |
  |   Vbias exponent (α)   :  1.0000 bohr⁻²   |
*sMTD   1 completed successfully ...        0 min,  0.351 sec
 
 ======================================
 |  Multilevel Ensemble Optimization  |
 ======================================
 Optimizing all 24 structures from file "crest_rotamers_0.xyz" ...
 ----------------------
 crude pre-optimization
 ----------------------
 Optimization engine: ANCOPT
 Hessian update type: BFGS
 E/G convergence criteria:  0.500E-03 Eh, 0.100E-01 Eh/a0
 maximum optimization steps: 200
 |>4.2% |>12.5% |>20.8% |>33.3% |>41.7% |>50.0% |>62.5% |>70.8% |>83.3% |>91.7% |>100.0%
 done.
> 24 of 24 structures successfully optimized (100.0% success)
> Total runtime for 24 optimizations:
 * wall-time:     0 d,  0 h,  0 min,  0.008 sec
 *  cpu-time:     0 d,  0 h,  0 min,  0.127 sec
 * ratio c/w:    15.937 speedup
> Corresponding to approximately 0.000 sec per processed structure
 
CREGEN> running RMSDs ... done.
CREGEN> E lowest :    -1.78781
 1 structures remain within    12.00 kcal/mol window
 ---------------------------------------
 optimization with very tight thresholds
 ---------------------------------------
 Optimization engine: ANCOPT
 Hessian update type: BFGS
 E/G convergence criteria:  0.100E-06 Eh, 0.200E-03 Eh/a0
 maximum optimization steps: 200
 |>100.0%
 done.
> 1 of 1 structures successfully optimized (100.0% success)
> Total runtime for 1 optimizations:
 * wall-time:     0 d,  0 h,  0 min,  0.003 sec
 *  cpu-time:     0 d,  0 h,  0 min,  0.006 sec
 * ratio c/w:     2.209 speedup
> Corresponding to approximately 0.003 sec per processed structure
 
CREGEN> running RMSDs ... done.
CREGEN> E lowest :    -1.78782
 1 structures remain within     6.00 kcal/mol window
CREGEN> running RMSDs ... done.
CREGEN> E lowest :    -1.78782
 
 Static MTD simulation iteration 1 finished
 A total of 1 conformers (+ 0.00%) in crest_conformers.xyz
 S(approx.) =   -0.000000 cal/molK (dS = 0.00%)
 Convergence w.r.t. conformers:  T
 Convergence w.r.t. entropy   :  T
 
     H(298.15K)-H(0) (conf)      0.000000
                   Cp(conf)      0.000000
                    S(conf)      1.377425


 --------------------------
 Final Ensemble Information
 --------------------------
 input  file name : crest_rotamers_2.xyz
 output file name : crest_rotamers_3.xyz
 number of atoms                :   12
 number of points on xyz files  :   8
 RMSD threshold                 :   0.1250
 Bconst threshold               :   0.0100
 population threshold           :   0.0500
 # fragment in coord            :     1
 # bonds in reference structure :    12
 number of reliable points      :     8
 sorting energy window (EWIN)   :    6.0000 / kcal*mol⁻¹
 reference state Etot           :  -1.78781546000000
 number of doubles removed by rot/RMSD         :           1
 total number unique points considered further :           7
       Erel/kcal        Etot weight/tot  conformer     set   degen     origin
       1   0.000    -1.78782    0.14287    1.00000       1       7
T /K                                  :   298.15
E lowest                              :    -1.78782
ensemble average energy (kcal)        :    0.000
ensemble entropy (J/mol K, cal/mol K) :   16.179    3.867
ensemble free energy (kcal/mol)       :   -1.153
population of lowest in %             :  100.000
 number of unique conformers for further calc            1
 list of relative energies saved as "crest.energies"
 compare nuclear equivalencies ...
::::::::::: conformer group all :::::::::::
 chemical equivalencies (mag.active nuclei):
reference atom   5 # : 8
 magnetic equivalencies:
reference atom   5 # : 8
 
******************************************************************************************
**                           ENSEMBLE ENTROPY CALCULATION                               **
******************************************************************************************
======================================================
 Containing 1 conformers :
     H(298.15K)-H(0) (conf)      0.000000
                   Cp(conf)      0.000000
                    S(conf)      1.377425
======================================================
 Containing 1 conformers :
     H(298.15K)-H(0) (conf)      0.000000
                   Cp(conf)      0.000000
                    S(conf)      1.377425
======================================================

 --------------------------------------
 FINAL CALCULATION OF MOLECULAR ENTROPY
 --------------------------------------
 
WARNING: Not enough blocks for extrapolation.
         Taking full ensemble entropy instead.

FINAL ENTROPY (max conf.)  :      1.37743
 
 ----------------------------------
 Frequency Calculation and Averages
 ----------------------------------
 Nconf on file      : 1
 Taken for Hessians : 1 (=100.00% total population)
 T range  /K    :   278.15   378.15
 scaling factor :          1.000000     
 rotor cutoff   :         25.000000 cm⁻¹
 imag. cutoff   :        -50.000000 cm⁻¹
 
 Running 1 calculations ...
 |>100.0%
 done.
 calculating averages for G and S ...    done.
 calculating Boltzmann weights ...       done.
 calculating reference S (bhess) ... > bhess not implemented for calculator routines
    done.
 calculating δSrrho ...                  done.
 
 Coordinates for the bhess reference structure (Ångström):
 -----------------------------------------------------------
  12
 
 C         -0.0004545181        1.0852979048        0.1160150000
 C          1.0852979048        0.0004545181       -0.1160150000
 C          0.0004545181       -1.0852979048        0.1160150000
 C         -1.0852979048       -0.0004545181       -0.1160150000
 H         -0.0008207385        1.9597588281       -0.5569670000
 H         -0.0006070058        1.4494078729        1.1580180000
 H          1.9597588281        0.0008207385        0.5569670000
 H          1.4494078729        0.0006070058       -1.1580180000
 H          0.0006070058       -1.4494078729        1.1580180000
 H          0.0008207385       -1.9597588281       -0.5569670000
 H         -1.9597588281       -0.0008207385        0.5569670000
 H         -1.4494078729       -0.0006070058       -1.1580180000
 -----------------------------------------------------------
 as read from <coord>
 Heavy-atom RMSD between lowest conformer and this reference :
 RMSD(heavy) =        0.225842 Å
 
 msRRHO(bhess) reference entropies:
      278.15         61.402206
      288.15         61.986671
      298.15         62.575380
      308.15         63.168277
      318.15         63.765217
      328.15         64.365983
      338.15         64.970307
      348.15         65.577881
      358.15         66.188374
      368.15         66.801436
      378.15         67.416712

       T/K  |S(T)|/cal/molK       |G(T)|/Eh     G_lowest/Eh    (conf)
   -----------------------------------------------------------------
    278.15    0.616832E+02    0.842473E-01       -1.703568         1
    288.15    0.622659E+02    0.832597E-01       -1.704556         1
    298.15    0.628526E+02    0.822628E-01       -1.705553         1
    308.15    0.634434E+02    0.812565E-01       -1.706559         1
    318.15    0.640383E+02    0.802408E-01       -1.707575         1
    328.15    0.646369E+02    0.792155E-01       -1.708600         1
    338.15    0.652391E+02    0.781807E-01       -1.709635         1
    348.15    0.658446E+02    0.771363E-01       -1.710679         1
    358.15    0.664530E+02    0.760822E-01       -1.711733         1
    368.15    0.670641E+02    0.750184E-01       -1.712797         1
    378.15    0.676775E+02    0.739448E-01       -1.713871         1
   -----------------------------------------------------------------
   NOTE: if |G(T)| is the averaged contributrion to the free energy.
   |G(T)| used only for the higher-energetic structures (n > 1).
   All other structures use G(T) from the respective Hessian calculations.
 
 Quantities calculated on free energies:
       T/K          δSrrho           Cp(T)     [H(T)-H(0)]
   -------------------------------------------------------
    278.15    0.280997E+00    0.000000E+00        0.000000
    288.15    0.279186E+00    0.000000E+00        0.000000
    298.15    0.277222E+00    0.000000E+00        0.000000
    308.15    0.275159E+00    0.000000E+00        0.000000
    318.15    0.273043E+00    0.000000E+00        0.000000
    328.15    0.270909E+00    0.000000E+00        0.000000
    338.15    0.268787E+00    0.000000E+00        0.000000
    348.15    0.266697E+00    0.000000E+00        0.000000
    358.15    0.264658E+00    0.000000E+00        0.000000
    368.15    0.262680E+00    0.000000E+00        0.000000
    378.15    0.260773E+00    0.000000E+00        0.000000
   -------------------------------------------------------
   NOTE: δSrrho(T) = |S(T)| - Sref(T)
 
 ----------------------
 TEMPERATURE DEPENDENCE
 ----------------------
 
 Final CONFORMATIONAL quantities at given T:
       T/K        S(total)           Cp(T)     [H(T)-H(0)]        G(total)
   -----------------------------------------------------------------------
    278.15        1.658422        0.000000        0.000000       -0.461290
    288.15        1.656611        0.000000        0.000000       -0.477353
    298.15        1.654647        0.000000        0.000000       -0.493333
    308.15        1.652584        0.000000        0.000000       -0.509244
    318.15        1.650468        0.000000        0.000000       -0.525096
    328.15        1.648334        0.000000        0.000000       -0.540901
    338.15        1.646212        0.000000        0.000000       -0.556667
    348.15        1.644122        0.000000        0.000000       -0.572401
    358.15        1.642083        0.000000        0.000000       -0.588112
    368.15        1.640105        0.000000        0.000000       -0.603805
    378.15        1.638198        0.000000        0.000000       -0.619484
   -----------------------------------------------------------------------
   S and Cp in cal/mol*K; H and G in kcal/mol
   G(total) is the ensemble free energy (H-T*S) and S(total) = S(conf,extrapol.) + δSrrho
 
 ----------------------------------------------------
 |      FINAL MOLECULAR ENTROPY AT T= 298.15 K      |
 ----------------------------------------------------
     Sconf   =          1.377425
   + δSrrho  =          0.277222
 -----------------------------------------------------
 = S(total)  =          1.654647  (cal mol⁻¹ K⁻¹)
 
   H(T)-H(0) =          0.000000
   G         =         -0.493333   (-T*S)
 -----------------------------------------------------
 = G(total)  =         -0.493333  (H-T*S) (kcal mol⁻¹)
 
   Cp(total) =          0.000000  (cal mol⁻¹ K⁻¹)
 
 
 -----------------
 Wall Time Summary
 -----------------
 CREST runtime (total)               0 d,  0 h,  0 min,  1.378 sec
 ------------------------------------------------------------------
 Trial metadynamics (MTD)   ...        0 min,  0.019 sec (  1.383%)
 Metadynamics (MTD)         ...        0 min,  0.386 sec ( 27.987%)
 Geometry optimization      ...        0 min,  0.563 sec ( 40.824%)
 Static metadynamics (sMTD) ...        0 min,  0.357 sec ( 25.929%)
 Conf. entropy evaluation   ...        0 min,  0.006 sec (  0.467%)
 I/O and setup              ...        0 min,  0.047 sec (  3.411%)
 ------------------------------------------------------------------
 * wall-time:     0 d,  0 h,  0 min,  1.378 sec
 *  cpu-time:     0 d,  0 h,  0 min, 11.077 sec
 * ratio c/w:     8.037 speedup
 ------------------------------------------------------------------
 * Total number of energy+grad calls: 89860
 
 CREST terminated normally.
