 
       ╔════════════════════════════════════════════╗
       ║            ___ ___ ___ ___ _____           ║
       ║           / __| _ \ __/ __|_   _|          ║
       ║          | (__|   / _|\__ \ | |            ║
       ║           \___|_|_\___|___/ |_|            ║
       ║                                            ║
       ║  Conformer-Rotamer Ensemble Sampling Tool  ║
       ║          based on the xTB methods          ║
       ║                                            ║
       ╚════════════════════════════════════════════╝
       Version 3.0.2, Sun Aug 25 20:02:36 UTC 2024
       commit (af7eb99) compiled by 'runner@fv-az1984-471'
 
   Cite work conducted with this code as

   • P.Pracht, F.Bohle, S.Grimme, PCCP, 2020, 22, 7169-7192.
   • S.Grimme, JCTC, 2019, 15, 2847-2862.
   • P.Pracht, S.Grimme, C.Bannwarth, F.Bohle, S.Ehlert,
     G.Feldmann, J.Gorges, M.Müller, T.Neudecker, C.Plett,
     S.Spicher, P.Steinbach, P.Wesołowski, F.Zeller,
     J. Chem. Phys., 2024, 160, 114110.

   for works involving QCG cite

   • S.Spicher, C.Plett, P.Pracht, A.Hansen, S.Grimme,
     JCTC, 2022, 18 (5), 3174-3189.
   • C.Plett, S. Grimme,
     Angew. Chem. Int. Ed. 2023, 62, e202214477.

   for works involving MECP screening cite

   • P.Pracht, C.Bannwarth, JCTC, 2022, 18 (10), 6370-6385.
 
   Original code
     P.Pracht, S.Grimme, Universität Bonn, MCTC
   with help from (alphabetical order):
     C.Bannwarth, F.Bohle, S.Ehlert, G.Feldmann, J.Gorges,
     S.Grimme, C.Plett, P.Pracht, S.Spicher, P.Steinbach,
     P.Wesolowski, F.Zeller
 
   Online documentation is available at
   https://crest-lab.github.io/crest-docs/
 
   This program is distributed in the hope that it will be useful,
   but WITHOUT ANY WARRANTY; without even the implied warranty of
   MERCHANTABILITY or FITNESS FOR A PARTICULAR PURPOSE. See the
   GNU Lesser General Public License (LGPL) for more details.

 Command line input:
 $ crest QUPDWYMUPZLYJZ-UHFFFAOYSA-N-2.xyz -gfnff -entropy -T 16 -chrg 0 -uhf 1

  --gfnff : Use of GFN-FF requested.
  -entropy : enhanced ensemble entropy calculation
  -T 16 (CPUs/Threads selected)
  -chrg 0
  -uhf 1
Parsing xtb-type input file bondlengths to set up calculators ...

> Setting up backup calculator ... done.
 ----------------
 Calculation info
 ----------------
> User-defined calculation level:
 : GFN-FF calculation via GFNFF lib
 :   Molecular charge    : 0
 :   UHF parameter       : 1
 
> User-defined constraints:
> constraint: distance atoms: 1,2
  d(AA)=     1.48915 k= 0.02000
> constraint: distance atoms: 1,3
  d(AA)=     1.09575 k= 0.02000
> constraint: distance atoms: 1,4
  d(AA)=     1.09575 k= 0.02000
> constraint: distance atoms: 2,5
  d(AA)=     1.10608 k= 0.02000
> constraint: distance atoms: 2,6
  d(AA)=     1.10608 k= 0.02000
> constraint: distance atoms: 2,7
  d(AA)=     1.11472 k= 0.02000
 
 
 -----------------------------
 Initial Geometry Optimization
 -----------------------------
 Geometry successfully optimized.
 
          ┍━━━━━━━━━━━━━━━━━━━━━━━━━━━━━━━━━━━━━━━━━━━━━━━━━┑
          │              CREST ENTROPY SAMPLING             │
          ┕━━━━━━━━━━━━━━━━━━━━━━━━━━━━━━━━━━━━━━━━━━━━━━━━━┙
 
 please cite:
 • P.Pracht, S.Grimme, Chem. Sci., 2021, 12, 6551-6568.
 • J.Gorges, S.Grimme, A.Hansen, P.Pracht, PCCP, 2022,24, 12249-12259.
 
 Input structure:
  7
 
 C         -0.7576070474       -0.0000000002        0.0177963118
 C          0.7109439735       -0.0000000006        0.0111520626
 H         -1.3189577885        0.9146538533        0.0470630982
 H         -1.3189577902       -0.9146538533        0.0470630970
 H          1.1138543073        0.8799490922       -0.4997821745
 H          1.1138543086       -0.8799490919       -0.4997821736
 H          1.1143271243        0.0000000004        1.0290661037
 
 ------------------------------------------------
 Generating MTD length from a flexibility measure
 ------------------------------------------------
 Calculating GFN0-xTB WBOs   ... done.
 Calculating NCI flexibility ... done.
     covalent flexibility measure :   0.000
 non-covalent flexibility measure :   0.931
 flexibility measure :   0.000
 t(MTD) / ps    :     5.0
 Σ(t(MTD)) / ps :   120.0 (24 MTDs)
 
 -----------------------------------
 Starting trial MTD to test settings
 -----------------------------------
 Trial MTD 1 runtime (1.0 ps) ...        0 min,  0.012 sec
 Estimated runtime for one MTD (5.0 ps) on a single thread: 0 sec
 Estimated runtime for a batch of 24 MTDs on 16 threads: 0 sec
 
******************************************************************************************
**                         N E W   I T E R A T I O N  C Y C L E                         **
******************************************************************************************
 
 ------------------------------
 Meta-Dynamics Iteration 1
 ------------------------------
 list of applied metadynamics Vbias parameters:
$metadyn    0.05250   1.618
$metadyn    0.02625   1.618
$metadyn    0.01312   1.618
$metadyn    0.00656   1.618
$metadyn    0.05250   1.000
$metadyn    0.02625   1.000
$metadyn    0.01312   1.000
$metadyn    0.00656   1.000
$metadyn    0.05250   0.618
$metadyn    0.02625   0.618
$metadyn    0.01312   0.618
$metadyn    0.00656   0.618
$metadyn    0.05250   0.382
$metadyn    0.02625   0.382
$metadyn    0.01312   0.382
$metadyn    0.00656   0.382
$metadyn    0.05250   0.236
$metadyn    0.02625   0.236
$metadyn    0.01312   0.236
$metadyn    0.00656   0.236
$metadyn    0.05250   0.146
$metadyn    0.02625   0.146
$metadyn    0.01312   0.146
$metadyn    0.00656   0.146
 
  ::::::::::::: starting MTD    1 :::::::::::::
  |   MD simulation time   :     5.0 ps       |
  |   target T             :   300.0 K        |
  |   timestep dt          :     1.5 fs       |
  |   dump interval(trj)   :   100.0 fs       |
  |   SHAKE algorithm      : true (all bonds) |
  |   dump interval(Vbias) :    1.00 ps       |
  |   Vbias prefactor (k)  :  0.0525 Eh       |
  |   Vbias exponent (α)   :  1.6180 bohr⁻²   |
  ::::::::::::: starting MTD    7 :::::::::::::
  |   MD simulation time   :     5.0 ps       |
  |   target T             :   300.0 K        |
  |   timestep dt          :     1.5 fs       |
  |   dump interval(trj)   :   100.0 fs       |
  |   SHAKE algorithm      : true (all bonds) |
  |   dump interval(Vbias) :    1.00 ps       |
  |   Vbias prefactor (k)  :  0.0131 Eh       |
  |   Vbias exponent (α)   :  1.0000 bohr⁻²   |
  ::::::::::::: starting MTD   17 :::::::::::::
  |   MD simulation time   :     5.0 ps       |
  |   target T             :   300.0 K        |
  |   timestep dt          :     1.5 fs       |
  |   dump interval(trj)   :   100.0 fs       |
  |   SHAKE algorithm      : true (all bonds) |
  |   dump interval(Vbias) :    1.00 ps       |
  |   Vbias prefactor (k)  :  0.0525 Eh       |
  |   Vbias exponent (α)   :  0.2361 bohr⁻²   |
  ::::::::::::: starting MTD    5 :::::::::::::
  |   MD simulation time   :     5.0 ps       |
  |   target T             :   300.0 K        |
  |   timestep dt          :     1.5 fs       |
  |   dump interval(trj)   :   100.0 fs       |
  |   SHAKE algorithm      : true (all bonds) |
  |   dump interval(Vbias) :    1.00 ps       |
  |   Vbias prefactor (k)  :  0.0525 Eh       |
  |   Vbias exponent (α)   :  1.0000 bohr⁻²   |
  ::::::::::::: starting MTD   21 :::::::::::::
  |   MD simulation time   :     5.0 ps       |
  |   target T             :   300.0 K        |
  |   timestep dt          :     1.5 fs       |
  |   dump interval(trj)   :   100.0 fs       |
  |   SHAKE algorithm      : true (all bonds) |
  |   dump interval(Vbias) :    1.00 ps       |
  |   Vbias prefactor (k)  :  0.0525 Eh       |
  |   Vbias exponent (α)   :  0.1459 bohr⁻²   |
  ::::::::::::: starting MTD   24 :::::::::::::
  |   MD simulation time   :     5.0 ps       |
  |   target T             :   300.0 K        |
  |   timestep dt          :     1.5 fs       |
  |   dump interval(trj)   :   100.0 fs       |
  |   SHAKE algorithm      : true (all bonds) |
  |   dump interval(Vbias) :    1.00 ps       |
  |   Vbias prefactor (k)  :  0.0066 Eh       |
  |   Vbias exponent (α)   :  0.1459 bohr⁻²   |
  ::::::::::::: starting MTD   23 :::::::::::::
  |   MD simulation time   :     5.0 ps       |
  |   target T             :   300.0 K        |
  |   timestep dt          :     1.5 fs       |
  |   dump interval(trj)   :   100.0 fs       |
  |   SHAKE algorithm      : true (all bonds) |
  |   dump interval(Vbias) :    1.00 ps       |
  |   Vbias prefactor (k)  :  0.0131 Eh       |
  |   Vbias exponent (α)   :  0.1459 bohr⁻²   |
  ::::::::::::: starting MTD    9 :::::::::::::
  |   MD simulation time   :     5.0 ps       |
  |   target T             :   300.0 K        |
  |   timestep dt          :     1.5 fs       |
  |   dump interval(trj)   :   100.0 fs       |
  |   SHAKE algorithm      : true (all bonds) |
  |   dump interval(Vbias) :    1.00 ps       |
  |   Vbias prefactor (k)  :  0.0525 Eh       |
  |   Vbias exponent (α)   :  0.6180 bohr⁻²   |
  ::::::::::::: starting MTD   20 :::::::::::::
  |   MD simulation time   :     5.0 ps       |
  |   target T             :   300.0 K        |
  |   timestep dt          :     1.5 fs       |
  |   dump interval(trj)   :   100.0 fs       |
  |   SHAKE algorithm      : true (all bonds) |
  |   dump interval(Vbias) :    1.00 ps       |
  |   Vbias prefactor (k)  :  0.0066 Eh       |
  |   Vbias exponent (α)   :  0.2361 bohr⁻²   |
  ::::::::::::: starting MTD   18 :::::::::::::
  |   MD simulation time   :     5.0 ps       |
  |   target T             :   300.0 K        |
  |   timestep dt          :     1.5 fs       |
  |   dump interval(trj)   :   100.0 fs       |
  |   SHAKE algorithm      : true (all bonds) |
  |   dump interval(Vbias) :    1.00 ps       |
  |   Vbias prefactor (k)  :  0.0262 Eh       |
  |   Vbias exponent (α)   :  0.2361 bohr⁻²   |
  ::::::::::::: starting MTD   19 :::::::::::::
  |   MD simulation time   :     5.0 ps       |
  |   target T             :   300.0 K        |
  |   timestep dt          :     1.5 fs       |
  |   dump interval(trj)   :   100.0 fs       |
  |   SHAKE algorithm      : true (all bonds) |
  |   dump interval(Vbias) :    1.00 ps       |
  |   Vbias prefactor (k)  :  0.0131 Eh       |
  |   Vbias exponent (α)   :  0.2361 bohr⁻²   |
  ::::::::::::: starting MTD    3 :::::::::::::
  |   MD simulation time   :     5.0 ps       |
  |   target T             :   300.0 K        |
  |   timestep dt          :     1.5 fs       |
  |   dump interval(trj)   :   100.0 fs       |
  |   SHAKE algorithm      : true (all bonds) |
  |   dump interval(Vbias) :    1.00 ps       |
  |   Vbias prefactor (k)  :  0.0131 Eh       |
  |   Vbias exponent (α)   :  1.6180 bohr⁻²   |
  ::::::::::::: starting MTD   13 :::::::::::::
  |   MD simulation time   :     5.0 ps       |
  |   target T             :   300.0 K        |
  |   timestep dt          :     1.5 fs       |
  |   dump interval(trj)   :   100.0 fs       |
  |   SHAKE algorithm      : true (all bonds) |
  |   dump interval(Vbias) :    1.00 ps       |
  |   Vbias prefactor (k)  :  0.0525 Eh       |
  |   Vbias exponent (α)   :  0.3820 bohr⁻²   |
  ::::::::::::: starting MTD   22 :::::::::::::
  |   MD simulation time   :     5.0 ps       |
  |   target T             :   300.0 K        |
  |   timestep dt          :     1.5 fs       |
  |   dump interval(trj)   :   100.0 fs       |
  |   SHAKE algorithm      : true (all bonds) |
  |   dump interval(Vbias) :    1.00 ps       |
  |   Vbias prefactor (k)  :  0.0262 Eh       |
  |   Vbias exponent (α)   :  0.1459 bohr⁻²   |
  ::::::::::::: starting MTD   11 :::::::::::::
  |   MD simulation time   :     5.0 ps       |
  |   target T             :   300.0 K        |
  |   timestep dt          :     1.5 fs       |
  |   dump interval(trj)   :   100.0 fs       |
  |   SHAKE algorithm      : true (all bonds) |
  |   dump interval(Vbias) :    1.00 ps       |
  |   Vbias prefactor (k)  :  0.0131 Eh       |
  |   Vbias exponent (α)   :  0.6180 bohr⁻²   |
  ::::::::::::: starting MTD   15 :::::::::::::
  |   MD simulation time   :     5.0 ps       |
  |   target T             :   300.0 K        |
  |   timestep dt          :     1.5 fs       |
  |   dump interval(trj)   :   100.0 fs       |
  |   SHAKE algorithm      : true (all bonds) |
  |   dump interval(Vbias) :    1.00 ps       |
  |   Vbias prefactor (k)  :  0.0131 Eh       |
  |   Vbias exponent (α)   :  0.3820 bohr⁻²   |
*MTD  15 completed successfully ...        0 min,  0.105 sec
  ::::::::::::: starting MTD   16 :::::::::::::
  |   MD simulation time   :     5.0 ps       |
  |   target T             :   300.0 K        |
  |   timestep dt          :     1.5 fs       |
  |   dump interval(trj)   :   100.0 fs       |
  |   SHAKE algorithm      : true (all bonds) |
  |   dump interval(Vbias) :    1.00 ps       |
  |   Vbias prefactor (k)  :  0.0066 Eh       |
  |   Vbias exponent (α)   :  0.3820 bohr⁻²   |
*MTD  24 completed successfully ...        0 min,  0.105 sec
*MTD  11 completed successfully ...        0 min,  0.105 sec
  ::::::::::::: starting MTD   12 :::::::::::::
  |   MD simulation time   :     5.0 ps       |
  |   target T             :   300.0 K        |
  |   timestep dt          :     1.5 fs       |
  |   dump interval(trj)   :   100.0 fs       |
  |   SHAKE algorithm      : true (all bonds) |
  |   dump interval(Vbias) :    1.00 ps       |
  |   Vbias prefactor (k)  :  0.0066 Eh       |
  |   Vbias exponent (α)   :  0.6180 bohr⁻²   |
*MTD  19 completed successfully ...        0 min,  0.105 sec
*MTD  20 completed successfully ...        0 min,  0.106 sec
*MTD  23 completed successfully ...        0 min,  0.106 sec
*MTD   3 completed successfully ...        0 min,  0.106 sec
  ::::::::::::: starting MTD    4 :::::::::::::
  |   MD simulation time   :     5.0 ps       |
  |   target T             :   300.0 K        |
  |   timestep dt          :     1.5 fs       |
  |   dump interval(trj)   :   100.0 fs       |
  |   SHAKE algorithm      : true (all bonds) |
  |   dump interval(Vbias) :    1.00 ps       |
  |   Vbias prefactor (k)  :  0.0066 Eh       |
  |   Vbias exponent (α)   :  1.6180 bohr⁻²   |
*MTD   9 completed successfully ...        0 min,  0.106 sec
  ::::::::::::: starting MTD   10 :::::::::::::
  |   MD simulation time   :     5.0 ps       |
  |   target T             :   300.0 K        |
  |   timestep dt          :     1.5 fs       |
  |   dump interval(trj)   :   100.0 fs       |
  |   SHAKE algorithm      : true (all bonds) |
  |   dump interval(Vbias) :    1.00 ps       |
  |   Vbias prefactor (k)  :  0.0262 Eh       |
  |   Vbias exponent (α)   :  0.6180 bohr⁻²   |
*MTD  13 completed successfully ...        0 min,  0.106 sec
  ::::::::::::: starting MTD   14 :::::::::::::
  |   MD simulation time   :     5.0 ps       |
  |   target T             :   300.0 K        |
  |   timestep dt          :     1.5 fs       |
  |   dump interval(trj)   :   100.0 fs       |
  |   SHAKE algorithm      : true (all bonds) |
  |   dump interval(Vbias) :    1.00 ps       |
  |   Vbias prefactor (k)  :  0.0262 Eh       |
  |   Vbias exponent (α)   :  0.3820 bohr⁻²   |
*MTD   7 completed successfully ...        0 min,  0.106 sec
  ::::::::::::: starting MTD    8 :::::::::::::
  |   MD simulation time   :     5.0 ps       |
  |   target T             :   300.0 K        |
  |   timestep dt          :     1.5 fs       |
  |   dump interval(trj)   :   100.0 fs       |
  |   SHAKE algorithm      : true (all bonds) |
  |   dump interval(Vbias) :    1.00 ps       |
  |   Vbias prefactor (k)  :  0.0066 Eh       |
  |   Vbias exponent (α)   :  1.0000 bohr⁻²   |
*MTD  21 completed successfully ...        0 min,  0.106 sec
*MTD   1 completed successfully ...        0 min,  0.107 sec
  ::::::::::::: starting MTD    2 :::::::::::::
  |   MD simulation time   :     5.0 ps       |
  |   target T             :   300.0 K        |
  |   timestep dt          :     1.5 fs       |
  |   dump interval(trj)   :   100.0 fs       |
  |   SHAKE algorithm      : true (all bonds) |
  |   dump interval(Vbias) :    1.00 ps       |
  |   Vbias prefactor (k)  :  0.0262 Eh       |
  |   Vbias exponent (α)   :  1.6180 bohr⁻²   |
*MTD  22 completed successfully ...        0 min,  0.107 sec
*MTD   5 completed successfully ...        0 min,  0.107 sec
  ::::::::::::: starting MTD    6 :::::::::::::
  |   MD simulation time   :     5.0 ps       |
  |   target T             :   300.0 K        |
  |   timestep dt          :     1.5 fs       |
  |   dump interval(trj)   :   100.0 fs       |
  |   SHAKE algorithm      : true (all bonds) |
  |   dump interval(Vbias) :    1.00 ps       |
  |   Vbias prefactor (k)  :  0.0262 Eh       |
  |   Vbias exponent (α)   :  1.0000 bohr⁻²   |
*MTD  17 completed successfully ...        0 min,  0.107 sec
*MTD  18 completed successfully ...        0 min,  0.107 sec
*MTD  12 completed successfully ...        0 min,  0.063 sec
*MTD  16 completed successfully ...        0 min,  0.064 sec
*MTD  10 completed successfully ...        0 min,  0.064 sec
*MTD   4 completed successfully ...        0 min,  0.064 sec
*MTD  14 completed successfully ...        0 min,  0.065 sec
*MTD   6 completed successfully ...        0 min,  0.064 sec
*MTD   8 completed successfully ...        0 min,  0.065 sec
*MTD   2 completed successfully ...        0 min,  0.065 sec
 
 ======================================
 |  Multilevel Ensemble Optimization  |
 ======================================
 Optimizing all 1176 structures from file "crest_dynamics.trj" ...
 ----------------------
 crude pre-optimization
 ----------------------
 Optimization engine: ANCOPT
 Hessian update type: BFGS
 E/G convergence criteria:  0.500E-03 Eh, 0.100E-01 Eh/a0
 maximum optimization steps: 200
 |>0.1% |>7.6% |>15.1% |>22.5% |>30.0% |>37.5% |>45.1% |>52.6% |>60.0% |>67.5% |>75.0% |>82.6% |>90.1% |>97.5% |>100.0%
 done.
> 1176 of 1176 structures successfully optimized (100.0% success)
> Total runtime for 1176 optimizations:
 * wall-time:     0 d,  0 h,  0 min,  0.069 sec
 *  cpu-time:     0 d,  0 h,  0 min,  1.107 sec
 * ratio c/w:    15.965 speedup
> Corresponding to approximately 0.000 sec per processed structure
 
CREGEN> running RMSDs ... done.
CREGEN> E lowest :    -0.95320
 4 structures remain within    12.00 kcal/mol window
 ----------------------------------
 optimization with tight thresholds
 ----------------------------------
 Optimization engine: ANCOPT
 Hessian update type: BFGS
 E/G convergence criteria:  0.100E-05 Eh, 0.800E-03 Eh/a0
 maximum optimization steps: 200
 |>25.0% |>50.0% |>75.0% |>100.0%
 done.
> 4 of 4 structures successfully optimized (100.0% success)
> Total runtime for 4 optimizations:
 * wall-time:     0 d,  0 h,  0 min,  0.001 sec
 *  cpu-time:     0 d,  0 h,  0 min,  0.006 sec
 * ratio c/w:     4.970 speedup
> Corresponding to approximately 0.000 sec per processed structure
 
CREGEN> running RMSDs ... done.
CREGEN> E lowest :    -0.95320
 3 structures remain within     6.00 kcal/mol window
 
========================================
           MTD Simulations done         
========================================
 Collecting ensmbles.
CREGEN> running RMSDs ... done.
CREGEN> E lowest :    -0.95320
 3 structures remain within     6.00 kcal/mol window
     H(298.15K)-H(0) (conf)      0.000000
                   Cp(conf)      0.000000
                    S(conf)      0.000000
 
******************************************************************************************
**                          I T E R A T I O N    C Y C L E      1                       **
******************************************************************************************
 -------------------------------------------
 determining bias structures via PCA/k-Means
 -------------------------------------------
 1 structures were selected
 done.

 -----------------------------------------------
 determining MTD seed structures via PCA/k-Means
 -----------------------------------------------
 1 structures were selected
 done.


 ==========================================================
 Static MTDs (umbrella sampling) on 1 selected conformer(s)
 ==========================================================
> Using 1 constant RMSD bias potentials per MTD
  :::::::::: starting static MTD   1 ::::::::::
  |   MD simulation time   :     2.5 ps       |
  |   target T             :   400.0 K        |
  |   timestep dt          :     1.5 fs       |
  |   dump interval(trj)   :   100.0 fs       |
  |   SHAKE algorithm      : true (all bonds) |
  |   Vbias prefactor (k)  :  0.0002 Eh       |
  |   Vbias exponent (α)   :  1.0000 bohr⁻²   |
*sMTD   1 completed successfully ...        0 min,  0.325 sec
 
 ======================================
 |  Multilevel Ensemble Optimization  |
 ======================================
 Optimizing all 24 structures from file "crest_rotamers_0.xyz" ...
 ----------------------
 crude pre-optimization
 ----------------------
 Optimization engine: ANCOPT
 Hessian update type: BFGS
 E/G convergence criteria:  0.500E-03 Eh, 0.100E-01 Eh/a0
 maximum optimization steps: 200
 |>4.2% |>12.5% |>20.8% |>33.3% |>41.7% |>50.0% |>62.5% |>70.8% |>83.3% |>91.7% |>100.0%
 done.
> 24 of 24 structures successfully optimized (100.0% success)
> Total runtime for 24 optimizations:
 * wall-time:     0 d,  0 h,  0 min,  0.002 sec
 *  cpu-time:     0 d,  0 h,  0 min,  0.029 sec
 * ratio c/w:    15.087 speedup
> Corresponding to approximately 0.000 sec per processed structure
 
CREGEN> running RMSDs ... done.
CREGEN> E lowest :    -0.95319
 3 structures remain within    12.00 kcal/mol window
 ---------------------------------------
 optimization with very tight thresholds
 ---------------------------------------
 Optimization engine: ANCOPT
 Hessian update type: BFGS
 E/G convergence criteria:  0.100E-06 Eh, 0.200E-03 Eh/a0
 maximum optimization steps: 200
 |>33.3% |>66.7% |>100.0%
 done.
> 3 of 3 structures successfully optimized (100.0% success)
> Total runtime for 3 optimizations:
 * wall-time:     0 d,  0 h,  0 min,  0.001 sec
 *  cpu-time:     0 d,  0 h,  0 min,  0.007 sec
 * ratio c/w:     4.569 speedup
> Corresponding to approximately 0.000 sec per processed structure
 
CREGEN> running RMSDs ... done.
CREGEN> E lowest :    -0.95320
 3 structures remain within     6.00 kcal/mol window
CREGEN> running RMSDs ... done.
CREGEN> E lowest :    -0.95320
 
 Static MTD simulation iteration 1 finished
 A total of 1 conformers (+ 0.00%) in crest_conformers.xyz
 S(approx.) =   -0.000000 cal/molK (dS = 0.00%)
 Convergence w.r.t. conformers:  T
 Convergence w.r.t. entropy   :  T
 
     H(298.15K)-H(0) (conf)      0.000000
                   Cp(conf)      0.000000
                    S(conf)      0.000000


 --------------------------
 Final Ensemble Information
 --------------------------
 input  file name : crest_rotamers_2.xyz
 output file name : crest_rotamers_3.xyz
 number of atoms                :   7
 number of points on xyz files  :   6
 RMSD threshold                 :   0.1250
 Bconst threshold               :   0.0100
 population threshold           :   0.0500
 # fragment in coord            :     1
 # bonds in reference structure :     6
 number of reliable points      :     6
 sorting energy window (EWIN)   :    6.0000 / kcal*mol⁻¹
 reference state Etot           : -0.953197400000000
 number of doubles removed by rot/RMSD         :           2
 total number unique points considered further :           4
       Erel/kcal        Etot weight/tot  conformer     set   degen     origin
       1   0.000    -0.95320    0.25036    1.00000       1       4
T /K                                  :   298.15
E lowest                              :    -0.95320
ensemble average energy (kcal)        :    0.001
ensemble entropy (J/mol K, cal/mol K) :   11.526    2.755
ensemble free energy (kcal/mol)       :   -0.821
population of lowest in %             :  100.000
 number of unique conformers for further calc            1
 list of relative energies saved as "crest.energies"
 compare nuclear equivalencies ...
::::::::::: conformer group all :::::::::::
 chemical equivalencies (mag.active nuclei):
reference atom   3 # : 2
reference atom   5 # : 3
 magnetic equivalencies:
reference atom   5 # : 3
 
******************************************************************************************
**                           ENSEMBLE ENTROPY CALCULATION                               **
******************************************************************************************
======================================================
 Containing 1 conformers :
     H(298.15K)-H(0) (conf)      0.000000
                   Cp(conf)      0.000000
                    S(conf)      0.000000
======================================================
 Containing 1 conformers :
     H(298.15K)-H(0) (conf)      0.000000
                   Cp(conf)      0.000000
                    S(conf)      0.000000
======================================================

 --------------------------------------
 FINAL CALCULATION OF MOLECULAR ENTROPY
 --------------------------------------
 
WARNING: Not enough blocks for extrapolation.
         Taking full ensemble entropy instead.

FINAL ENTROPY (max conf.)  :      0.00000
 
 ----------------------------------
 Frequency Calculation and Averages
 ----------------------------------
 Nconf on file      : 1
 Taken for Hessians : 1 (=100.00% total population)
 T range  /K    :   278.15   378.15
 scaling factor :          1.000000     
 rotor cutoff   :         25.000000 cm⁻¹
 imag. cutoff   :        -50.000000 cm⁻¹
 
 Running 1 calculations ...
 |>100.0%
 done.
 calculating averages for G and S ...    done.
 calculating Boltzmann weights ...       done.
 calculating reference S (bhess) ... > bhess not implemented for calculator routines
    done.
 calculating δSrrho ...                  done.
 
 Coordinates for the bhess reference structure (Ångström):
 -----------------------------------------------------------
  7
 
 C         -0.7746563975        0.0000000000       -0.0138557167
 C          0.7144282663        0.0000000000       -0.0001214494
 H         -1.3368580161        0.9374530000        0.0622273883
 H         -1.3368580161       -0.9374530000        0.0622273883
 H          1.1331019867        0.8951030000       -0.4970271967
 H          1.1331019867       -0.8951030000       -0.4970271967
 H          1.1251972775        0.0000000000        1.0361531080
 -----------------------------------------------------------
 as read from <coord>
 Heavy-atom RMSD between lowest conformer and this reference :
 RMSD(heavy) =        0.010097 Å
 
 msRRHO(bhess) reference entropies:
      278.15         56.557566
      288.15         56.987939
      298.15         57.413624
      308.15         57.835006
      318.15         58.252408
      328.15         58.666096
      338.15         59.076292
      348.15         59.483180
      358.15         59.886908
      368.15         60.287600
      378.15         60.685356

       T/K  |S(T)|/cal/molK       |G(T)|/Eh     G_lowest/Eh    (conf)
   -----------------------------------------------------------------
    278.15    0.614412E+02    0.357589E-01       -0.917438         1
    288.15    0.618881E+02    0.347874E-01       -0.918410         1
    298.15    0.623279E+02    0.338088E-01       -0.919389         1
    308.15    0.627612E+02    0.328232E-01       -0.920374         1
    318.15    0.631886E+02    0.318308E-01       -0.921367         1
    328.15    0.636105E+02    0.308316E-01       -0.922366         1
    338.15    0.640273E+02    0.298257E-01       -0.923372         1
    348.15    0.644395E+02    0.288132E-01       -0.924384         1
    358.15    0.648472E+02    0.277942E-01       -0.925403         1
    368.15    0.652507E+02    0.267688E-01       -0.926429         1
    378.15    0.656503E+02    0.257369E-01       -0.927460         1
   -----------------------------------------------------------------
   NOTE: if |G(T)| is the averaged contributrion to the free energy.
   |G(T)| used only for the higher-energetic structures (n > 1).
   All other structures use G(T) from the respective Hessian calculations.
 
 Quantities calculated on free energies:
       T/K          δSrrho           Cp(T)     [H(T)-H(0)]
   -------------------------------------------------------
    278.15    0.488366E+01    0.000000E+00        0.000000
    288.15    0.490018E+01    0.000000E+00        0.000000
    298.15    0.491428E+01    0.000000E+00        0.000000
    308.15    0.492619E+01    0.000000E+00        0.000000
    318.15    0.493616E+01    0.000000E+00        0.000000
    328.15    0.494438E+01    0.000000E+00        0.000000
    338.15    0.495104E+01    0.000000E+00        0.000000
    348.15    0.495629E+01    0.000000E+00        0.000000
    358.15    0.496028E+01    0.000000E+00        0.000000
    368.15    0.496314E+01    0.000000E+00        0.000000
    378.15    0.496497E+01    0.000000E+00        0.000000
   -------------------------------------------------------
   NOTE: δSrrho(T) = |S(T)| - Sref(T)
 
 ----------------------
 TEMPERATURE DEPENDENCE
 ----------------------
 
 Final CONFORMATIONAL quantities at given T:
       T/K        S(total)           Cp(T)     [H(T)-H(0)]        G(total)
   -----------------------------------------------------------------------
    278.15        4.883655        0.000000        0.000000       -1.358389
    288.15        4.900183        0.000000        0.000000       -1.411988
    298.15        4.914276        0.000000        0.000000       -1.465191
    308.15        4.926192        0.000000        0.000000       -1.518006
    318.15        4.936160        0.000000        0.000000       -1.570439
    328.15        4.944382        0.000000        0.000000       -1.622499
    338.15        4.951039        0.000000        0.000000       -1.674194
    348.15        4.956291        0.000000        0.000000       -1.725533
    358.15        4.960282        0.000000        0.000000       -1.776525
    368.15        4.963138        0.000000        0.000000       -1.827179
    378.15        4.964972        0.000000        0.000000       -1.877504
   -----------------------------------------------------------------------
   S and Cp in cal/mol*K; H and G in kcal/mol
   G(total) is the ensemble free energy (H-T*S) and S(total) = S(conf,extrapol.) + δSrrho
 
 ----------------------------------------------------
 |      FINAL MOLECULAR ENTROPY AT T= 298.15 K      |
 ----------------------------------------------------
     Sconf   =          0.000000
   + δSrrho  =          4.914276
 -----------------------------------------------------
 = S(total)  =          4.914276  (cal mol⁻¹ K⁻¹)
 
   H(T)-H(0) =          0.000000
   G         =         -1.465191   (-T*S)
 -----------------------------------------------------
 = G(total)  =         -1.465191  (H-T*S) (kcal mol⁻¹)
 
   Cp(total) =          0.000000  (cal mol⁻¹ K⁻¹)
 
 
 -----------------
 Wall Time Summary
 -----------------
 CREST runtime (total)               0 d,  0 h,  0 min,  0.912 sec
 ------------------------------------------------------------------
 Trial metadynamics (MTD)   ...        0 min,  0.013 sec (  1.441%)
 Metadynamics (MTD)         ...        0 min,  0.230 sec ( 25.208%)
 Geometry optimization      ...        0 min,  0.288 sec ( 31.610%)
 Static metadynamics (sMTD) ...        0 min,  0.331 sec ( 36.307%)
 Conf. entropy evaluation   ...        0 min,  0.004 sec (  0.403%)
 I/O and setup              ...        0 min,  0.046 sec (  5.030%)
 ------------------------------------------------------------------
 * wall-time:     0 d,  0 h,  0 min,  0.912 sec
 *  cpu-time:     0 d,  0 h,  0 min,  5.563 sec
 * ratio c/w:     6.099 speedup
 ------------------------------------------------------------------
 * Total number of energy+grad calls: 88030
 
 CREST terminated normally.
