 
       ╔════════════════════════════════════════════╗
       ║            ___ ___ ___ ___ _____           ║
       ║           / __| _ \ __/ __|_   _|          ║
       ║          | (__|   / _|\__ \ | |            ║
       ║           \___|_|_\___|___/ |_|            ║
       ║                                            ║
       ║  Conformer-Rotamer Ensemble Sampling Tool  ║
       ║          based on the xTB methods          ║
       ║                                            ║
       ╚════════════════════════════════════════════╝
       Version 3.0.2, Sun Aug 25 20:02:36 UTC 2024
       commit (af7eb99) compiled by 'runner@fv-az1984-471'
 
   Cite work conducted with this code as

   • P.Pracht, F.Bohle, S.Grimme, PCCP, 2020, 22, 7169-7192.
   • S.Grimme, JCTC, 2019, 15, 2847-2862.
   • P.Pracht, S.Grimme, C.Bannwarth, F.Bohle, S.Ehlert,
     G.Feldmann, J.Gorges, M.Müller, T.Neudecker, C.Plett,
     S.Spicher, P.Steinbach, P.Wesołowski, F.Zeller,
     J. Chem. Phys., 2024, 160, 114110.

   for works involving QCG cite

   • S.Spicher, C.Plett, P.Pracht, A.Hansen, S.Grimme,
     JCTC, 2022, 18 (5), 3174-3189.
   • C.Plett, S. Grimme,
     Angew. Chem. Int. Ed. 2023, 62, e202214477.

   for works involving MECP screening cite

   • P.Pracht, C.Bannwarth, JCTC, 2022, 18 (10), 6370-6385.
 
   Original code
     P.Pracht, S.Grimme, Universität Bonn, MCTC
   with help from (alphabetical order):
     C.Bannwarth, F.Bohle, S.Ehlert, G.Feldmann, J.Gorges,
     S.Grimme, C.Plett, P.Pracht, S.Spicher, P.Steinbach,
     P.Wesolowski, F.Zeller
 
   Online documentation is available at
   https://crest-lab.github.io/crest-docs/
 
   This program is distributed in the hope that it will be useful,
   but WITHOUT ANY WARRANTY; without even the implied warranty of
   MERCHANTABILITY or FITNESS FOR A PARTICULAR PURPOSE. See the
   GNU Lesser General Public License (LGPL) for more details.

 Command line input:
 $ crest WPWHSFAFEBZWBB-UHFFFAOYSA-N-2.xyz -gfnff -entropy -T 16 -chrg 0 -uhf 1

  --gfnff : Use of GFN-FF requested.
  -entropy : enhanced ensemble entropy calculation
  -T 16 (CPUs/Threads selected)
  -chrg 0
  -uhf 1
Parsing xtb-type input file bondlengths to set up calculators ...

> Setting up backup calculator ... done.
 ----------------
 Calculation info
 ----------------
> User-defined calculation level:
 : GFN-FF calculation via GFNFF lib
 :   Molecular charge    : 0
 :   UHF parameter       : 1
 
> User-defined constraints:
> constraint: distance atoms: 1,2
  d(AA)=     1.52895 k= 0.02000
> constraint: distance atoms: 1,3
  d(AA)=     1.10452 k= 0.02000
> constraint: distance atoms: 1,4
  d(AA)=     1.10591 k= 0.02000
> constraint: distance atoms: 1,5
  d(AA)=     1.10585 k= 0.02000
> constraint: distance atoms: 2,6
  d(AA)=     1.53564 k= 0.02000
> constraint: distance atoms: 2,7
  d(AA)=     1.10619 k= 0.02000
> constraint: distance atoms: 2,8
  d(AA)=     1.10714 k= 0.02000
> constraint: distance atoms: 6,9
  d(AA)=     1.49069 k= 0.02000
> constraint: distance atoms: 6,10
  d(AA)=     1.11640 k= 0.02000
> constraint: distance atoms: 6,11
  d(AA)=     1.10904 k= 0.02000
> constraint: distance atoms: 9,12
  d(AA)=     1.09558 k= 0.02000
> constraint: distance atoms: 9,13
  d(AA)=     1.09660 k= 0.02000
 
 
 -----------------------------
 Initial Geometry Optimization
 -----------------------------
 Geometry successfully optimized.
 
          ┍━━━━━━━━━━━━━━━━━━━━━━━━━━━━━━━━━━━━━━━━━━━━━━━━━┑
          │              CREST ENTROPY SAMPLING             │
          ┕━━━━━━━━━━━━━━━━━━━━━━━━━━━━━━━━━━━━━━━━━━━━━━━━━┙
 
 please cite:
 • P.Pracht, S.Grimme, Chem. Sci., 2021, 12, 6551-6568.
 • J.Gorges, S.Grimme, A.Hansen, P.Pracht, PCCP, 2022,24, 12249-12259.
 
 Input structure:
  13
 
 C         -1.9019920016       -0.1380843152        0.0083525276
 C         -0.5288550854        0.5146583828       -0.0298803613
 H         -2.7091115287        0.5978571708       -0.0427310179
 H         -2.0403640268       -0.7137325209        0.9269944856
 H         -2.0347238225       -0.8297590204       -0.8272768157
 C          0.6151198924       -0.5035471253        0.0404833539
 H         -0.4199368766        1.1174736872       -0.9423398682
 H         -0.4274265928        1.2313377083        0.7970635233
 C          1.9546401413        0.1201693935        0.0205692182
 H          0.5049721103       -1.1131220542        0.9490823494
 H          0.5183506058       -1.2137340379       -0.7929931986
 H          2.8267707062       -0.4206012647       -0.2927862003
 H          2.0929188008        1.1354060370        0.3388509957
 
 ------------------------------------------------
 Generating MTD length from a flexibility measure
 ------------------------------------------------
 Calculating GFN0-xTB WBOs   ... done.
 Calculating NCI flexibility ... done.
     covalent flexibility measure :   0.566
 non-covalent flexibility measure :   0.877
 flexibility measure :   0.613
 t(MTD) / ps    :     7.0
 Σ(t(MTD)) / ps :   168.0 (24 MTDs)
 
 -----------------------------------
 Starting trial MTD to test settings
 -----------------------------------
 Trial MTD 1 runtime (1.0 ps) ...        0 min,  0.020 sec
 Estimated runtime for one MTD (7.0 ps) on a single thread: 0 sec
 Estimated runtime for a batch of 24 MTDs on 16 threads: 0 sec
 
******************************************************************************************
**                         N E W   I T E R A T I O N  C Y C L E                         **
******************************************************************************************
 
 ------------------------------
 Meta-Dynamics Iteration 1
 ------------------------------
 list of applied metadynamics Vbias parameters:
$metadyn    0.09750   1.618
$metadyn    0.04875   1.618
$metadyn    0.02438   1.618
$metadyn    0.01219   1.618
$metadyn    0.09750   1.000
$metadyn    0.04875   1.000
$metadyn    0.02438   1.000
$metadyn    0.01219   1.000
$metadyn    0.09750   0.618
$metadyn    0.04875   0.618
$metadyn    0.02438   0.618
$metadyn    0.01219   0.618
$metadyn    0.09750   0.382
$metadyn    0.04875   0.382
$metadyn    0.02438   0.382
$metadyn    0.01219   0.382
$metadyn    0.09750   0.236
$metadyn    0.04875   0.236
$metadyn    0.02438   0.236
$metadyn    0.01219   0.236
$metadyn    0.09750   0.146
$metadyn    0.04875   0.146
$metadyn    0.02438   0.146
$metadyn    0.01219   0.146
 
  ::::::::::::: starting MTD    1 :::::::::::::
  |   MD simulation time   :     7.0 ps       |
  |   target T             :   300.0 K        |
  |   timestep dt          :     1.5 fs       |
  |   dump interval(trj)   :   100.0 fs       |
  |   SHAKE algorithm      : true (all bonds) |
  |   dump interval(Vbias) :    1.00 ps       |
  |   Vbias prefactor (k)  :  0.0975 Eh       |
  |   Vbias exponent (α)   :  1.6180 bohr⁻²   |
  ::::::::::::: starting MTD    7 :::::::::::::
  |   MD simulation time   :     7.0 ps       |
  |   target T             :   300.0 K        |
  |   timestep dt          :     1.5 fs       |
  |   dump interval(trj)   :   100.0 fs       |
  |   SHAKE algorithm      : true (all bonds) |
  |   dump interval(Vbias) :    1.00 ps       |
  |   Vbias prefactor (k)  :  0.0244 Eh       |
  |   Vbias exponent (α)   :  1.0000 bohr⁻²   |
  ::::::::::::: starting MTD   21 :::::::::::::
  |   MD simulation time   :     7.0 ps       |
  |   target T             :   300.0 K        |
  |   timestep dt          :     1.5 fs       |
  |   dump interval(trj)   :   100.0 fs       |
  |   SHAKE algorithm      : true (all bonds) |
  |   dump interval(Vbias) :    1.00 ps       |
  |   Vbias prefactor (k)  :  0.0975 Eh       |
  |   Vbias exponent (α)   :  0.1459 bohr⁻²   |
  ::::::::::::: starting MTD   24 :::::::::::::
  |   MD simulation time   :     7.0 ps       |
  |   target T             :   300.0 K        |
  |   timestep dt          :     1.5 fs       |
  |   dump interval(trj)   :   100.0 fs       |
  |   SHAKE algorithm      : true (all bonds) |
  |   dump interval(Vbias) :    1.00 ps       |
  |   Vbias prefactor (k)  :  0.0122 Eh       |
  |   Vbias exponent (α)   :  0.1459 bohr⁻²   |
  ::::::::::::: starting MTD    9 :::::::::::::
  |   MD simulation time   :     7.0 ps       |
  |   target T             :   300.0 K        |
  |   timestep dt          :     1.5 fs       |
  |   dump interval(trj)   :   100.0 fs       |
  |   SHAKE algorithm      : true (all bonds) |
  |   dump interval(Vbias) :    1.00 ps       |
  |   Vbias prefactor (k)  :  0.0975 Eh       |
  |   Vbias exponent (α)   :  0.6180 bohr⁻²   |
  ::::::::::::: starting MTD    5 :::::::::::::
  |   MD simulation time   :     7.0 ps       |
  |   target T             :   300.0 K        |
  |   timestep dt          :     1.5 fs       |
  |   dump interval(trj)   :   100.0 fs       |
  |   SHAKE algorithm      : true (all bonds) |
  |   dump interval(Vbias) :    1.00 ps       |
  |   Vbias prefactor (k)  :  0.0975 Eh       |
  |   Vbias exponent (α)   :  1.0000 bohr⁻²   |
  ::::::::::::: starting MTD   17 :::::::::::::
  |   MD simulation time   :     7.0 ps       |
  |   target T             :   300.0 K        |
  |   timestep dt          :     1.5 fs       |
  |   dump interval(trj)   :   100.0 fs       |
  |   SHAKE algorithm      : true (all bonds) |
  |   dump interval(Vbias) :    1.00 ps       |
  |   Vbias prefactor (k)  :  0.0975 Eh       |
  |   Vbias exponent (α)   :  0.2361 bohr⁻²   |
  ::::::::::::: starting MTD   20 :::::::::::::
  |   MD simulation time   :     7.0 ps       |
  |   target T             :   300.0 K        |
  |   timestep dt          :     1.5 fs       |
  |   dump interval(trj)   :   100.0 fs       |
  |   SHAKE algorithm      : true (all bonds) |
  |   dump interval(Vbias) :    1.00 ps       |
  |   Vbias prefactor (k)  :  0.0122 Eh       |
  |   Vbias exponent (α)   :  0.2361 bohr⁻²   |
  ::::::::::::: starting MTD   22 :::::::::::::
  |   MD simulation time   :     7.0 ps       |
  |   target T             :   300.0 K        |
  |   timestep dt          :     1.5 fs       |
  |   dump interval(trj)   :   100.0 fs       |
  |   SHAKE algorithm      : true (all bonds) |
  |   dump interval(Vbias) :    1.00 ps       |
  |   Vbias prefactor (k)  :  0.0488 Eh       |
  |   Vbias exponent (α)   :  0.1459 bohr⁻²   |
  ::::::::::::: starting MTD    3 :::::::::::::
  |   MD simulation time   :     7.0 ps       |
  |   target T             :   300.0 K        |
  |   timestep dt          :     1.5 fs       |
  |   dump interval(trj)   :   100.0 fs       |
  |   SHAKE algorithm      : true (all bonds) |
  |   dump interval(Vbias) :    1.00 ps       |
  |   Vbias prefactor (k)  :  0.0244 Eh       |
  |   Vbias exponent (α)   :  1.6180 bohr⁻²   |
  ::::::::::::: starting MTD   23 :::::::::::::
  |   MD simulation time   :     7.0 ps       |
  |   target T             :   300.0 K        |
  |   timestep dt          :     1.5 fs       |
  |   dump interval(trj)   :   100.0 fs       |
  |   SHAKE algorithm      : true (all bonds) |
  |   dump interval(Vbias) :    1.00 ps       |
  |   Vbias prefactor (k)  :  0.0244 Eh       |
  |   Vbias exponent (α)   :  0.1459 bohr⁻²   |
  ::::::::::::: starting MTD   19 :::::::::::::
  |   MD simulation time   :     7.0 ps       |
  |   target T             :   300.0 K        |
  |   timestep dt          :     1.5 fs       |
  |   dump interval(trj)   :   100.0 fs       |
  |   SHAKE algorithm      : true (all bonds) |
  |   dump interval(Vbias) :    1.00 ps       |
  |   Vbias prefactor (k)  :  0.0244 Eh       |
  |   Vbias exponent (α)   :  0.2361 bohr⁻²   |
  ::::::::::::: starting MTD   13 :::::::::::::
  |   MD simulation time   :     7.0 ps       |
  |   target T             :   300.0 K        |
  |   timestep dt          :     1.5 fs       |
  |   dump interval(trj)   :   100.0 fs       |
  |   SHAKE algorithm      : true (all bonds) |
  |   dump interval(Vbias) :    1.00 ps       |
  |   Vbias prefactor (k)  :  0.0975 Eh       |
  |   Vbias exponent (α)   :  0.3820 bohr⁻²   |
  ::::::::::::: starting MTD   15 :::::::::::::
  |   MD simulation time   :     7.0 ps       |
  |   target T             :   300.0 K        |
  |   timestep dt          :     1.5 fs       |
  |   dump interval(trj)   :   100.0 fs       |
  |   SHAKE algorithm      : true (all bonds) |
  |   dump interval(Vbias) :    1.00 ps       |
  |   Vbias prefactor (k)  :  0.0244 Eh       |
  |   Vbias exponent (α)   :  0.3820 bohr⁻²   |
  ::::::::::::: starting MTD   18 :::::::::::::
  |   MD simulation time   :     7.0 ps       |
  |   target T             :   300.0 K        |
  |   timestep dt          :     1.5 fs       |
  |   dump interval(trj)   :   100.0 fs       |
  |   SHAKE algorithm      : true (all bonds) |
  |   dump interval(Vbias) :    1.00 ps       |
  |   Vbias prefactor (k)  :  0.0488 Eh       |
  |   Vbias exponent (α)   :  0.2361 bohr⁻²   |
  ::::::::::::: starting MTD   11 :::::::::::::
  |   MD simulation time   :     7.0 ps       |
  |   target T             :   300.0 K        |
  |   timestep dt          :     1.5 fs       |
  |   dump interval(trj)   :   100.0 fs       |
  |   SHAKE algorithm      : true (all bonds) |
  |   dump interval(Vbias) :    1.00 ps       |
  |   Vbias prefactor (k)  :  0.0244 Eh       |
  |   Vbias exponent (α)   :  0.6180 bohr⁻²   |
*MTD  20 completed successfully ...        0 min,  0.243 sec
*MTD  17 completed successfully ...        0 min,  0.243 sec
*MTD   5 completed successfully ...        0 min,  0.243 sec
  ::::::::::::: starting MTD    6 :::::::::::::
  |   MD simulation time   :     7.0 ps       |
  |   target T             :   300.0 K        |
  |   timestep dt          :     1.5 fs       |
  |   dump interval(trj)   :   100.0 fs       |
  |   SHAKE algorithm      : true (all bonds) |
  |   dump interval(Vbias) :    1.00 ps       |
  |   Vbias prefactor (k)  :  0.0488 Eh       |
  |   Vbias exponent (α)   :  1.0000 bohr⁻²   |
*MTD  18 completed successfully ...        0 min,  0.244 sec
*MTD  13 completed successfully ...        0 min,  0.244 sec
  ::::::::::::: starting MTD   14 :::::::::::::
  |   MD simulation time   :     7.0 ps       |
  |   target T             :   300.0 K        |
  |   timestep dt          :     1.5 fs       |
  |   dump interval(trj)   :   100.0 fs       |
  |   SHAKE algorithm      : true (all bonds) |
  |   dump interval(Vbias) :    1.00 ps       |
  |   Vbias prefactor (k)  :  0.0488 Eh       |
  |   Vbias exponent (α)   :  0.3820 bohr⁻²   |
*MTD  22 completed successfully ...        0 min,  0.244 sec
*MTD   3 completed successfully ...        0 min,  0.244 sec
  ::::::::::::: starting MTD    4 :::::::::::::
  |   MD simulation time   :     7.0 ps       |
  |   target T             :   300.0 K        |
  |   timestep dt          :     1.5 fs       |
  |   dump interval(trj)   :   100.0 fs       |
  |   SHAKE algorithm      : true (all bonds) |
  |   dump interval(Vbias) :    1.00 ps       |
  |   Vbias prefactor (k)  :  0.0122 Eh       |
  |   Vbias exponent (α)   :  1.6180 bohr⁻²   |
*MTD   7 completed successfully ...        0 min,  0.244 sec
  ::::::::::::: starting MTD    8 :::::::::::::
  |   MD simulation time   :     7.0 ps       |
  |   target T             :   300.0 K        |
  |   timestep dt          :     1.5 fs       |
  |   dump interval(trj)   :   100.0 fs       |
  |   SHAKE algorithm      : true (all bonds) |
  |   dump interval(Vbias) :    1.00 ps       |
  |   Vbias prefactor (k)  :  0.0122 Eh       |
  |   Vbias exponent (α)   :  1.0000 bohr⁻²   |
*MTD  11 completed successfully ...        0 min,  0.244 sec
  ::::::::::::: starting MTD   12 :::::::::::::
  |   MD simulation time   :     7.0 ps       |
  |   target T             :   300.0 K        |
  |   timestep dt          :     1.5 fs       |
  |   dump interval(trj)   :   100.0 fs       |
  |   SHAKE algorithm      : true (all bonds) |
  |   dump interval(Vbias) :    1.00 ps       |
  |   Vbias prefactor (k)  :  0.0122 Eh       |
  |   Vbias exponent (α)   :  0.6180 bohr⁻²   |
*MTD   9 completed successfully ...        0 min,  0.245 sec
  ::::::::::::: starting MTD   10 :::::::::::::
  |   MD simulation time   :     7.0 ps       |
  |   target T             :   300.0 K        |
  |   timestep dt          :     1.5 fs       |
  |   dump interval(trj)   :   100.0 fs       |
  |   SHAKE algorithm      : true (all bonds) |
  |   dump interval(Vbias) :    1.00 ps       |
  |   Vbias prefactor (k)  :  0.0488 Eh       |
  |   Vbias exponent (α)   :  0.6180 bohr⁻²   |
*MTD  24 completed successfully ...        0 min,  0.245 sec
*MTD  23 completed successfully ...        0 min,  0.245 sec
*MTD   1 completed successfully ...        0 min,  0.245 sec
  ::::::::::::: starting MTD    2 :::::::::::::
  |   MD simulation time   :     7.0 ps       |
  |   target T             :   300.0 K        |
  |   timestep dt          :     1.5 fs       |
  |   dump interval(trj)   :   100.0 fs       |
  |   SHAKE algorithm      : true (all bonds) |
  |   dump interval(Vbias) :    1.00 ps       |
  |   Vbias prefactor (k)  :  0.0488 Eh       |
  |   Vbias exponent (α)   :  1.6180 bohr⁻²   |
*MTD  19 completed successfully ...        0 min,  0.245 sec
*MTD  15 completed successfully ...        0 min,  0.245 sec
  ::::::::::::: starting MTD   16 :::::::::::::
  |   MD simulation time   :     7.0 ps       |
  |   target T             :   300.0 K        |
  |   timestep dt          :     1.5 fs       |
  |   dump interval(trj)   :   100.0 fs       |
  |   SHAKE algorithm      : true (all bonds) |
  |   dump interval(Vbias) :    1.00 ps       |
  |   Vbias prefactor (k)  :  0.0122 Eh       |
  |   Vbias exponent (α)   :  0.3820 bohr⁻²   |
*MTD  21 completed successfully ...        0 min,  0.247 sec
*MTD   6 completed successfully ...        0 min,  0.146 sec
*MTD   8 completed successfully ...        0 min,  0.146 sec
*MTD   4 completed successfully ...        0 min,  0.147 sec
*MTD  14 completed successfully ...        0 min,  0.148 sec
*MTD  16 completed successfully ...        0 min,  0.147 sec
*MTD  10 completed successfully ...        0 min,  0.149 sec
*MTD  12 completed successfully ...        0 min,  0.157 sec
*MTD   2 completed successfully ...        0 min,  0.157 sec
 
 ======================================
 |  Multilevel Ensemble Optimization  |
 ======================================
 Optimizing all 1656 structures from file "crest_dynamics.trj" ...
 ----------------------
 crude pre-optimization
 ----------------------
 Optimization engine: ANCOPT
 Hessian update type: BFGS
 E/G convergence criteria:  0.500E-03 Eh, 0.100E-01 Eh/a0
 maximum optimization steps: 200
 |>0.1% |>7.5% |>15.0% |>22.5% |>30.0% |>37.5% |>45.0% |>52.5% |>60.0% |>67.5% |>75.0% |>82.5% |>90.0% |>97.5% |>100.0%
 done.
> 1656 of 1656 structures successfully optimized (100.0% success)
> Total runtime for 1656 optimizations:
 * wall-time:     0 d,  0 h,  0 min,  0.429 sec
 *  cpu-time:     0 d,  0 h,  0 min,  6.854 sec
 * ratio c/w:    15.994 speedup
> Corresponding to approximately 0.000 sec per processed structure
 
CREGEN> running RMSDs ... done.
CREGEN> E lowest :    -1.83939
 576 structures remain within    12.00 kcal/mol window
 ----------------------------------
 optimization with tight thresholds
 ----------------------------------
 Optimization engine: ANCOPT
 Hessian update type: BFGS
 E/G convergence criteria:  0.100E-05 Eh, 0.800E-03 Eh/a0
 maximum optimization steps: 200
 |>0.2% |>10.1% |>20.1% |>30.0% |>40.1% |>50.0% |>60.1% |>70.1% |>80.0% |>90.1% |>100.0%
 done.
> 576 of 576 structures successfully optimized (100.0% success)
> Total runtime for 576 optimizations:
 * wall-time:     0 d,  0 h,  0 min,  0.365 sec
 *  cpu-time:     0 d,  0 h,  0 min,  5.481 sec
 * ratio c/w:    15.025 speedup
> Corresponding to approximately 0.001 sec per processed structure
 
CREGEN> running RMSDs ... done.
CREGEN> E lowest :    -1.83942
 45 structures remain within     6.00 kcal/mol window
 
========================================
           MTD Simulations done         
========================================
 Collecting ensmbles.
CREGEN> running RMSDs ... done.
CREGEN> E lowest :    -1.83942
 45 structures remain within     6.00 kcal/mol window
     H(298.15K)-H(0) (conf)      0.350227
                   Cp(conf)      0.543583
                    S(conf)      4.158997
 
******************************************************************************************
**                          I T E R A T I O N    C Y C L E      1                       **
******************************************************************************************
 -------------------------------------------
 determining bias structures via PCA/k-Means
 -------------------------------------------
 There are not enough descriptors for a PCA!
 Taking all structures as representative and writing crest_clustered.xyz
 6 structures were selected
 done.

 -----------------------------------------------
 determining MTD seed structures via PCA/k-Means
 -----------------------------------------------
 There are not enough descriptors for a PCA!
 Taking all structures as representative and writing crest_clustered.xyz
 6 structures were selected
 done.


 ==========================================================
 Static MTDs (umbrella sampling) on 6 selected conformer(s)
 ==========================================================
> Using 6 constant RMSD bias potentials per MTD
  :::::::::: starting static MTD   1 ::::::::::
  |   MD simulation time   :     3.5 ps       |
  |   target T             :   400.0 K        |
  |   timestep dt          :     1.5 fs       |
  |   dump interval(trj)   :   100.0 fs       |
  |   SHAKE algorithm      : true (all bonds) |
  |   Vbias prefactor (k)  :  0.0004 Eh       |
  |   Vbias exponent (α)   :  1.0000 bohr⁻²   |
  :::::::::: starting static MTD   2 ::::::::::
  |   MD simulation time   :     3.5 ps       |
  |   target T             :   400.0 K        |
  |   timestep dt          :     1.5 fs       |
  |   dump interval(trj)   :   100.0 fs       |
  |   SHAKE algorithm      : true (all bonds) |
  |   Vbias prefactor (k)  :  0.0004 Eh       |
  |   Vbias exponent (α)   :  1.0000 bohr⁻²   |
  :::::::::: starting static MTD   3 ::::::::::
  |   MD simulation time   :     3.5 ps       |
  |   target T             :   400.0 K        |
  |   timestep dt          :     1.5 fs       |
  |   dump interval(trj)   :   100.0 fs       |
  |   SHAKE algorithm      : true (all bonds) |
  |   Vbias prefactor (k)  :  0.0004 Eh       |
  |   Vbias exponent (α)   :  1.0000 bohr⁻²   |
  :::::::::: starting static MTD   4 ::::::::::
  |   MD simulation time   :     3.5 ps       |
  |   target T             :   400.0 K        |
  |   timestep dt          :     1.5 fs       |
  |   dump interval(trj)   :   100.0 fs       |
  |   SHAKE algorithm      : true (all bonds) |
  |   Vbias prefactor (k)  :  0.0004 Eh       |
  |   Vbias exponent (α)   :  1.0000 bohr⁻²   |
  :::::::::: starting static MTD   6 ::::::::::
  |   MD simulation time   :     3.5 ps       |
  |   target T             :   400.0 K        |
  |   timestep dt          :     1.5 fs       |
  |   dump interval(trj)   :   100.0 fs       |
  |   SHAKE algorithm      : true (all bonds) |
  |   Vbias prefactor (k)  :  0.0004 Eh       |
  |   Vbias exponent (α)   :  1.0000 bohr⁻²   |
  :::::::::: starting static MTD   5 ::::::::::
  |   MD simulation time   :     3.5 ps       |
  |   target T             :   400.0 K        |
  |   timestep dt          :     1.5 fs       |
  |   dump interval(trj)   :   100.0 fs       |
  |   SHAKE algorithm      : true (all bonds) |
  |   Vbias prefactor (k)  :  0.0004 Eh       |
  |   Vbias exponent (α)   :  1.0000 bohr⁻²   |
*sMTD   4 completed successfully ...        0 min,  0.207 sec
*sMTD   3 completed successfully ...        0 min,  0.208 sec
*sMTD   1 completed successfully ...        0 min,  0.213 sec
*sMTD   2 completed successfully ...        0 min,  0.214 sec
*sMTD   5 completed successfully ...        0 min,  0.215 sec
*sMTD   6 completed successfully ...        0 min,  0.216 sec
 
 ======================================
 |  Multilevel Ensemble Optimization  |
 ======================================
 Optimizing all 204 structures from file "crest_rotamers_0.xyz" ...
 ----------------------
 crude pre-optimization
 ----------------------
 Optimization engine: ANCOPT
 Hessian update type: BFGS
 E/G convergence criteria:  0.500E-03 Eh, 0.100E-01 Eh/a0
 maximum optimization steps: 200
 |>0.5% |>10.3% |>20.1% |>30.4% |>40.2% |>50.0% |>60.3% |>70.1% |>80.4% |>90.2% |>100.0%
 done.
> 204 of 204 structures successfully optimized (100.0% success)
> Total runtime for 204 optimizations:
 * wall-time:     0 d,  0 h,  0 min,  0.053 sec
 *  cpu-time:     0 d,  0 h,  0 min,  0.840 sec
 * ratio c/w:    15.956 speedup
> Corresponding to approximately 0.000 sec per processed structure
 
CREGEN> running RMSDs ... done.
CREGEN> E lowest :    -1.83937
 108 structures remain within    12.00 kcal/mol window
 ---------------------------------------
 optimization with very tight thresholds
 ---------------------------------------
 Optimization engine: ANCOPT
 Hessian update type: BFGS
 E/G convergence criteria:  0.100E-06 Eh, 0.200E-03 Eh/a0
 maximum optimization steps: 200
 |>0.9% |>10.2% |>20.4% |>30.6% |>40.7% |>50.0% |>60.2% |>70.4% |>80.6% |>90.7% |>100.0%
 done.
> 108 of 108 structures successfully optimized (100.0% success)
> Total runtime for 108 optimizations:
 * wall-time:     0 d,  0 h,  0 min,  0.092 sec
 *  cpu-time:     0 d,  0 h,  0 min,  1.470 sec
 * ratio c/w:    15.978 speedup
> Corresponding to approximately 0.001 sec per processed structure
 
CREGEN> running RMSDs ... done.
CREGEN> E lowest :    -1.83942
 15 structures remain within     6.00 kcal/mol window
CREGEN> running RMSDs ... done.
CREGEN> E lowest :    -1.83942
 
 Static MTD simulation iteration 1 finished
 A total of 6 conformers (+ 0.00%) in crest_conformers.xyz
 S(approx.) =    2.978821 cal/molK (dS = 0.00%)
 Convergence w.r.t. conformers:  T
 Convergence w.r.t. entropy   :  T
 
     H(298.15K)-H(0) (conf)      0.350228
                   Cp(conf)      0.543562
                    S(conf)      4.159006


 --------------------------
 Final Ensemble Information
 --------------------------
 input  file name : crest_rotamers_2.xyz
 output file name : crest_rotamers_3.xyz
 number of atoms                :   13
 number of points on xyz files  :   60
 RMSD threshold                 :   0.1250
 Bconst threshold               :   0.0100
 population threshold           :   0.0500
 # fragment in coord            :     1
 # bonds in reference structure :    12
 number of reliable points      :    60
 sorting energy window (EWIN)   :    6.0000 / kcal*mol⁻¹
 reference state Etot           :  -1.83941872000000
 number of doubles removed by rot/RMSD         :          15
 total number unique points considered further :          45
       Erel/kcal        Etot weight/tot  conformer     set   degen     origin
       1   0.000    -1.83942    0.04089    0.24529       1       6
       2   0.100    -1.83926    0.03454    0.37335       2      11
       3   0.527    -1.83858    0.01681    0.20161       3      12
       4   0.576    -1.83850    0.01549    0.06120       4       4
       5   0.785    -1.83817    0.01089    0.11834       5      11
       6   3.105    -1.83447    0.00022    0.00022       6       1
T /K                                  :   298.15
E lowest                              :    -1.83942
ensemble average energy (kcal)        :    0.278
ensemble entropy (J/mol K, cal/mol K) :   30.473    7.283
ensemble free energy (kcal/mol)       :   -2.172
population of lowest in %             :   24.529
 number of unique conformers for further calc            6
 list of relative energies saved as "crest.energies"
 compare nuclear equivalencies ...
::::::::::: conformer group all :::::::::::
 chemical equivalencies (mag.active nuclei):
reference atom   3 # : 3
reference atom   7 # : 2
reference atom  10 # : 2
reference atom  12 # : 2
 magnetic equivalencies:
reference atom   3 # : 3
 
******************************************************************************************
**                           ENSEMBLE ENTROPY CALCULATION                               **
******************************************************************************************
======================================================
 Containing 6 conformers :
     H(298.15K)-H(0) (conf)      0.350227
                   Cp(conf)      0.543583
                    S(conf)      4.158997
======================================================
 Containing 6 conformers :
     H(298.15K)-H(0) (conf)      0.350228
                   Cp(conf)      0.543562
                    S(conf)      4.159006
======================================================

 --------------------------------------
 FINAL CALCULATION OF MOLECULAR ENTROPY
 --------------------------------------
 
WARNING: Not enough blocks for extrapolation.
         Taking full ensemble entropy instead.

FINAL ENTROPY (max conf.)  :      4.15901
 
 ----------------------------------
 Frequency Calculation and Averages
 ----------------------------------
 Nconf on file      : 6
 Taken for Hessians : 5 (= 99.87% total population)
 T range  /K    :   278.15   378.15
 scaling factor :          1.000000     
 rotor cutoff   :         25.000000 cm⁻¹
 imag. cutoff   :        -50.000000 cm⁻¹
 
 Running 5 calculations ...
 |>20.0% |>40.0% |>60.0% |>80.0% |>100.0%
 done.
 calculating averages for G and S ...    done.
 calculating Boltzmann weights ...       done.
 calculating reference S (bhess) ... > bhess not implemented for calculator routines
    done.
 calculating δSrrho ...                  done.
 
 Coordinates for the bhess reference structure (Ångström):
 -----------------------------------------------------------
  13
 
 C         -1.9148065561       -0.1428970323        0.0140778184
 C         -0.5368333205        0.5171445653       -0.0426558767
 H         -2.7243057787        0.6071613014       -0.0316409018
 H         -2.0441097430       -0.7201227675        0.9484914745
 H         -2.0582727011       -0.8425683671       -0.8301838212
 C          0.6204845815       -0.4902124173        0.0208948246
 H         -0.4445524717        1.1130422821       -0.9700472090
 H         -0.4333677268        1.2352519420        0.7936264639
 C          1.9731140375        0.1357226459       -0.0063683789
 H          0.5009709840       -1.1025451836        0.9467053494
 H          0.5243013550       -1.2204368626       -0.8082562826
 H          2.8590087243       -0.4487609151       -0.2781415485
 H          2.1287309380        1.1435428498        0.3968870798
 -----------------------------------------------------------
 as read from <coord>
 Heavy-atom RMSD between lowest conformer and this reference :
 RMSD(heavy) =        0.013543 Å
 
 msRRHO(bhess) reference entropies:
      278.15         69.133257
      288.15         69.871014
      298.15         70.606122
      308.15         71.338852
      318.15         72.069400
      328.15         72.797901
      338.15         73.524435
      348.15         74.249041
      358.15         74.971717
      368.15         75.692438
      378.15         76.411150

       T/K  |S(T)|/cal/molK       |G(T)|/Eh     G_lowest/Eh    (conf)
   -----------------------------------------------------------------
    278.15    0.754504E+02    0.886508E-01       -1.751340         2
    288.15    0.762392E+02    0.874660E-01       -1.752553         2
    298.15    0.770213E+02    0.862689E-01       -1.753778         2
    308.15    0.777974E+02    0.850595E-01       -1.755016         2
    318.15    0.785681E+02    0.838378E-01       -1.756266         2
    328.15    0.793338E+02    0.826041E-01       -1.757529         2
    338.15    0.800948E+02    0.813583E-01       -1.758804         2
    348.15    0.808514E+02    0.801005E-01       -1.760090         2
    358.15    0.816038E+02    0.788309E-01       -1.761389         2
    368.15    0.823522E+02    0.775494E-01       -1.762700         2
    378.15    0.830967E+02    0.762561E-01       -1.764022         2
   -----------------------------------------------------------------
   NOTE: if |G(T)| is the averaged contributrion to the free energy.
   |G(T)| used only for the higher-energetic structures (n > 5).
   All other structures use G(T) from the respective Hessian calculations.
 
 Quantities calculated on free energies:
       T/K          δSrrho           Cp(T)     [H(T)-H(0)]
   -------------------------------------------------------
    278.15    0.631719E+01    0.103564E+01        0.315478
    288.15    0.636815E+01    0.100626E+01        0.325808
    298.15    0.641514E+01    0.979210E+00        0.335843
    308.15    0.645854E+01    0.954285E+00        0.345605
    318.15    0.649868E+01    0.931291E+00        0.355117
    328.15    0.653586E+01    0.910050E+00        0.364397
    338.15    0.657033E+01    0.890397E+00        0.373463
    348.15    0.660234E+01    0.872182E+00        0.382331
    358.15    0.663208E+01    0.855268E+00        0.391013
    368.15    0.665975E+01    0.839532E+00        0.399523
    378.15    0.668552E+01    0.824862E+00        0.407872
   -------------------------------------------------------
   NOTE: δSrrho(T) = |S(T)| - Sref(T)
 
 ----------------------
 TEMPERATURE DEPENDENCE
 ----------------------
 
 Final CONFORMATIONAL quantities at given T:
       T/K        S(total)           Cp(T)     [H(T)-H(0)]        G(total)
   -----------------------------------------------------------------------
    278.15       10.436726        1.035642        0.315478       -2.587497
    288.15       10.508138        1.006261        0.325808       -2.702112
    298.15       10.574151        0.979210        0.335843       -2.816840
    308.15       10.635314        0.954285        0.345605       -2.931667
    318.15       10.692110        0.931291        0.355117       -3.046578
    328.15       10.744958        0.910050        0.364397       -3.161561
    338.15       10.794230        0.890397        0.373463       -3.276605
    348.15       10.840249        0.872182        0.382331       -3.391702
    358.15       10.883303        0.855268        0.391013       -3.506842
    368.15       10.923645        0.839532        0.399523       -3.622017
    378.15       10.961502        0.824862        0.407872       -3.737220
   -----------------------------------------------------------------------
   S and Cp in cal/mol*K; H and G in kcal/mol
   G(total) is the ensemble free energy (H-T*S) and S(total) = S(conf,extrapol.) + δSrrho
 
 ----------------------------------------------------
 |      FINAL MOLECULAR ENTROPY AT T= 298.15 K      |
 ----------------------------------------------------
     Sconf   =          4.159006
   + δSrrho  =          6.415145
 -----------------------------------------------------
 = S(total)  =         10.574151  (cal mol⁻¹ K⁻¹)
 
   H(T)-H(0) =          0.335843
   G         =         -3.152683   (-T*S)
 -----------------------------------------------------
 = G(total)  =         -2.816840  (H-T*S) (kcal mol⁻¹)
 
   Cp(total) =          0.979210  (cal mol⁻¹ K⁻¹)
 
 
 -----------------
 Wall Time Summary
 -----------------
 CREST runtime (total)               0 d,  0 h,  0 min,  2.258 sec
 ------------------------------------------------------------------
 Trial metadynamics (MTD)   ...        0 min,  0.021 sec (  0.924%)
 Metadynamics (MTD)         ...        0 min,  0.465 sec ( 20.612%)
 Geometry optimization      ...        0 min,  1.461 sec ( 64.682%)
 Static metadynamics (sMTD) ...        0 min,  0.229 sec ( 10.130%)
 Conf. entropy evaluation   ...        0 min,  0.020 sec (  0.904%)
 I/O and setup              ...        0 min,  0.062 sec (  2.750%)
 ------------------------------------------------------------------
 * wall-time:     0 d,  0 h,  0 min,  2.258 sec
 *  cpu-time:     0 d,  0 h,  0 min, 22.271 sec
 * ratio c/w:     9.863 speedup
 ------------------------------------------------------------------
 * Total number of energy+grad calls: 165462
 
 CREST terminated normally.
